main.c:203:6:main	40	static
main.c:609:6:SystemClock_Config	88	static
main.c:658:6:MX_ADC1_Init	24	static
main.c:688:6:MX_SPI1_Init	8	static
main.c:708:6:MX_SPI2_Init	8	static
main.c:728:6:MX_TIM2_Init	48	static
main.c:766:6:MX_TIM4_Init	64	static
main.c:812:6:MX_TIM9_Init	24	static
main.c:830:6:MX_USART1_UART_Init	8	static
main.c:854:6:MX_GPIO_Init	40	static
main.c:878:6:HAL_TIM_PeriodElapsedCallback	48	static
main.c:1057:13:initializeAllSensors	8	static
main.c:1093:6:enableAllSensors	8	static
main.c:1108:6:BlueNRG_Init	88	static
main.c:1313:13:Init_BlueNRG_Custom_Services	16	static
main.c:1344:13:SendMotionData	48	static
main.c:1376:13:SendBattEnvData	32	static
main.c:1394:13:SendArmingData	8	static
