hci.c:52:6:hci_timeout_callback	4	static
hci.c:58:6:HCI_Init	16	static
hci.c:82:5:HCI_verify	24	static
hci.c:200:6:HCI_Process	16	static
hci.c:222:6:HCI_Queue_Empty	8	static
hci.c:227:6:HCI_Isr	16	static
hci.c:263:6:hci_write	24	static
hci.c:276:6:hci_send_cmd	32	static
hci.c:290:13:move_list	24	static
hci.c:301:13:free_event_list	16	static
hci.c:318:5:hci_send_req	72	static
hci.c:480:5:hci_reset	40	static
hci.c:497:5:hci_disconnect	48	static
hci.c:521:5:hci_le_read_local_version	64	static
hci.c:554:5:hci_le_read_buffer_size	48	static
hci.c:582:5:hci_le_set_advertising_parameters	72	static
hci.c:615:5:hci_le_set_advertising_data	80	static
hci.c:639:5:hci_le_set_advertise_enable	48	static
hci.c:662:5:hci_le_set_scan_parameters	64	static
hci.c:691:5:hci_le_set_scan_enable	48	static
hci.c:715:5:hci_le_rand	56	static
hci.c:742:5:hci_le_set_scan_resp_data	80	static
hci.c:766:5:hci_le_read_advertising_channel_tx_power	48	static
hci.c:793:5:hci_le_set_random_address	56	static
hci.c:816:5:hci_read_bd_addr	48	static
hci.c:842:5:hci_le_create_connection	80	static
hci.c:879:5:hci_le_create_connection_cancel	40	static
hci.c:896:5:hci_le_encrypt	104	static
hci.c:928:5:hci_le_ltk_request_reply	64	static
hci.c:953:5:hci_le_ltk_request_neg_reply	40	static
hci.c:977:5:hci_le_read_white_list_size	48	static
hci.c:1003:5:hci_le_clear_white_list	40	static
hci.c:1021:5:hci_le_add_device_to_white_list	56	static
hci.c:1045:5:hci_le_remove_device_from_white_list	56	static
hci.c:1069:5:hci_read_transmit_power_level	56	static
hci.c:1102:5:hci_read_rssi	48	static
hci.c:1134:5:hci_le_read_local_supported_features	56	static
hci.c:1160:5:hci_le_read_channel_map	56	static
hci.c:1191:5:hci_le_read_supported_states	56	static
hci.c:1217:5:hci_le_receiver_test	48	static
hci.c:1240:5:hci_le_transmitter_test	48	static
hci.c:1265:5:hci_le_test_end	48	static
