steval_fcu001_v1.c:128:10:BSP_GetVersion	4	static
steval_fcu001_v1.c:141:6:BSP_LED_Init	48	static
steval_fcu001_v1.c:170:6:BSP_LED_DeInit	16	static
steval_fcu001_v1.c:185:6:BSP_LED_On	16	static
steval_fcu001_v1.c:200:6:BSP_LED_Off	16	static
steval_fcu001_v1.c:215:6:BSP_LED_Toggle	16	static
steval_fcu001_v1.c:227:18:Sensor_IO_SPI_Init	40	static
steval_fcu001_v1.c:267:9:Sensor_IO_SPI_CS_Init_All	40	static
steval_fcu001_v1.c:299:9:Sensor_IO_SPI_CS_Init	56	static
steval_fcu001_v1.c:346:9:Sensor_IO_Write	24	static
steval_fcu001_v1.c:362:9:Sensor_IO_Read	32	static
steval_fcu001_v1.c:403:9:Sensor_IO_SPI_Write	32	static
steval_fcu001_v1.c:431:9:Sensor_IO_SPI_Read	24	static
steval_fcu001_v1.c:464:9:Sensor_IO_SPI_CS_Enable	24	static
steval_fcu001_v1.c:483:9:Sensor_IO_SPI_CS_Disable	24	static
steval_fcu001_v1.c:508:18:LSM6DSL_Sensor_IO_ITConfig	4	static
steval_fcu001_v1.c:523:6:SPI_Read	16	static
steval_fcu001_v1.c:588:6:SPI_Read_nBytes	24	static
steval_fcu001_v1.c:629:6:SPI_Write	16	static
steval_fcu001_v1.c:648:18:Sensor_IO_Init	4	static
