steval_fcu001_v1_gyro.c:85:18:BSP_GYRO_Init	16	static
steval_fcu001_v1_gyro.c:116:25:BSP_LSM6DSL_GYRO_Init	24	static
steval_fcu001_v1_gyro.c:195:18:BSP_GYRO_DeInit	24	static
steval_fcu001_v1_gyro.c:233:18:BSP_GYRO_Sensor_Enable	24	static
steval_fcu001_v1_gyro.c:267:18:BSP_GYRO_Sensor_Disable	24	static
steval_fcu001_v1_gyro.c:301:18:BSP_GYRO_IsInitialized	24	static
steval_fcu001_v1_gyro.c:328:18:BSP_GYRO_IsEnabled	24	static
steval_fcu001_v1_gyro.c:355:18:BSP_GYRO_IsCombo	24	static
steval_fcu001_v1_gyro.c:382:18:BSP_GYRO_Get_Instance	24	static
steval_fcu001_v1_gyro.c:410:18:BSP_GYRO_Get_WhoAmI	24	static
steval_fcu001_v1_gyro.c:447:18:BSP_GYRO_Check_WhoAmI	24	static
steval_fcu001_v1_gyro.c:481:18:BSP_GYRO_Get_Axes	24	static
steval_fcu001_v1_gyro.c:519:18:BSP_GYRO_Get_AxesRaw	24	static
steval_fcu001_v1_gyro.c:558:18:BSP_GYRO_Get_Sensitivity	24	static
steval_fcu001_v1_gyro.c:596:18:BSP_GYRO_Get_ODR	24	static
steval_fcu001_v1_gyro.c:634:18:BSP_GYRO_Set_ODR	24	static
steval_fcu001_v1_gyro.c:668:18:BSP_GYRO_Set_ODR_Value	24	static
steval_fcu001_v1_gyro.c:702:18:BSP_GYRO_Get_FS	24	static
steval_fcu001_v1_gyro.c:740:18:BSP_GYRO_Set_FS	24	static
steval_fcu001_v1_gyro.c:774:18:BSP_GYRO_Set_FS_Value	24	static
steval_fcu001_v1_gyro.c:808:18:BSP_GYRO_Get_Axes_Status	24	static
steval_fcu001_v1_gyro.c:846:18:BSP_GYRO_Set_Axes_Status	24	static
steval_fcu001_v1_gyro.c:884:18:BSP_GYRO_Read_Reg	32	static
steval_fcu001_v1_gyro.c:924:18:BSP_GYRO_Write_Reg	24	static
steval_fcu001_v1_gyro.c:958:18:BSP_GYRO_Get_DRDY_Status	24	static
steval_fcu001_v1_gyro.c:992:18:BSP_GYRO_FIFO_Set_ODR_Value_Ext	24	static
steval_fcu001_v1_gyro.c:1038:18:BSP_GYRO_FIFO_Get_Full_Status_Ext	24	static
steval_fcu001_v1_gyro.c:1089:18:BSP_GYRO_FIFO_Get_Empty_Status_Ext	24	static
steval_fcu001_v1_gyro.c:1140:18:BSP_GYRO_FIFO_Get_Overrun_Status_Ext	24	static
steval_fcu001_v1_gyro.c:1191:18:BSP_GYRO_FIFO_Get_Pattern_Ext	24	static
steval_fcu001_v1_gyro.c:1242:18:BSP_GYRO_FIFO_Get_Data_Ext	24	static
steval_fcu001_v1_gyro.c:1293:18:BSP_GYRO_FIFO_Get_Num_Of_Samples_Ext	24	static
steval_fcu001_v1_gyro.c:1344:18:BSP_GYRO_FIFO_Set_Decimation_Ext	24	static
steval_fcu001_v1_gyro.c:1390:18:BSP_GYRO_FIFO_Get_Axis_Ext	24	static
steval_fcu001_v1_gyro.c:1441:18:BSP_GYRO_FIFO_Set_Mode_Ext	24	static
steval_fcu001_v1_gyro.c:1487:18:BSP_GYRO_FIFO_Set_INT1_FIFO_Full_Ext	24	static
steval_fcu001_v1_gyro.c:1533:18:BSP_GYRO_FIFO_Set_Watermark_Level_Ext	24	static
steval_fcu001_v1_gyro.c:1579:18:BSP_GYRO_FIFO_Set_Stop_On_Fth_Ext	24	static
steval_fcu001_v1_gyro.c:1625:18:BSP_GYRO_Set_Interrupt_Latch_Ext	24	static
steval_fcu001_v1_gyro.c:1671:18:BSP_GYRO_Set_SelfTest_Ext	24	static
