steval_fcu001_v1_accelero.c:91:18:BSP_ACCELERO_Init	16	static
steval_fcu001_v1_accelero.c:133:25:BSP_LSM6DSL_ACCELERO_Init	24	static
steval_fcu001_v1_accelero.c:208:25:BSP_LSM303AGR_ACCELERO_Init	24	static
steval_fcu001_v1_accelero.c:265:18:BSP_ACCELERO_DeInit	24	static
steval_fcu001_v1_accelero.c:302:18:BSP_ACCELERO_Sensor_Enable	24	static
steval_fcu001_v1_accelero.c:336:18:BSP_ACCELERO_Sensor_Disable	24	static
steval_fcu001_v1_accelero.c:370:18:BSP_ACCELERO_IsInitialized	24	static
steval_fcu001_v1_accelero.c:397:18:BSP_ACCELERO_IsEnabled	24	static
steval_fcu001_v1_accelero.c:424:18:BSP_ACCELERO_IsCombo	24	static
steval_fcu001_v1_accelero.c:451:18:BSP_ACCELERO_Get_Instance	24	static
steval_fcu001_v1_accelero.c:479:18:BSP_ACCELERO_Get_WhoAmI	24	static
steval_fcu001_v1_accelero.c:513:18:BSP_ACCELERO_Check_WhoAmI	24	static
steval_fcu001_v1_accelero.c:548:18:BSP_ACCELERO_Get_Axes	24	static
steval_fcu001_v1_accelero.c:588:18:BSP_ACCELERO_Get_AxesRaw	24	static
steval_fcu001_v1_accelero.c:626:18:BSP_ACCELERO_Get_Sensitivity	24	static
steval_fcu001_v1_accelero.c:666:18:BSP_ACCELERO_Get_ODR	24	static
steval_fcu001_v1_accelero.c:706:18:BSP_ACCELERO_Set_ODR	24	static
steval_fcu001_v1_accelero.c:740:18:BSP_ACCELERO_Set_ODR_Value	24	static
steval_fcu001_v1_accelero.c:774:18:BSP_ACCELERO_Get_FS	24	static
steval_fcu001_v1_accelero.c:814:18:BSP_ACCELERO_Set_FS	24	static
steval_fcu001_v1_accelero.c:848:18:BSP_ACCELERO_Set_FS_Value	24	static
steval_fcu001_v1_accelero.c:882:18:BSP_ACCELERO_Get_Axes_Status	24	static
steval_fcu001_v1_accelero.c:922:18:BSP_ACCELERO_Set_Axes_Status	24	static
steval_fcu001_v1_accelero.c:962:18:BSP_ACCELERO_Read_Reg	32	static
steval_fcu001_v1_accelero.c:1003:18:BSP_ACCELERO_Write_Reg	24	static
steval_fcu001_v1_accelero.c:1038:18:BSP_ACCELERO_Get_DRDY_Status	24	static
steval_fcu001_v1_accelero.c:1073:18:BSP_ACCELERO_Enable_Free_Fall_Detection_Ext	24	static
steval_fcu001_v1_accelero.c:1118:18:BSP_ACCELERO_Disable_Free_Fall_Detection_Ext	24	static
steval_fcu001_v1_accelero.c:1164:18:BSP_ACCELERO_Get_Free_Fall_Detection_Status_Ext	24	static
steval_fcu001_v1_accelero.c:1215:18:BSP_ACCELERO_Set_Free_Fall_Threshold_Ext	24	static
steval_fcu001_v1_accelero.c:1261:18:BSP_ACCELERO_Enable_Pedometer_Ext	24	static
steval_fcu001_v1_accelero.c:1306:18:BSP_ACCELERO_Disable_Pedometer_Ext	24	static
steval_fcu001_v1_accelero.c:1352:18:BSP_ACCELERO_Get_Pedometer_Status_Ext	24	static
steval_fcu001_v1_accelero.c:1403:18:BSP_ACCELERO_Get_Step_Count_Ext	24	static
steval_fcu001_v1_accelero.c:1453:18:BSP_ACCELERO_Reset_Step_Counter_Ext	24	static
steval_fcu001_v1_accelero.c:1511:18:BSP_ACCELERO_Set_Pedometer_Threshold_Ext	24	static
steval_fcu001_v1_accelero.c:1557:18:BSP_ACCELERO_Enable_Tilt_Detection_Ext	24	static
steval_fcu001_v1_accelero.c:1602:18:BSP_ACCELERO_Disable_Tilt_Detection_Ext	24	static
steval_fcu001_v1_accelero.c:1648:18:BSP_ACCELERO_Get_Tilt_Detection_Status_Ext	24	static
steval_fcu001_v1_accelero.c:1699:18:BSP_ACCELERO_Enable_Wake_Up_Detection_Ext	24	static
steval_fcu001_v1_accelero.c:1744:18:BSP_ACCELERO_Disable_Wake_Up_Detection_Ext	24	static
steval_fcu001_v1_accelero.c:1790:18:BSP_ACCELERO_Get_Wake_Up_Detection_Status_Ext	24	static
steval_fcu001_v1_accelero.c:1841:18:BSP_ACCELERO_Set_Wake_Up_Threshold_Ext	24	static
steval_fcu001_v1_accelero.c:1887:18:BSP_ACCELERO_Enable_Single_Tap_Detection_Ext	24	static
steval_fcu001_v1_accelero.c:1932:18:BSP_ACCELERO_Disable_Single_Tap_Detection_Ext	24	static
steval_fcu001_v1_accelero.c:1978:18:BSP_ACCELERO_Get_Single_Tap_Detection_Status_Ext	24	static
steval_fcu001_v1_accelero.c:2029:18:BSP_ACCELERO_Enable_Double_Tap_Detection_Ext	24	static
steval_fcu001_v1_accelero.c:2074:18:BSP_ACCELERO_Disable_Double_Tap_Detection_Ext	24	static
steval_fcu001_v1_accelero.c:2120:18:BSP_ACCELERO_Get_Double_Tap_Detection_Status_Ext	24	static
steval_fcu001_v1_accelero.c:2171:18:BSP_ACCELERO_Set_Tap_Threshold_Ext	24	static
steval_fcu001_v1_accelero.c:2217:18:BSP_ACCELERO_Set_Tap_Shock_Time_Ext	24	static
steval_fcu001_v1_accelero.c:2263:18:BSP_ACCELERO_Set_Tap_Quiet_Time_Ext	24	static
steval_fcu001_v1_accelero.c:2309:18:BSP_ACCELERO_Set_Tap_Duration_Time_Ext	24	static
steval_fcu001_v1_accelero.c:2355:18:BSP_ACCELERO_Enable_6D_Orientation_Ext	24	static
steval_fcu001_v1_accelero.c:2400:18:BSP_ACCELERO_Disable_6D_Orientation_Ext	24	static
steval_fcu001_v1_accelero.c:2446:18:BSP_ACCELERO_Get_6D_Orientation_Status_Ext	24	static
steval_fcu001_v1_accelero.c:2497:18:BSP_ACCELERO_Get_6D_Orientation_XL_Ext	24	static
steval_fcu001_v1_accelero.c:2548:18:BSP_ACCELERO_Get_6D_Orientation_XH_Ext	24	static
steval_fcu001_v1_accelero.c:2599:18:BSP_ACCELERO_Get_6D_Orientation_YL_Ext	24	static
steval_fcu001_v1_accelero.c:2650:18:BSP_ACCELERO_Get_6D_Orientation_YH_Ext	24	static
steval_fcu001_v1_accelero.c:2701:18:BSP_ACCELERO_Get_6D_Orientation_ZL_Ext	24	static
steval_fcu001_v1_accelero.c:2752:18:BSP_ACCELERO_Get_6D_Orientation_ZH_Ext	24	static
steval_fcu001_v1_accelero.c:2802:18:BSP_ACCELERO_FIFO_Set_ODR_Value_Ext	24	static
steval_fcu001_v1_accelero.c:2848:18:BSP_ACCELERO_FIFO_Get_Full_Status_Ext	24	static
steval_fcu001_v1_accelero.c:2899:18:BSP_ACCELERO_FIFO_Get_Empty_Status_Ext	24	static
steval_fcu001_v1_accelero.c:2950:18:BSP_ACCELERO_FIFO_Get_Overrun_Status_Ext	24	static
steval_fcu001_v1_accelero.c:3000:18:BSP_ACCELERO_FIFO_Get_Pattern_Ext	24	static
steval_fcu001_v1_accelero.c:3051:18:BSP_ACCELERO_FIFO_Get_Data_Ext	24	static
steval_fcu001_v1_accelero.c:3102:18:BSP_ACCELERO_FIFO_Get_Num_Of_Samples_Ext	24	static
steval_fcu001_v1_accelero.c:3151:18:BSP_ACCELERO_FIFO_Set_Decimation_Ext	24	static
steval_fcu001_v1_accelero.c:3197:18:BSP_ACCELERO_FIFO_Get_Axis_Ext	24	static
steval_fcu001_v1_accelero.c:3248:18:BSP_ACCELERO_FIFO_Set_Mode_Ext	24	static
steval_fcu001_v1_accelero.c:3293:18:BSP_ACCELERO_FIFO_Set_INT1_FIFO_Full_Ext	24	static
steval_fcu001_v1_accelero.c:3339:18:BSP_ACCELERO_FIFO_Set_Watermark_Level_Ext	24	static
steval_fcu001_v1_accelero.c:3385:18:BSP_ACCELERO_FIFO_Set_Stop_On_Fth_Ext	24	static
steval_fcu001_v1_accelero.c:3431:18:BSP_ACCELERO_Set_Interrupt_Latch_Ext	24	static
steval_fcu001_v1_accelero.c:3476:18:BSP_ACCELERO_Set_SelfTest_Ext	24	static
