steval_fcu001_v1_pressure.c:99:18:BSP_PRESSURE_Init	16	static
steval_fcu001_v1_pressure.c:129:25:BSP_LPS22HB_PRESSURE_Init	24	static
steval_fcu001_v1_pressure.c:221:18:BSP_PRESSURE_DeInit	24	static
steval_fcu001_v1_pressure.c:257:18:BSP_PRESSURE_Sensor_Enable	24	static
steval_fcu001_v1_pressure.c:290:18:BSP_PRESSURE_Sensor_Disable	24	static
steval_fcu001_v1_pressure.c:324:18:BSP_PRESSURE_IsInitialized	24	static
steval_fcu001_v1_pressure.c:351:18:BSP_PRESSURE_IsEnabled	24	static
steval_fcu001_v1_pressure.c:378:18:BSP_PRESSURE_IsCombo	24	static
steval_fcu001_v1_pressure.c:405:18:BSP_PRESSURE_Get_Instance	24	static
steval_fcu001_v1_pressure.c:432:18:BSP_PRESSURE_Get_WhoAmI	24	static
steval_fcu001_v1_pressure.c:468:18:BSP_PRESSURE_Check_WhoAmI	24	static
steval_fcu001_v1_pressure.c:501:18:BSP_PRESSURE_Get_Press	24	static
steval_fcu001_v1_pressure.c:538:18:BSP_PRESSURE_Get_ODR	24	static
steval_fcu001_v1_pressure.c:575:18:BSP_PRESSURE_Set_ODR	24	static
steval_fcu001_v1_pressure.c:608:18:BSP_PRESSURE_Set_ODR_Value	24	static
steval_fcu001_v1_pressure.c:642:18:BSP_PRESSURE_Read_Reg	32	static
steval_fcu001_v1_pressure.c:683:18:BSP_PRESSURE_Write_Reg	24	static
steval_fcu001_v1_pressure.c:718:18:BSP_PRESSURE_Get_DRDY_Status	24	static
steval_fcu001_v1_pressure.c:752:18:BSP_PRESSURE_FIFO_Get_Fth_Status_Ext	24	static
steval_fcu001_v1_pressure.c:802:18:BSP_PRESSURE_FIFO_Get_Full_Status_Ext	24	static
steval_fcu001_v1_pressure.c:853:18:BSP_PRESSURE_FIFO_Get_Ovr_Status_Ext	24	static
steval_fcu001_v1_pressure.c:905:18:BSP_PRESSURE_FIFO_Get_Data_Ext	32	static
steval_fcu001_v1_pressure.c:956:18:BSP_PRESSURE_FIFO_Get_Num_Of_Samples_Ext	24	static
steval_fcu001_v1_pressure.c:1007:18:BSP_PRESSURE_FIFO_Set_Mode_Ext	24	static
steval_fcu001_v1_pressure.c:1053:18:BSP_PRESSURE_FIFO_Set_Interrupt_Ext	24	static
steval_fcu001_v1_pressure.c:1099:18:BSP_PRESSURE_FIFO_Reset_Interrupt_Ext	24	static
steval_fcu001_v1_pressure.c:1145:18:BSP_PRESSURE_FIFO_Set_Watermark_Level_Ext	24	static
steval_fcu001_v1_pressure.c:1191:18:BSP_PRESSURE_FIFO_Stop_On_Fth_Ext	24	static
steval_fcu001_v1_pressure.c:1237:18:BSP_PRESSURE_FIFO_Usage_Ext	24	static
