###############################################################################
#
# IAR ELF Linker V8.22.2.15995/W32 for ARM                25/Oct/2018  16:22:31
# Copyright 2007-2018 IAR Systems AB.
#
#    Output file  =  
#        C:\Users\gmessina\Desktop\Drones\Development\ST_Drone_FCU_F401\STM32
#        FW Project\Official release with BLE Remocon -
#        170318\EWARM\ToyDrone_Configuration\Exe\ToyDrone Configuration.out
#    Map file     =  
#        C:\Users\gmessina\Desktop\Drones\Development\ST_Drone_FCU_F401\STM32
#        FW Project\Official release with BLE Remocon -
#        170318\EWARM\ToyDrone_Configuration\List\ToyDrone Configuration.map
#    Command line =  
#        -f C:\Users\gmessina\AppData\Local\Temp\EW7AD5.tmp
#        ("C:\Users\gmessina\Desktop\Drones\Development\ST_Drone_FCU_F401\STM32
#        FW Project\Official release with BLE Remocon -
#        170318\EWARM\ToyDrone_Configuration\Obj\ahrs.o"
#        "C:\Users\gmessina\Desktop\Drones\Development\ST_Drone_FCU_F401\STM32
#        FW Project\Official release with BLE Remocon -
#        170318\EWARM\ToyDrone_Configuration\Obj\basic_math.o"
#        "C:\Users\gmessina\Desktop\Drones\Development\ST_Drone_FCU_F401\STM32
#        FW Project\Official release with BLE Remocon -
#        170318\EWARM\ToyDrone_Configuration\Obj\ble_list.o"
#        "C:\Users\gmessina\Desktop\Drones\Development\ST_Drone_FCU_F401\STM32
#        FW Project\Official release with BLE Remocon -
#        170318\EWARM\ToyDrone_Configuration\Obj\bluenrg_gap_aci.o"
#        "C:\Users\gmessina\Desktop\Drones\Development\ST_Drone_FCU_F401\STM32
#        FW Project\Official release with BLE Remocon -
#        170318\EWARM\ToyDrone_Configuration\Obj\bluenrg_gatt_aci.o"
#        "C:\Users\gmessina\Desktop\Drones\Development\ST_Drone_FCU_F401\STM32
#        FW Project\Official release with BLE Remocon -
#        170318\EWARM\ToyDrone_Configuration\Obj\bluenrg_hal_aci.o"
#        "C:\Users\gmessina\Desktop\Drones\Development\ST_Drone_FCU_F401\STM32
#        FW Project\Official release with BLE Remocon -
#        170318\EWARM\ToyDrone_Configuration\Obj\bluenrg_itf_template.o"
#        "C:\Users\gmessina\Desktop\Drones\Development\ST_Drone_FCU_F401\STM32
#        FW Project\Official release with BLE Remocon -
#        170318\EWARM\ToyDrone_Configuration\Obj\bluenrg_l2cap_aci.o"
#        "C:\Users\gmessina\Desktop\Drones\Development\ST_Drone_FCU_F401\STM32
#        FW Project\Official release with BLE Remocon -
#        170318\EWARM\ToyDrone_Configuration\Obj\bluenrg_utils.o"
#        "C:\Users\gmessina\Desktop\Drones\Development\ST_Drone_FCU_F401\STM32
#        FW Project\Official release with BLE Remocon -
#        170318\EWARM\ToyDrone_Configuration\Obj\console.o"
#        "C:\Users\gmessina\Desktop\Drones\Development\ST_Drone_FCU_F401\STM32
#        FW Project\Official release with BLE Remocon -
#        170318\EWARM\ToyDrone_Configuration\Obj\debug.o"
#        "C:\Users\gmessina\Desktop\Drones\Development\ST_Drone_FCU_F401\STM32
#        FW Project\Official release with BLE Remocon -
#        170318\EWARM\ToyDrone_Configuration\Obj\flight_control.o"
#        "C:\Users\gmessina\Desktop\Drones\Development\ST_Drone_FCU_F401\STM32
#        FW Project\Official release with BLE Remocon -
#        170318\EWARM\ToyDrone_Configuration\Obj\gp_timer.o"
#        "C:\Users\gmessina\Desktop\Drones\Development\ST_Drone_FCU_F401\STM32
#        FW Project\Official release with BLE Remocon -
#        170318\EWARM\ToyDrone_Configuration\Obj\hci.o"
#        "C:\Users\gmessina\Desktop\Drones\Development\ST_Drone_FCU_F401\STM32
#        FW Project\Official release with BLE Remocon -
#        170318\EWARM\ToyDrone_Configuration\Obj\LIS2MDL_MAG_driver.o"
#        "C:\Users\gmessina\Desktop\Drones\Development\ST_Drone_FCU_F401\STM32
#        FW Project\Official release with BLE Remocon -
#        170318\EWARM\ToyDrone_Configuration\Obj\LIS2MDL_MAG_driver_HL.o"
#        "C:\Users\gmessina\Desktop\Drones\Development\ST_Drone_FCU_F401\STM32
#        FW Project\Official release with BLE Remocon -
#        170318\EWARM\ToyDrone_Configuration\Obj\LIS3MDL_MAG_driver.o"
#        "C:\Users\gmessina\Desktop\Drones\Development\ST_Drone_FCU_F401\STM32
#        FW Project\Official release with BLE Remocon -
#        170318\EWARM\ToyDrone_Configuration\Obj\LIS3MDL_MAG_driver_HL.o"
#        "C:\Users\gmessina\Desktop\Drones\Development\ST_Drone_FCU_F401\STM32
#        FW Project\Official release with BLE Remocon -
#        170318\EWARM\ToyDrone_Configuration\Obj\LPS22HB_Driver.o"
#        "C:\Users\gmessina\Desktop\Drones\Development\ST_Drone_FCU_F401\STM32
#        FW Project\Official release with BLE Remocon -
#        170318\EWARM\ToyDrone_Configuration\Obj\LPS22HB_Driver_HL.o"
#        "C:\Users\gmessina\Desktop\Drones\Development\ST_Drone_FCU_F401\STM32
#        FW Project\Official release with BLE Remocon -
#        170318\EWARM\ToyDrone_Configuration\Obj\LSM303AGR_ACC_driver.o"
#        "C:\Users\gmessina\Desktop\Drones\Development\ST_Drone_FCU_F401\STM32
#        FW Project\Official release with BLE Remocon -
#        170318\EWARM\ToyDrone_Configuration\Obj\LSM303AGR_ACC_driver_HL.o"
#        "C:\Users\gmessina\Desktop\Drones\Development\ST_Drone_FCU_F401\STM32
#        FW Project\Official release with BLE Remocon -
#        170318\EWARM\ToyDrone_Configuration\Obj\LSM303AGR_MAG_driver.o"
#        "C:\Users\gmessina\Desktop\Drones\Development\ST_Drone_FCU_F401\STM32
#        FW Project\Official release with BLE Remocon -
#        170318\EWARM\ToyDrone_Configuration\Obj\LSM303AGR_MAG_driver_HL.o"
#        "C:\Users\gmessina\Desktop\Drones\Development\ST_Drone_FCU_F401\STM32
#        FW Project\Official release with BLE Remocon -
#        170318\EWARM\ToyDrone_Configuration\Obj\LSM6DSL_ACC_GYRO_driver.o"
#        "C:\Users\gmessina\Desktop\Drones\Development\ST_Drone_FCU_F401\STM32
#        FW Project\Official release with BLE Remocon -
#        170318\EWARM\ToyDrone_Configuration\Obj\LSM6DSL_ACC_GYRO_driver_HL.o"
#        "C:\Users\gmessina\Desktop\Drones\Development\ST_Drone_FCU_F401\STM32
#        FW Project\Official release with BLE Remocon -
#        170318\EWARM\ToyDrone_Configuration\Obj\main.o"
#        "C:\Users\gmessina\Desktop\Drones\Development\ST_Drone_FCU_F401\STM32
#        FW Project\Official release with BLE Remocon -
#        170318\EWARM\ToyDrone_Configuration\Obj\motor.o"
#        "C:\Users\gmessina\Desktop\Drones\Development\ST_Drone_FCU_F401\STM32
#        FW Project\Official release with BLE Remocon -
#        170318\EWARM\ToyDrone_Configuration\Obj\osal.o"
#        "C:\Users\gmessina\Desktop\Drones\Development\ST_Drone_FCU_F401\STM32
#        FW Project\Official release with BLE Remocon -
#        170318\EWARM\ToyDrone_Configuration\Obj\quaternion.o"
#        "C:\Users\gmessina\Desktop\Drones\Development\ST_Drone_FCU_F401\STM32
#        FW Project\Official release with BLE Remocon -
#        170318\EWARM\ToyDrone_Configuration\Obj\rc.o"
#        "C:\Users\gmessina\Desktop\Drones\Development\ST_Drone_FCU_F401\STM32
#        FW Project\Official release with BLE Remocon -
#        170318\EWARM\ToyDrone_Configuration\Obj\sensor_data.o"
#        "C:\Users\gmessina\Desktop\Drones\Development\ST_Drone_FCU_F401\STM32
#        FW Project\Official release with BLE Remocon -
#        170318\EWARM\ToyDrone_Configuration\Obj\sensor_service.o"
#        "C:\Users\gmessina\Desktop\Drones\Development\ST_Drone_FCU_F401\STM32
#        FW Project\Official release with BLE Remocon -
#        170318\EWARM\ToyDrone_Configuration\Obj\SPBTLE_RF.o"
#        "C:\Users\gmessina\Desktop\Drones\Development\ST_Drone_FCU_F401\STM32
#        FW Project\Official release with BLE Remocon -
#        170318\EWARM\ToyDrone_Configuration\Obj\startup_stm32f401xc.o"
#        "C:\Users\gmessina\Desktop\Drones\Development\ST_Drone_FCU_F401\STM32
#        FW Project\Official release with BLE Remocon -
#        170318\EWARM\ToyDrone_Configuration\Obj\steval_fcu001_v1.o"
#        "C:\Users\gmessina\Desktop\Drones\Development\ST_Drone_FCU_F401\STM32
#        FW Project\Official release with BLE Remocon -
#        170318\EWARM\ToyDrone_Configuration\Obj\steval_fcu001_v1_accelero.o"
#        "C:\Users\gmessina\Desktop\Drones\Development\ST_Drone_FCU_F401\STM32
#        FW Project\Official release with BLE Remocon -
#        170318\EWARM\ToyDrone_Configuration\Obj\steval_fcu001_v1_gyro.o"
#        "C:\Users\gmessina\Desktop\Drones\Development\ST_Drone_FCU_F401\STM32
#        FW Project\Official release with BLE Remocon -
#        170318\EWARM\ToyDrone_Configuration\Obj\steval_fcu001_v1_magneto.o"
#        "C:\Users\gmessina\Desktop\Drones\Development\ST_Drone_FCU_F401\STM32
#        FW Project\Official release with BLE Remocon -
#        170318\EWARM\ToyDrone_Configuration\Obj\steval_fcu001_v1_pressure.o"
#        "C:\Users\gmessina\Desktop\Drones\Development\ST_Drone_FCU_F401\STM32
#        FW Project\Official release with BLE Remocon -
#        170318\EWARM\ToyDrone_Configuration\Obj\steval_fcu001_v1_temperature.o"
#        "C:\Users\gmessina\Desktop\Drones\Development\ST_Drone_FCU_F401\STM32
#        FW Project\Official release with BLE Remocon -
#        170318\EWARM\ToyDrone_Configuration\Obj\stm32f4xx_hal.o"
#        "C:\Users\gmessina\Desktop\Drones\Development\ST_Drone_FCU_F401\STM32
#        FW Project\Official release with BLE Remocon -
#        170318\EWARM\ToyDrone_Configuration\Obj\stm32f4xx_hal_adc.o"
#        "C:\Users\gmessina\Desktop\Drones\Development\ST_Drone_FCU_F401\STM32
#        FW Project\Official release with BLE Remocon -
#        170318\EWARM\ToyDrone_Configuration\Obj\stm32f4xx_hal_adc_ex.o"
#        "C:\Users\gmessina\Desktop\Drones\Development\ST_Drone_FCU_F401\STM32
#        FW Project\Official release with BLE Remocon -
#        170318\EWARM\ToyDrone_Configuration\Obj\stm32f4xx_hal_cortex.o"
#        "C:\Users\gmessina\Desktop\Drones\Development\ST_Drone_FCU_F401\STM32
#        FW Project\Official release with BLE Remocon -
#        170318\EWARM\ToyDrone_Configuration\Obj\stm32f4xx_hal_dma.o"
#        "C:\Users\gmessina\Desktop\Drones\Development\ST_Drone_FCU_F401\STM32
#        FW Project\Official release with BLE Remocon -
#        170318\EWARM\ToyDrone_Configuration\Obj\stm32f4xx_hal_dma_ex.o"
#        "C:\Users\gmessina\Desktop\Drones\Development\ST_Drone_FCU_F401\STM32
#        FW Project\Official release with BLE Remocon -
#        170318\EWARM\ToyDrone_Configuration\Obj\stm32f4xx_hal_flash.o"
#        "C:\Users\gmessina\Desktop\Drones\Development\ST_Drone_FCU_F401\STM32
#        FW Project\Official release with BLE Remocon -
#        170318\EWARM\ToyDrone_Configuration\Obj\stm32f4xx_hal_flash_ex.o"
#        "C:\Users\gmessina\Desktop\Drones\Development\ST_Drone_FCU_F401\STM32
#        FW Project\Official release with BLE Remocon -
#        170318\EWARM\ToyDrone_Configuration\Obj\stm32f4xx_hal_flash_ramfunc.o"
#        "C:\Users\gmessina\Desktop\Drones\Development\ST_Drone_FCU_F401\STM32
#        FW Project\Official release with BLE Remocon -
#        170318\EWARM\ToyDrone_Configuration\Obj\stm32f4xx_hal_gpio.o"
#        "C:\Users\gmessina\Desktop\Drones\Development\ST_Drone_FCU_F401\STM32
#        FW Project\Official release with BLE Remocon -
#        170318\EWARM\ToyDrone_Configuration\Obj\stm32f4xx_hal_msp.o"
#        "C:\Users\gmessina\Desktop\Drones\Development\ST_Drone_FCU_F401\STM32
#        FW Project\Official release with BLE Remocon -
#        170318\EWARM\ToyDrone_Configuration\Obj\stm32f4xx_hal_pcd.o"
#        "C:\Users\gmessina\Desktop\Drones\Development\ST_Drone_FCU_F401\STM32
#        FW Project\Official release with BLE Remocon -
#        170318\EWARM\ToyDrone_Configuration\Obj\stm32f4xx_hal_pcd_ex.o"
#        "C:\Users\gmessina\Desktop\Drones\Development\ST_Drone_FCU_F401\STM32
#        FW Project\Official release with BLE Remocon -
#        170318\EWARM\ToyDrone_Configuration\Obj\stm32f4xx_hal_pwr.o"
#        "C:\Users\gmessina\Desktop\Drones\Development\ST_Drone_FCU_F401\STM32
#        FW Project\Official release with BLE Remocon -
#        170318\EWARM\ToyDrone_Configuration\Obj\stm32f4xx_hal_pwr_ex.o"
#        "C:\Users\gmessina\Desktop\Drones\Development\ST_Drone_FCU_F401\STM32
#        FW Project\Official release with BLE Remocon -
#        170318\EWARM\ToyDrone_Configuration\Obj\stm32f4xx_hal_rcc.o"
#        "C:\Users\gmessina\Desktop\Drones\Development\ST_Drone_FCU_F401\STM32
#        FW Project\Official release with BLE Remocon -
#        170318\EWARM\ToyDrone_Configuration\Obj\stm32f4xx_hal_rcc_ex.o"
#        "C:\Users\gmessina\Desktop\Drones\Development\ST_Drone_FCU_F401\STM32
#        FW Project\Official release with BLE Remocon -
#        170318\EWARM\ToyDrone_Configuration\Obj\stm32f4xx_hal_spi.o"
#        "C:\Users\gmessina\Desktop\Drones\Development\ST_Drone_FCU_F401\STM32
#        FW Project\Official release with BLE Remocon -
#        170318\EWARM\ToyDrone_Configuration\Obj\stm32f4xx_hal_tim.o"
#        "C:\Users\gmessina\Desktop\Drones\Development\ST_Drone_FCU_F401\STM32
#        FW Project\Official release with BLE Remocon -
#        170318\EWARM\ToyDrone_Configuration\Obj\stm32f4xx_hal_tim_ex.o"
#        "C:\Users\gmessina\Desktop\Drones\Development\ST_Drone_FCU_F401\STM32
#        FW Project\Official release with BLE Remocon -
#        170318\EWARM\ToyDrone_Configuration\Obj\stm32f4xx_hal_uart.o"
#        "C:\Users\gmessina\Desktop\Drones\Development\ST_Drone_FCU_F401\STM32
#        FW Project\Official release with BLE Remocon -
#        170318\EWARM\ToyDrone_Configuration\Obj\stm32f4xx_it.o"
#        "C:\Users\gmessina\Desktop\Drones\Development\ST_Drone_FCU_F401\STM32
#        FW Project\Official release with BLE Remocon -
#        170318\EWARM\ToyDrone_Configuration\Obj\stm32f4xx_ll_usb.o"
#        "C:\Users\gmessina\Desktop\Drones\Development\ST_Drone_FCU_F401\STM32
#        FW Project\Official release with BLE Remocon -
#        170318\EWARM\ToyDrone_Configuration\Obj\system_stm32f4xx.o"
#        "C:\Users\gmessina\Desktop\Drones\Development\ST_Drone_FCU_F401\STM32
#        FW Project\Official release with BLE Remocon -
#        170318\EWARM\ToyDrone_Configuration\Obj\timer.o"
#        "C:\Users\gmessina\Desktop\Drones\Development\ST_Drone_FCU_F401\STM32
#        FW Project\Official release with BLE Remocon -
#        170318\EWARM\ToyDrone_Configuration\Obj\usb_device.o"
#        "C:\Users\gmessina\Desktop\Drones\Development\ST_Drone_FCU_F401\STM32
#        FW Project\Official release with BLE Remocon -
#        170318\EWARM\ToyDrone_Configuration\Obj\usbd_cdc.o"
#        "C:\Users\gmessina\Desktop\Drones\Development\ST_Drone_FCU_F401\STM32
#        FW Project\Official release with BLE Remocon -
#        170318\EWARM\ToyDrone_Configuration\Obj\usbd_cdc_if.o"
#        "C:\Users\gmessina\Desktop\Drones\Development\ST_Drone_FCU_F401\STM32
#        FW Project\Official release with BLE Remocon -
#        170318\EWARM\ToyDrone_Configuration\Obj\usbd_conf.o"
#        "C:\Users\gmessina\Desktop\Drones\Development\ST_Drone_FCU_F401\STM32
#        FW Project\Official release with BLE Remocon -
#        170318\EWARM\ToyDrone_Configuration\Obj\usbd_core.o"
#        "C:\Users\gmessina\Desktop\Drones\Development\ST_Drone_FCU_F401\STM32
#        FW Project\Official release with BLE Remocon -
#        170318\EWARM\ToyDrone_Configuration\Obj\usbd_ctlreq.o"
#        "C:\Users\gmessina\Desktop\Drones\Development\ST_Drone_FCU_F401\STM32
#        FW Project\Official release with BLE Remocon -
#        170318\EWARM\ToyDrone_Configuration\Obj\usbd_desc.o"
#        "C:\Users\gmessina\Desktop\Drones\Development\ST_Drone_FCU_F401\STM32
#        FW Project\Official release with BLE Remocon -
#        170318\EWARM\ToyDrone_Configuration\Obj\usbd_ioreq.o" -o
#        "C:\Users\gmessina\Desktop\Drones\Development\ST_Drone_FCU_F401\STM32
#        FW Project\Official release with BLE Remocon -
#        170318\EWARM\ToyDrone_Configuration\Exe\ToyDrone Configuration.out"
#        --map
#        "C:\Users\gmessina\Desktop\Drones\Development\ST_Drone_FCU_F401\STM32
#        FW Project\Official release with BLE Remocon -
#        170318\EWARM\ToyDrone_Configuration\List\ToyDrone Configuration.map"
#        --config
#        "C:\Users\gmessina\Desktop\Drones\Development\ST_Drone_FCU_F401\STM32
#        FW Project\Official release with BLE Remocon -
#        170318\EWARM\stm32f401xc_flash.icf" --semihosting --entry
#        __iar_program_start --vfe --text_out locale)
#
###############################################################################

*******************************************************************************
*** RUNTIME MODEL ATTRIBUTES
***

CppFlavor       = *
__Heap_Handler  = DLMalloc
__SystemLibrary = DLib
__dlib_version  = 6


*******************************************************************************
*** HEAP SELECTION
***

The advanced heap was selected because the application calls memory
allocation functions outside of system library functions, and there
are calls to deallocation functions in the application.


*******************************************************************************
*** PLACEMENT SUMMARY
***

"A0":  place at 0x08000000 { ro section .intvec };
"P1":  place in [from 0x08000000 to 0x0803ffff] { ro };
define block CSTACK with size = 16K, alignment = 8 { };
define block HEAP with size = 16K, alignment = 8 { };
"P2":  place in [from 0x20000000 to 0x2000ffff] {
          rw, block CSTACK, block HEAP };
initialize by copy { rw };

  Section            Kind        Address     Size  Object
  -------            ----        -------     ----  ------
"A0":                                       0x194
  .intvec            ro code  0x08000000    0x194  startup_stm32f401xc.o [1]
                            - 0x08000194    0x194

"P1":                                     0x130af
  .text              ro code  0x08000194   0x1e52  LSM6DSL_ACC_GYRO_driver_HL.o [1]
  .text              ro code  0x08001fe6     0x7a  lz77_init_single.o [5]
  .text              ro code  0x08002060   0x1464  LSM6DSL_ACC_GYRO_driver.o [1]
  .text              ro code  0x080034c4    0x792  steval_fcu001_v1.o [1]
  .text              ro code  0x08003c56     0x1a  xsnprout.o [3]
  .text              ro code  0x08003c70    0x28c  stm32f4xx_hal_gpio.o [1]
  .text              ro code  0x08003efc    0x4b0  stm32f4xx_hal_spi.o [1]
  .text              ro code  0x080043ac    0x350  SPBTLE_RF.o [1]
  .text              ro code  0x080046fc    0x2f8  stm32f4xx_hal_msp.o [1]
  .text              ro code  0x080049f4      0xc  stm32f4xx_hal.o [1]
  .text              ro code  0x08004a00     0x28  stm32f4xx_hal_dma.o [1]
  .text              ro code  0x08004a28      0x2  stm32f4xx_hal_spi.o [1]
  .text              ro code  0x08004a2a      0xa  xsprout.o [3]
  .text              ro code  0x08004a34    0x508  hci.o [1]
  .text              ro code  0x08004f3c     0x2e  gp_timer.o [1]
  .text              ro code  0x08004f6a     0x18  stm32f4xx_hal.o [1]
  .text              ro code  0x08004f84    0x19c  stm32f4xx_hal_cortex.o [1]
  .text              ro code  0x08005120     0xd6  ble_list.o [1]
  .text              ro code  0x080051f8   0x14da  sensor_service.o [1]
  .text              ro code  0x080066d2     0x2c  osal.o [1]
  .text              ro code  0x08006700    0x308  rc.o [1]
  .text              ro code  0x08006a08    0x314  bluenrg_gatt_aci.o [1]
  .text              ro code  0x08006d1c     0xa6  ABImemcpy.o [5]
  .text              ro code  0x08006dc4     0x4c  debug.o [1]
  .text              ro code  0x08006e10     0x40  sprintf.o [3]
  .text              ro code  0x08006e50    0x2c8  bluenrg_gap_aci.o [1]
  .text              ro code  0x08007118     0x6a  bluenrg_l2cap_aci.o [1]
  .text              ro code  0x08007182     0x28  strncmp.o [3]
  .text              ro code  0x080071ac     0x44  stm32f4xx_hal.o [1]
  .text              ro code  0x080071f0     0x78  bluenrg_utils.o [1]
  .text              ro code  0x08007268     0x66  ABImemset.o [5]
  .text              ro code  0x080072d0     0x64  timer.o [1]
  .text              ro code  0x08007334     0x3c  vsnprint.o [3]
  .text              ro code  0x08007370    0x780  stm32f4xx_hal_uart.o [1]
  .text              ro code  0x08007af0    0xe22  xprintffull_nomb.o [3]
  .text              ro code  0x08008914     0x28  stm32f4xx_hal.o [1]
  .text              ro code  0x0800893c      0x2  stm32f4xx_hal_uart.o [1]
  .text              ro code  0x0800893e      0x2  stm32f4xx_hal_uart.o [1]
  .text              ro code  0x08008940      0x2  stm32f4xx_hal_uart.o [1]
  .text              ro code  0x08008944    0x298  stm32f4xx_hal_rcc.o [1]
  .text              ro code  0x08008bdc     0x16  strchr.o [5]
  .text              ro code  0x08008bf4     0x40  xfail_s.o [3]
  .text              ro code  0x08008c34     0x36  strlen.o [5]
  .text              ro code  0x08008c6c     0x58  memchr.o [5]
  .text              ro code  0x08008cc4    0x272  I64DivMod.o [5]
  .text              ro code  0x08008f38    0x1a2  DblMul.o [4]
  .text              ro code  0x080090dc     0x70  frexp.o [4]
  .text              ro code  0x0800914c     0x2e  DblCmpLe.o [4]
  .text              ro code  0x0800917c     0x2e  DblCmpGe.o [4]
  .text              ro code  0x080091ac    0x13a  ldexp.o [4]
  .text              ro code  0x080092e8     0x3a  DblToS32.o [4]
  .text              ro code  0x08009324     0x22  S32ToDbl.o [4]
  .text              ro code  0x08009348     0xe2  DblSub.o [4]
  .text              ro code  0x0800942c    0x246  DblDiv.o [4]
  .text              ro code  0x08009674     0x28  DblToU32.o [4]
  .text              ro code  0x0800969c     0x1a  U32ToDbl.o [4]
  .text              ro code  0x080096b6      0x6  abort.o [3]
  .text              ro code  0x080096bc      0x2  I64DivZer.o [5]
  .text              ro code  0x080096c0    0x178  DblAdd.o [4]
  .text              ro code  0x08009838     0x14  exit.o [6]
  .text              ro code  0x0800984c   0x1c7c  main.o [1]
  .text              ro code  0x0800b4c8    0x398  steval_fcu001_v1_accelero.o [1]
  .text              ro code  0x0800b860    0x1f4  steval_fcu001_v1_gyro.o [1]
  .text              ro code  0x0800ba54    0x1a4  steval_fcu001_v1_magneto.o [1]
  .text              ro code  0x0800bbf8    0x9ea  stm32f4xx_hal_tim.o [1]
  .text              ro code  0x0800c5e4    0x67c  flight_control.o [1]
  .text              ro code  0x0800cc60    0x136  motor.o [1]
  .text              ro code  0x0800cd98    0x1fc  steval_fcu001_v1_pressure.o [1]
  .text              ro code  0x0800cf94    0x1b4  steval_fcu001_v1_temperature.o [1]
  .text              ro code  0x0800d148     0x48  FltToDbl.o [4]
  .text              ro code  0x0800d190     0x68  DblToFlt.o [4]
  .text              ro code  0x0800d1f8    0x368  ahrs.o [1]
  .text              ro code  0x0800d560     0xe8  quaternion.o [1]
  .text              ro code  0x0800d648    0x3c4  stm32f4xx_hal_rcc.o [1]
  .text              ro code  0x0800da0c    0x544  stm32f4xx_hal_adc.o [1]
  .text              ro code  0x0800df50     0x5a  stm32f4xx_hal_tim_ex.o [1]
  .text              ro code  0x0800dfaa     0xa8  sensor_data.o [1]
  .text              ro code  0x0800e052     0xd2  bluenrg_hal_aci.o [1]
  .text              ro code  0x0800e124      0x2  stm32f4xx_hal_tim.o [1]
  .text              ro code  0x0800e126      0x2  stm32f4xx_hal_tim.o [1]
  .text              ro code  0x0800e128      0x2  stm32f4xx_hal_tim.o [1]
  .text              ro code  0x0800e12a      0x2  stm32f4xx_hal_tim.o [1]
  .text              ro code  0x0800e12c      0x2  stm32f4xx_hal_tim_ex.o [1]
  .text              ro code  0x0800e12e      0x2  stm32f4xx_hal_tim.o [1]
  .text              ro code  0x0800e130      0x2  stm32f4xx_hal_tim_ex.o [1]
  .text              ro code  0x0800e132    0x45c  LPS22HB_Driver.o [1]
  .text              ro code  0x0800e590     0x38  basic_math.o [1]
  .text              ro code  0x0800e5c8     0x22  math_wrappers64.o [4]
  .text              ro code  0x0800e5ec     0xf0  asin64.o [4]
  .text              ro code  0x0800e6dc    0x13c  atan2_64.o [4]
  .text              ro code  0x0800e818     0xf2  sqrt.o [4]
  .text              ro code  0x0800e910    0x208  iar_Atan64.o [4]
  .text              ro code  0x0800eb18     0x20  DblCmpEq.o [4]
  .text              ro code  0x0800eb38    0x9ba  stm32f4xx_hal_pcd.o [1]
  .text              ro code  0x0800f4f4    0x968  stm32f4xx_ll_usb.o [1]
  .text              ro code  0x0800fe5c    0x1fe  usbd_conf.o [1]
  .text              ro code  0x0801005a    0x2ea  usbd_core.o [1]
  .text              ro code  0x08010344    0x608  usbd_ctlreq.o [1]
  .text              ro code  0x0801094c     0x94  usbd_ioreq.o [1]
  .text              ro code  0x080109e0    0x900  LSM303AGR_ACC_driver_HL.o [1]
  .text              ro code  0x080112e0    0x582  LSM303AGR_ACC_driver.o [1]
  .text              ro code  0x08011864    0x766  LPS22HB_Driver_HL.o [1]
  .text              ro code  0x08011fcc    0x3ae  LIS2MDL_MAG_driver_HL.o [1]
  .text              ro code  0x0801237a    0x234  LIS2MDL_MAG_driver.o [1]
  .rodata            const    0x080125b0     0x6c  sensor_service.o [1]
  .text              ro code  0x0801261c     0x6c  system_stm32f4xx.o [1]
  .text              ro code  0x08012688     0x6a  stm32f4xx_it.o [1]
  .text              ro code  0x080126f4     0x10  stm32f4xx_hal.o [1]
  .rodata            const    0x08012704     0x3c  sensor_service.o [1]
  .rodata            const    0x08012740     0x60  LSM303AGR_ACC_driver.o [1]
  .rodata            const    0x080127a0     0x60  main.o [1]
  .text              ro code  0x08012800     0x40  zero_init3.o [5]
  .rodata            const    0x08012840     0x34  main.o [1]
  .rodata            const    0x08012874     0x34  main.o [1]
  .rodata            const    0x080128a8     0x34  main.o [1]
  .rodata            const    0x080128dc     0x30  main.o [1]
  .rodata            const    0x0801290c     0x30  main.o [1]
  .rodata            const    0x0801293c     0x30  main.o [1]
  .rodata            const    0x0801296c     0x30  sensor_service.o [1]
  .rodata            const    0x0801299c     0x30  sensor_service.o [1]
  .rodata            const    0x080129cc     0x2c  main.o [1]
  .rodata            const    0x080129f8     0x2c  main.o [1]
  .rodata            const    0x08012a24     0x2c  main.o [1]
  .rodata            const    0x08012a50     0x2c  main.o [1]
  .rodata            const    0x08012a7c     0x2c  main.o [1]
  .rodata            const    0x08012aa8     0x2c  main.o [1]
  .rodata            const    0x08012ad4     0x28  main.o [1]
  .rodata            const    0x08012afc     0x28  main.o [1]
  .rodata            const    0x08012b24     0x28  main.o [1]
  .text              ro code  0x08012b4c     0x28  data_init.o [5]
  .rodata            const    0x08012b74     0x24  main.o [1]
  .rodata            const    0x08012b98     0x24  main.o [1]
  .rodata            const    0x08012bbc     0x24  sensor_service.o [1]
  .rodata            const    0x08012be0     0x24  sensor_service.o [1]
  .rodata            const    0x08012c04     0x24  sensor_service.o [1]
  .text              ro code  0x08012c28     0x22  fpinit_M.o [4]
  .iar.init_table    const    0x08012c4c     0x20  - Linker created -
  .rodata            const    0x08012c6c     0x20  main.o [1]
  .rodata            const    0x08012c8c     0x20  main.o [1]
  .rodata            const    0x08012cac     0x20  main.o [1]
  .rodata            const    0x08012ccc     0x20  main.o [1]
  .rodata            const    0x08012cec     0x20  sensor_service.o [1]
  .rodata            const    0x08012d0c     0x20  sensor_service.o [1]
  .rodata            const    0x08012d2c     0x20  sensor_service.o [1]
  .text              ro code  0x08012d4c     0x1e  cmain.o [5]
  .text              ro code  0x08012d6a      0x4  low_level_init.o [3]
  .text              ro code  0x08012d6e      0x4  exit.o [3]
  .text              ro code  0x08012d74      0xa  cexit.o [5]
  .rodata            const    0x08012d80     0x1c  main.o [1]
  .rodata            const    0x08012d9c     0x1c  main.o [1]
  .rodata            const    0x08012db8     0x1c  sensor_service.o [1]
  .rodata            const    0x08012dd4     0x1c  sensor_service.o [1]
  .rodata            const    0x08012df0     0x18  main.o [1]
  .rodata            const    0x08012e08     0x18  sensor_service.o [1]
  .rodata            const    0x08012e20     0x14  main.o [1]
  .rodata            const    0x08012e34     0x14  sensor_service.o [1]
  .rodata            const    0x08012e48     0x10  sensor_service.o [1]
  .rodata            const    0x08012e58     0x10  sensor_service.o [1]
  .rodata            const    0x08012e68     0x10  stm32f4xx_hal_rcc.o [1]
  .text              ro code  0x08012e78     0x10  startup_stm32f401xc.o [1]
  .rodata            const    0x08012e88      0xc  sensor_service.o [1]
  .rodata            const    0x08012e94      0xc  sensor_service.o [1]
  .rodata            const    0x08012ea0      0xc  sensor_service.o [1]
  .rodata            const    0x08012eac      0xc  sensor_service.o [1]
  .rodata            const    0x08012eb8      0xc  sensor_service.o [1]
  .text              ro code  0x08012ec4      0xc  cstartup_M.o [5]
  .rodata            const    0x08012ed0      0x8  main.o [1]
  .rodata            const    0x08012ed8      0x8  sensor_service.o [1]
  .rodata            const    0x08012ee0      0x8  sensor_service.o [1]
  .rodata            const    0x08012ee8      0x8  sensor_service.o [1]
  .rodata            const    0x08012ef0      0x8  sensor_service.o [1]
  .rodata            const    0x08012ef8      0x8  sensor_service.o [1]
  .rodata            const    0x08012f00      0x8  SPBTLE_RF.o [1]
  .rodata            const    0x08012f08      0x8  SPBTLE_RF.o [1]
  .rodata            const    0x08012f10      0x8  SPBTLE_RF.o [1]
  .rodata            const    0x08012f18      0x8  steval_fcu001_v1.o [1]
  .rodata            const    0x08012f20      0x4  LSM303AGR_ACC_driver_HL.o [1]
  .rodata            const    0x08012f24      0x4  rc.o [1]
  .rodata            const    0x08012f28      0x4  rc.o [1]
  .rodata            const    0x08012f2c      0x4  rc.o [1]
  .text              ro code  0x08012f30      0x4  startup_stm32f401xc.o [1]
  .text              ro code  0x08012f34      0x4  startup_stm32f401xc.o [1]
  .text              ro code  0x08012f38      0x4  startup_stm32f401xc.o [1]
  .text              ro code  0x08012f3c      0x4  startup_stm32f401xc.o [1]
  .text              ro code  0x08012f40      0x4  startup_stm32f401xc.o [1]
  .text              ro code  0x08012f44      0x4  startup_stm32f401xc.o [1]
  .text              ro code  0x08012f48      0x4  startup_stm32f401xc.o [1]
  .text              ro code  0x08012f4c      0x4  startup_stm32f401xc.o [1]
  .text              ro code  0x08012f50      0x4  startup_stm32f401xc.o [1]
  .text              ro code  0x08012f54      0x4  startup_stm32f401xc.o [1]
  .text              ro code  0x08012f58      0x4  startup_stm32f401xc.o [1]
  .text              ro code  0x08012f5c      0x4  startup_stm32f401xc.o [1]
  .text              ro code  0x08012f60      0x4  startup_stm32f401xc.o [1]
  .text              ro code  0x08012f64      0x4  startup_stm32f401xc.o [1]
  .text              ro code  0x08012f68      0x4  startup_stm32f401xc.o [1]
  .text              ro code  0x08012f6c      0x4  startup_stm32f401xc.o [1]
  .text              ro code  0x08012f70      0x4  startup_stm32f401xc.o [1]
  .text              ro code  0x08012f74      0x4  startup_stm32f401xc.o [1]
  .text              ro code  0x08012f78      0x4  startup_stm32f401xc.o [1]
  .text              ro code  0x08012f7c      0x4  startup_stm32f401xc.o [1]
  .text              ro code  0x08012f80      0x4  startup_stm32f401xc.o [1]
  .text              ro code  0x08012f84      0x4  startup_stm32f401xc.o [1]
  .text              ro code  0x08012f88      0x4  startup_stm32f401xc.o [1]
  .text              ro code  0x08012f8c      0x4  startup_stm32f401xc.o [1]
  .text              ro code  0x08012f90      0x4  startup_stm32f401xc.o [1]
  .text              ro code  0x08012f94      0x4  startup_stm32f401xc.o [1]
  .text              ro code  0x08012f98      0x4  startup_stm32f401xc.o [1]
  .text              ro code  0x08012f9c      0x4  startup_stm32f401xc.o [1]
  .text              ro code  0x08012fa0      0x4  startup_stm32f401xc.o [1]
  .text              ro code  0x08012fa4      0x4  startup_stm32f401xc.o [1]
  .text              ro code  0x08012fa8      0x4  startup_stm32f401xc.o [1]
  .text              ro code  0x08012fac      0x4  startup_stm32f401xc.o [1]
  .text              ro code  0x08012fb0      0x4  startup_stm32f401xc.o [1]
  .text              ro code  0x08012fb4      0x4  startup_stm32f401xc.o [1]
  .text              ro code  0x08012fb8      0x4  startup_stm32f401xc.o [1]
  .text              ro code  0x08012fbc      0x4  startup_stm32f401xc.o [1]
  .text              ro code  0x08012fc0      0x4  startup_stm32f401xc.o [1]
  .text              ro code  0x08012fc4      0x4  startup_stm32f401xc.o [1]
  .text              ro code  0x08012fc8      0x4  startup_stm32f401xc.o [1]
  .text              ro code  0x08012fcc      0x4  startup_stm32f401xc.o [1]
  .text              ro code  0x08012fd0      0x4  startup_stm32f401xc.o [1]
  .text              ro code  0x08012fd4      0x4  startup_stm32f401xc.o [1]
  .text              ro code  0x08012fd8      0x4  startup_stm32f401xc.o [1]
  .text              ro code  0x08012fdc      0x4  startup_stm32f401xc.o [1]
  .text              ro code  0x08012fe0      0x4  startup_stm32f401xc.o [1]
  .text              ro code  0x08012fe4      0x4  startup_stm32f401xc.o [1]
  .text              ro code  0x08012fe8      0x4  startup_stm32f401xc.o [1]
  .text              ro code  0x08012fec      0x4  startup_stm32f401xc.o [1]
  .text              ro code  0x08012ff0      0x4  startup_stm32f401xc.o [1]
  .text              ro code  0x08012ff4      0x4  startup_stm32f401xc.o [1]
  .text              ro code  0x08012ff8      0x4  startup_stm32f401xc.o [1]
  .text              ro code  0x08012ffc      0x4  startup_stm32f401xc.o [1]
  .text              ro code  0x08013000      0x4  startup_stm32f401xc.o [1]
  .text              ro code  0x08013004      0x4  startup_stm32f401xc.o [1]
  .text              ro code  0x08013008      0x4  startup_stm32f401xc.o [1]
  .text              ro code  0x0801300c      0x4  startup_stm32f401xc.o [1]
  .text              ro code  0x08013010      0x4  startup_stm32f401xc.o [1]
  .rodata            const    0x08013014      0x0  zero_init3.o [5]
  .rodata            const    0x08013014      0x0  lz77_init_single.o [5]
  Initializer bytes  const    0x08013014    0x22f  <for P2-1>
                            - 0x08013243  0x130af

"P2", part 1 of 3:                          0x29a
  P2-1                        0x20000000    0x29a  <Init block>
    .data            inited   0x20000000      0x4  ahrs.o [1]
    .data            inited   0x20000004     0x48  LIS2MDL_MAG_driver_HL.o [1]
    .data            inited   0x2000004c     0x34  LPS22HB_Driver_HL.o [1]
    .data            inited   0x20000080     0x34  LPS22HB_Driver_HL.o [1]
    .data            inited   0x200000b4     0x50  LSM303AGR_ACC_driver_HL.o [1]
    .data            inited   0x20000104     0xd0  LSM6DSL_ACC_GYRO_driver_HL.o [1]
    .data            inited   0x200001d4     0x50  LSM6DSL_ACC_GYRO_driver_HL.o [1]
    .data            inited   0x20000224     0x50  LSM6DSL_ACC_GYRO_driver_HL.o [1]
    .data            inited   0x20000274     0x14  main.o [1]
    .data            inited   0x20000288      0x4  rc.o [1]
    .data            inited   0x2000028c      0x8  steval_fcu001_v1.o [1]
    .data            inited   0x20000294      0x4  system_stm32f4xx.o [1]
    .data            inited   0x20000298      0x1  sensor_service.o [1]
    .data            inited   0x20000299      0x1  sensor_service.o [1]
                            - 0x2000029a    0x29a

"P2", part 2 of 3:                         0x10cc
  .bss               zero     0x2000029c    0x3f0  usbd_conf.o [1]
  .bss               zero     0x2000068c    0x2bc  hci.o [1]
  .bss               zero     0x20000948    0x100  main.o [1]
  .bss               zero     0x20000a48     0x70  main.o [1]
  .bss               zero     0x20000ab8     0x58  main.o [1]
  .bss               zero     0x20000b10     0x58  main.o [1]
  .bss               zero     0x20000b68     0x58  SPBTLE_RF.o [1]
  .bss               zero     0x20000bc0     0x58  steval_fcu001_v1.o [1]
  .bss               zero     0x20000c18     0x4c  rc.o [1]
  .bss               zero     0x20000c64     0x48  main.o [1]
  .bss               zero     0x20000cac     0x40  main.o [1]
  .bss               zero     0x20000cec     0x3c  main.o [1]
  .bss               zero     0x20000d28     0x3c  main.o [1]
  .bss               zero     0x20000d64     0x3c  main.o [1]
  .bss               zero     0x20000da0     0x3c  main.o [1]
  .bss               zero     0x20000ddc     0x3c  main.o [1]
  .bss               zero     0x20000e18     0x3c  main.o [1]
  .bss               zero     0x20000e54     0x3c  main.o [1]
  .bss               zero     0x20000e90     0x30  main.o [1]
  .bss               zero     0x20000ec0     0x30  main.o [1]
  .bss               zero     0x20000ef0     0x30  main.o [1]
  .bss               zero     0x20000f20     0x30  main.o [1]
  .bss               zero     0x20000f50     0x30  main.o [1]
  .bss               zero     0x20000f80     0x30  main.o [1]
  .bss               zero     0x20000fb0     0x2c  sensor_service.o [1]
  .bss               zero     0x20000fdc     0x28  steval_fcu001_v1_accelero.o [1]
  .bss               zero     0x20001004     0x28  steval_fcu001_v1_temperature.o [1]
  .bss               zero     0x2000102c     0x1c  main.o [1]
  .bss               zero     0x20001048     0x14  sensor_service.o [1]
  .bss               zero     0x2000105c     0x14  sensor_service.o [1]
  .bss               zero     0x20001070     0x14  steval_fcu001_v1_gyro.o [1]
  .bss               zero     0x20001084     0x14  steval_fcu001_v1_magneto.o [1]
  .bss               zero     0x20001098     0x14  steval_fcu001_v1_pressure.o [1]
  .bss               zero     0x200010ac     0x14  timer.o [1]
  .bss               zero     0x200010c0     0x10  main.o [1]
  .bss               zero     0x200010d0     0x10  rc.o [1]
  .bss               zero     0x200010e0     0x10  rc.o [1]
  .bss               zero     0x200010f0     0x10  rc.o [1]
  .bss               zero     0x20001100     0x10  steval_fcu001_v1_accelero.o [1]
  .bss               zero     0x20001110     0x10  steval_fcu001_v1_temperature.o [1]
  .bss               zero     0x20001120      0xc  main.o [1]
  .bss               zero     0x2000112c      0xc  main.o [1]
  .bss               zero     0x20001138      0xc  main.o [1]
  .bss               zero     0x20001144      0xc  main.o [1]
  .bss               zero     0x20001150      0xc  main.o [1]
  .bss               zero     0x2000115c      0xc  main.o [1]
  .bss               zero     0x20001168      0xc  main.o [1]
  .bss               zero     0x20001174      0xc  main.o [1]
  .bss               zero     0x20001180      0xc  main.o [1]
  .bss               zero     0x2000118c      0xc  main.o [1]
  .bss               zero     0x20001198      0xc  main.o [1]
  .bss               zero     0x200011a4      0xc  main.o [1]
  .bss               zero     0x200011b0      0xc  main.o [1]
  .bss               zero     0x200011bc      0xc  main.o [1]
  .bss               zero     0x200011c8      0xc  main.o [1]
  .bss               zero     0x200011d4      0xc  main.o [1]
  .bss               zero     0x200011e0      0xc  main.o [1]
  .bss               zero     0x200011ec      0xc  main.o [1]
  .bss               zero     0x200011f8      0xc  main.o [1]
  .bss               zero     0x20001204      0x8  hci.o [1]
  .bss               zero     0x2000120c      0x8  hci.o [1]
  .bss               zero     0x20001214      0x8  LPS22HB_Driver_HL.o [1]
  .bss               zero     0x2000121c      0x8  main.o [1]
  .bss               zero     0x20001224      0x8  main.o [1]
  .bss               zero     0x2000122c      0x8  main.o [1]
  .bss               zero     0x20001234      0x8  steval_fcu001_v1_accelero.o [1]
  .bss               zero     0x2000123c      0x8  steval_fcu001_v1_gyro.o [1]
  .bss               zero     0x20001244      0x8  steval_fcu001_v1_gyro.o [1]
  .bss               zero     0x2000124c      0x8  steval_fcu001_v1_magneto.o [1]
  .bss               zero     0x20001254      0x8  steval_fcu001_v1_pressure.o [1]
  .bss               zero     0x2000125c      0x4  ahrs.o [1]
  .bss               zero     0x20001260      0x4  ahrs.o [1]
  .bss               zero     0x20001264      0x4  ahrs.o [1]
  .bss               zero     0x20001268      0x4  ahrs.o [1]
  .bss               zero     0x2000126c      0x4  ahrs.o [1]
  .bss               zero     0x20001270      0x4  ahrs.o [1]
  .bss               zero     0x20001274      0x4  ahrs.o [1]
  .bss               zero     0x20001278      0x4  flight_control.o [1]
  .bss               zero     0x2000127c      0x4  flight_control.o [1]
  .bss               zero     0x20001280      0x4  flight_control.o [1]
  .bss               zero     0x20001284      0x4  flight_control.o [1]
  .bss               zero     0x20001288      0x4  flight_control.o [1]
  .bss               zero     0x2000128c      0x4  flight_control.o [1]
  .bss               zero     0x20001290      0x4  flight_control.o [1]
  .bss               zero     0x20001294      0x4  flight_control.o [1]
  .bss               zero     0x20001298      0x4  flight_control.o [1]
  .bss               zero     0x2000129c      0x4  flight_control.o [1]
  .bss               zero     0x200012a0      0x4  flight_control.o [1]
  .bss               zero     0x200012a4      0x4  flight_control.o [1]
  .bss               zero     0x200012a8      0x4  main.o [1]
  .bss               zero     0x200012ac      0x4  main.o [1]
  .bss               zero     0x200012b0      0x4  main.o [1]
  .bss               zero     0x200012b4      0x4  main.o [1]
  .bss               zero     0x200012b8      0x4  main.o [1]
  .bss               zero     0x200012bc      0x4  main.o [1]
  .bss               zero     0x200012c0      0x4  main.o [1]
  .bss               zero     0x200012c4      0x4  main.o [1]
  .bss               zero     0x200012c8      0x4  main.o [1]
  .bss               zero     0x200012cc      0x4  main.o [1]
  .bss               zero     0x200012d0      0x4  main.o [1]
  .bss               zero     0x200012d4      0x4  main.o [1]
  .bss               zero     0x200012d8      0x4  main.o [1]
  .bss               zero     0x200012dc      0x4  main.o [1]
  .bss               zero     0x200012e0      0x4  main.o [1]
  .bss               zero     0x200012e4      0x4  main.o [1]
  .bss               zero     0x200012e8      0x4  main.o [1]
  .bss               zero     0x200012ec      0x4  main.o [1]
  .bss               zero     0x200012f0      0x4  main.o [1]
  .bss               zero     0x200012f4      0x4  main.o [1]
  .bss               zero     0x200012f8      0x4  main.o [1]
  .bss               zero     0x200012fc      0x4  main.o [1]
  .bss               zero     0x20001300      0x4  main.o [1]
  .bss               zero     0x20001304      0x4  main.o [1]
  .bss               zero     0x20001308      0x4  rc.o [1]
  .bss               zero     0x2000130c      0x4  rc.o [1]
  .bss               zero     0x20001310      0x4  rc.o [1]
  .bss               zero     0x20001314      0x4  rc.o [1]
  .bss               zero     0x20001318      0x4  sensor_service.o [1]
  .bss               zero     0x2000131c      0x4  sensor_service.o [1]
  .bss               zero     0x20001320      0x4  steval_fcu001_v1_accelero.o [1]
  .bss               zero     0x20001324      0x4  steval_fcu001_v1_pressure.o [1]
  .bss               zero     0x20001328      0x4  steval_fcu001_v1_temperature.o [1]
  .bss               zero     0x2000132c      0x4  stm32f4xx_hal.o [1]
  .bss               zero     0x20001330      0x4  xfail_s.o [3]
  .bss               zero     0x20001334      0x2  flight_control.o [1]
  .bss               zero     0x20001336      0x2  LSM6DSL_ACC_GYRO_driver_HL.o [1]
  .bss               zero     0x20001338      0x2  main.o [1]
  .bss               zero     0x2000133a      0x2  main.o [1]
  .bss               zero     0x2000133c      0x2  main.o [1]
  .bss               zero     0x2000133e      0x2  main.o [1]
  .bss               zero     0x20001340      0x2  rc.o [1]
  .bss               zero     0x20001342      0x2  rc.o [1]
  .bss               zero     0x20001344      0x2  rc.o [1]
  .bss               zero     0x20001346      0x2  rc.o [1]
  .bss               zero     0x20001348      0x2  sensor_service.o [1]
  .bss               zero     0x2000134a      0x2  sensor_service.o [1]
  .bss               zero     0x2000134c      0x2  sensor_service.o [1]
  .bss               zero     0x2000134e      0x2  sensor_service.o [1]
  .bss               zero     0x20001350      0x2  sensor_service.o [1]
  .bss               zero     0x20001352      0x2  sensor_service.o [1]
  .bss               zero     0x20001354      0x2  sensor_service.o [1]
  .bss               zero     0x20001356      0x2  sensor_service.o [1]
  .bss               zero     0x20001358      0x2  sensor_service.o [1]
  .bss               zero     0x2000135a      0x2  sensor_service.o [1]
  .bss               zero     0x2000135c      0x2  sensor_service.o [1]
  .bss               zero     0x2000135e      0x2  sensor_service.o [1]
  .bss               zero     0x20001360      0x1  main.o [1]
  .bss               zero     0x20001361      0x1  main.o [1]
  .bss               zero     0x20001362      0x1  main.o [1]
  .bss               zero     0x20001363      0x1  rc.o [1]
  .bss               zero     0x20001364      0x1  sensor_service.o [1]
  .bss               zero     0x20001365      0x1  sensor_service.o [1]
  .bss               zero     0x20001366      0x1  steval_fcu001_v1_magneto.o [1]
  .bss               zero     0x20001367      0x1  usbd_ctlreq.o [1]
                            - 0x20001368   0x10cc

"P2", part 3 of 3:                         0x4000
  CSTACK                      0x20001368   0x4000  <Block>
    CSTACK           uninit   0x20001368   0x4000  <Block tail>
                            - 0x20005368   0x4000


*******************************************************************************
*** INIT TABLE
***

          Address     Size
          -------     ----
Zero (__iar_zero_init3)
    1 destination range, total size 0x10cc:
          0x2000029c  0x10cc

Copy/lz77 (__iar_lz77_init_single3)
    1 source range, total size 0x22f (83% of destination):
          0x08013014   0x22f
    1 destination range, total size 0x29a:
          0x20000000   0x29a



*******************************************************************************
*** MODULE SUMMARY
***

    Module                          ro code  ro data  rw data
    ------                          -------  -------  -------
C:\Users\gmessina\Desktop\Drones\Development\ST_Drone_FCU_F401\STM32 FW Project\Official release with BLE Remocon - 170318\EWARM\ToyDrone_Configuration\Obj: [1]
    LIS2MDL_MAG_driver.o                564
    LIS2MDL_MAG_driver_HL.o             942       60       72
    LPS22HB_Driver.o                  1 116
    LPS22HB_Driver_HL.o               1 894       88      112
    LSM303AGR_ACC_driver.o            1 410       96
    LSM303AGR_ACC_driver_HL.o         2 304       71       80
    LSM6DSL_ACC_GYRO_driver.o         5 220
    LSM6DSL_ACC_GYRO_driver_HL.o      7 762      309      370
    SPBTLE_RF.o                         848       24       88
    ahrs.o                              872        3       32
    basic_math.o                         56
    ble_list.o                          214
    bluenrg_gap_aci.o                   712
    bluenrg_gatt_aci.o                  788
    bluenrg_hal_aci.o                   210
    bluenrg_l2cap_aci.o                 106
    bluenrg_utils.o                     120
    debug.o                              76
    flight_control.o                  1 660                50
    gp_timer.o                           46
    hci.o                             1 288               716
    main.o                            7 292    1 104    1 811
    motor.o                             310
    osal.o                               44
    quaternion.o                        232
    rc.o                                776       16      153
    sensor_data.o                       168
    sensor_service.o                  5 338      702      120
    startup_stm32f401xc.o               648
    steval_fcu001_v1.o                1 938       14       96
    steval_fcu001_v1_accelero.o         920                68
    steval_fcu001_v1_gyro.o             500                36
    steval_fcu001_v1_magneto.o          420                29
    steval_fcu001_v1_pressure.o         508                32
    steval_fcu001_v1_temperature.o      436                60
    stm32f4xx_hal.o                     160                 4
    stm32f4xx_hal_adc.o               1 348
    stm32f4xx_hal_cortex.o              412
    stm32f4xx_hal_dma.o                  40
    stm32f4xx_hal_gpio.o                652
    stm32f4xx_hal_msp.o                 760
    stm32f4xx_hal_pcd.o               2 490
    stm32f4xx_hal_rcc.o               1 628       16
    stm32f4xx_hal_spi.o               1 202
    stm32f4xx_hal_tim.o               2 548
    stm32f4xx_hal_tim_ex.o               94
    stm32f4xx_hal_uart.o              1 926
    stm32f4xx_it.o                      106
    stm32f4xx_ll_usb.o                2 408
    system_stm32f4xx.o                  108        4        4
    timer.o                             100                20
    usbd_conf.o                         510             1 008
    usbd_core.o                         746
    usbd_ctlreq.o                     1 544                 1
    usbd_ioreq.o                        148
    ---------------------------------------------------------
    Total:                           66 668    2 507    4 962

command line: [2]
    ---------------------------------------------------------
    Total:

dl7M_tln.a: [3]
    abort.o                               6
    exit.o                                4
    low_level_init.o                      4
    sprintf.o                            64
    strncmp.o                            40
    vsnprint.o                           60
    xfail_s.o                            64                 4
    xprintffull_nomb.o                3 618
    xsnprout.o                           26
    xsprout.o                            10
    ---------------------------------------------------------
    Total:                            3 896                 4

m7M_tls.a: [4]
    DblAdd.o                            376
    DblCmpEq.o                           32
    DblCmpGe.o                           46
    DblCmpLe.o                           46
    DblDiv.o                            582
    DblMul.o                            418
    DblSub.o                            226
    DblToFlt.o                          104
    DblToS32.o                           58
    DblToU32.o                           40
    FltToDbl.o                           72
    S32ToDbl.o                           34
    U32ToDbl.o                           26
    asin64.o                            240
    atan2_64.o                          316
    fpinit_M.o                           34
    frexp.o                             112
    iar_Atan64.o                        520
    ldexp.o                             314
    math_wrappers64.o                    34
    sqrt.o                              242
    ---------------------------------------------------------
    Total:                            3 872

rt7M_tl.a: [5]
    ABImemcpy.o                         166
    ABImemset.o                         102
    I64DivMod.o                         626
    I64DivZer.o                           2
    cexit.o                              10
    cmain.o                              30
    cstartup_M.o                         12
    data_init.o                          40
    lz77_init_single.o                  122
    memchr.o                             88
    strchr.o                             22
    strlen.o                             54
    zero_init3.o                         64
    ---------------------------------------------------------
    Total:                            1 338

shb_l.a: [6]
    exit.o                               20
    ---------------------------------------------------------
    Total:                               20

    Gaps                                 64        6
    Linker created                                32   16 384
-------------------------------------------------------------
    Grand Total:                     75 858    2 545   21 350


*******************************************************************************
*** ENTRY LIST
***

Entry                      Address   Size  Type      Object
-----                      -------   ----  ----      ------
.iar.init_table$$Base   0x08012c4c          --   Gb  - Linker created -
.iar.init_table$$Limit  0x08012c6c          --   Gb  - Linker created -
?main                   0x08012d4d         Code  Gb  cmain.o [5]
ACCELERO_Data           0x20001100   0x10  Data  Lc  steval_fcu001_v1_accelero.o [1]
ACCELERO_SensorHandle   0x20000fdc   0x28  Data  Lc  steval_fcu001_v1_accelero.o [1]
ADC_Init                0x0800ddcb  0x16a  Code  Lc  stm32f4xx_hal_adc.o [1]
APBAHBPrescTable        0x08012e68   0x10  Data  Gb  stm32f4xx_hal_rcc.o [1]
ARMING_Update           0x08005ce7   0x7e  Code  Gb  sensor_service.o [1]
AccEventCharHandle      0x2000134e    0x2  Data  Lc  sensor_service.o [1]
AccGyroMagCharHandle    0x2000134c    0x2  Data  Lc  sensor_service.o [1]
AccGyroMag_Update       0x08005ab3  0x11e  Code  Gb  sensor_service.o [1]
Add_ConfigW2ST_Service  0x08005259  0x11e  Code  Gb  sensor_service.o [1]
Add_ConsoleW2ST_Service
                        0x08005377  0x1b4  Code  Gb  sensor_service.o [1]
Add_HWServW2ST_Service  0x080056e3  0x3d0  Code  Gb  sensor_service.o [1]
ArmingCharHandle        0x20001350    0x2  Data  Lc  sensor_service.o [1]
Attribute_Modified_CB   0x0800601d  0x1ee  Code  Gb  sensor_service.o [1]
BNRG_SPI_Init           0x080043fd   0x56  Code  Gb  SPBTLE_RF.o [1]
BSP_ACCELERO_Get_Axes   0x0800b727   0x3a  Code  Gb  steval_fcu001_v1_accelero.o [1]
BSP_ACCELERO_Init       0x0800b4c9   0x52  Code  Gb  steval_fcu001_v1_accelero.o [1]
BSP_ACCELERO_Read_Reg   0x0800b7d3   0x4a  Code  Gb  steval_fcu001_v1_accelero.o [1]
BSP_ACCELERO_Sensor_Enable
                        0x0800b6f9   0x2e  Code  Gb  steval_fcu001_v1_accelero.o [1]
BSP_ACCELERO_Set_FS     0x0800b79f   0x34  Code  Gb  steval_fcu001_v1_accelero.o [1]
BSP_ACCELERO_Set_ODR_Value
                        0x0800b761   0x3e  Code  Gb  steval_fcu001_v1_accelero.o [1]
BSP_ACCELERO_Write_Reg  0x0800b81d   0x44  Code  Gb  steval_fcu001_v1_accelero.o [1]
BSP_GYRO_Get_Axes       0x0800b9d7   0x3a  Code  Gb  steval_fcu001_v1_gyro.o [1]
BSP_GYRO_Init           0x0800b861   0x34  Code  Gb  steval_fcu001_v1_gyro.o [1]
BSP_GYRO_Sensor_Enable  0x0800b9a9   0x2e  Code  Gb  steval_fcu001_v1_gyro.o [1]
BSP_GYRO_Write_Reg      0x0800ba11   0x44  Code  Gb  steval_fcu001_v1_gyro.o [1]
BSP_LED_Init            0x080034c5   0x8a  Code  Gb  steval_fcu001_v1.o [1]
BSP_LED_Off             0x08003575   0x26  Code  Gb  steval_fcu001_v1.o [1]
BSP_LED_On              0x0800354f   0x26  Code  Gb  steval_fcu001_v1.o [1]
BSP_LED_Toggle          0x0800359b   0x24  Code  Gb  steval_fcu001_v1.o [1]
BSP_LIS2MDL_MAGNETO_Init
                        0x0800ba89   0xb4  Code  Lc  steval_fcu001_v1_magneto.o [1]
BSP_LPS22HB_PRESSURE_Init
                        0x0800cdcd  0x12e  Code  Lc  steval_fcu001_v1_pressure.o [1]
BSP_LPS22HB_TEMPERATURE_Init
                        0x0800cfb1  0x11c  Code  Lc  steval_fcu001_v1_temperature.o [1]
BSP_LSM303AGR_ACCELERO_Init
                        0x0800b61d   0xb4  Code  Lc  steval_fcu001_v1_accelero.o [1]
BSP_LSM6DSL_ACCELERO_Init
                        0x0800b51b  0x102  Code  Lc  steval_fcu001_v1_accelero.o [1]
BSP_LSM6DSL_GYRO_Init   0x0800b895   0xfe  Code  Lc  steval_fcu001_v1_gyro.o [1]
BSP_MAGNETO_Get_Axes    0x0800bb7b   0x3a  Code  Gb  steval_fcu001_v1_magneto.o [1]
BSP_MAGNETO_Init        0x0800ba55   0x34  Code  Gb  steval_fcu001_v1_magneto.o [1]
BSP_MAGNETO_Sensor_Enable
                        0x0800bb4d   0x2e  Code  Gb  steval_fcu001_v1_magneto.o [1]
BSP_MAGNETO_Write_Reg   0x0800bbb5   0x44  Code  Gb  steval_fcu001_v1_magneto.o [1]
BSP_PRESSURE_Get_Press  0x0800cf5b   0x3a  Code  Gb  steval_fcu001_v1_pressure.o [1]
BSP_PRESSURE_Init       0x0800cd99   0x34  Code  Gb  steval_fcu001_v1_pressure.o [1]
BSP_PRESSURE_IsInitialized
                        0x0800cf3f   0x1c  Code  Gb  steval_fcu001_v1_pressure.o [1]
BSP_PRESSURE_Sensor_Enable
                        0x0800cf11   0x2e  Code  Gb  steval_fcu001_v1_pressure.o [1]
BSP_TEMPERATURE_Get_Temp
                        0x0800d10f   0x3a  Code  Gb  steval_fcu001_v1_temperature.o [1]
BSP_TEMPERATURE_Init    0x0800cf95   0x1c  Code  Gb  steval_fcu001_v1_temperature.o [1]
BSP_TEMPERATURE_Sensor_Enable
                        0x0800d0e1   0x2e  Code  Gb  steval_fcu001_v1_temperature.o [1]
Batt_Env_RSSI_Update    0x08005bd1  0x116  Code  Gb  sensor_service.o [1]
BlueNRG_DataPresent     0x08004477   0x16  Code  Gb  SPBTLE_RF.o [1]
BlueNRG_Init            0x0800af65  0x1ee  Code  Gb  main.o [1]
BlueNRG_RST             0x08004453   0x24  Code  Gb  SPBTLE_RF.o [1]
BlueNRG_SPI_Read_All    0x0800448d   0xd0  Code  Gb  SPBTLE_RF.o [1]
BlueNRG_SPI_Write       0x0800455d   0xe2  Code  Gb  SPBTLE_RF.o [1]
BufferToWrite           0x20000948  0x100  Data  Gb  main.o [1]
BytesToWrite            0x20001304    0x4  Data  Gb  main.o [1]
CSTACK$$Base            0x20001368          --   Gb  - Linker created -
CSTACK$$Limit           0x20005368          --   Gb  - Linker created -
ClearTimer              0x080072f5    0x6  Code  Gb  timer.o [1]
Clear_SPI_EXTI_Flag     0x080046c9    0x8  Code  Gb  SPBTLE_RF.o [1]
ConfigCharHandle        0x20001356    0x2  Data  Lc  sensor_service.o [1]
ConfigCommandParsing    0x08006591    0x6  Code  Lc  sensor_service.o [1]
ConfigServW2STHandle    0x20001354    0x2  Data  Lc  sensor_service.o [1]
ConnectionBleStatus     0x20001300    0x4  Data  Gb  main.o [1]
ConsoleW2STHandle       0x20001358    0x2  Data  Lc  sensor_service.o [1]
DebugConsoleCommandParsing
                        0x0800623d  0x34e  Code  Lc  sensor_service.o [1]
DisableHWFeatures       0x080066d1    0x2  Code  Lc  sensor_service.o [1]
Disable_SPI_IRQ         0x080046bf    0xa  Code  Gb  SPBTLE_RF.o [1]
EXTI4_IRQHandler        0x080126e9    0xa  Code  Gb  stm32f4xx_it.o [1]
Enable_SPI_IRQ          0x080046b5    0xa  Code  Gb  SPBTLE_RF.o [1]
EnvironmentalCharHandle
                        0x2000134a    0x2  Data  Lc  sensor_service.o [1]
EnvironmentalCharSize   0x20000299    0x1  Data  Lc  sensor_service.o [1]
FlightControlPID_OuterLoop
                        0x0800c67d  0x1c8  Code  Gb  flight_control.o [1]
FlightControlPID_innerLoop
                        0x0800c845  0x3b2  Code  Gb  flight_control.o [1]
Fly_origin              0x2000122c    0x8  Data  Gb  main.o [1]
GAP_ConnectionComplete_CB
                        0x08005e37   0x5c  Code  Lc  sensor_service.o [1]
GAP_DisconnectionComplete_CB
                        0x08005e99   0x32  Code  Lc  sensor_service.o [1]
GPIO_PIN                0x08012f18    0x8  Data  Gb  steval_fcu001_v1.o [1]
GPIO_PORT               0x2000028c    0x8  Data  Gb  steval_fcu001_v1.o [1]
GYRO_Data               0x2000123c    0x8  Data  Lc  steval_fcu001_v1_gyro.o [1]
GYRO_SensorHandle       0x20001070   0x14  Data  Lc  steval_fcu001_v1_gyro.o [1]
GetTargetEulerAngle     0x08006841  0x13a  Code  Gb  rc.o [1]
HAL_ADC_ConfigChannel   0x0800dc47  0x184  Code  Gb  stm32f4xx_hal_adc.o [1]
HAL_ADC_GetValue        0x0800dc41    0x6  Code  Gb  stm32f4xx_hal_adc.o [1]
HAL_ADC_Init            0x0800da0d   0x66  Code  Gb  stm32f4xx_hal_adc.o [1]
HAL_ADC_MspInit         0x08004713   0x4c  Code  Gb  stm32f4xx_hal_msp.o [1]
HAL_ADC_PollForConversion
                        0x0800db97   0xaa  Code  Gb  stm32f4xx_hal_adc.o [1]
HAL_ADC_Start           0x0800da73   0xe6  Code  Gb  stm32f4xx_hal_adc.o [1]
HAL_ADC_Stop            0x0800db59   0x3e  Code  Gb  stm32f4xx_hal_adc.o [1]
HAL_DMA_Abort_IT        0x08004a01   0x28  Code  Gb  stm32f4xx_hal_dma.o [1]
HAL_Delay               0x08004f6b   0x18  Code  Wk  stm32f4xx_hal.o [1]
HAL_GPIO_EXTI_Callback  0x080043ad   0x18  Code  Gb  SPBTLE_RF.o [1]
HAL_GPIO_EXTI_IRQHandler
                        0x08003eab   0x22  Code  Gb  stm32f4xx_hal_gpio.o [1]
HAL_GPIO_Init           0x08003c71  0x1fe  Code  Gb  stm32f4xx_hal_gpio.o [1]
HAL_GPIO_ReadPin        0x08003e6f   0x16  Code  Gb  stm32f4xx_hal_gpio.o [1]
HAL_GPIO_TogglePin      0x08003e9f    0xc  Code  Gb  stm32f4xx_hal_gpio.o [1]
HAL_GPIO_WritePin       0x08003e85   0x1a  Code  Gb  stm32f4xx_hal_gpio.o [1]
HAL_GetHalVersion       0x080071e7    0x6  Code  Gb  stm32f4xx_hal.o [1]
HAL_GetTick             0x080049f5    0xc  Code  Wk  stm32f4xx_hal.o [1]
HAL_IncTick             0x080126f5   0x10  Code  Wk  stm32f4xx_hal.o [1]
HAL_Init                0x080071ad   0x3a  Code  Gb  stm32f4xx_hal.o [1]
HAL_InitTick            0x08008915   0x28  Code  Wk  stm32f4xx_hal.o [1]
HAL_MspInit             0x080046fd   0x16  Code  Gb  stm32f4xx_hal_msp.o [1]
HAL_NVIC_DisableIRQ     0x080050b9    0xe  Code  Gb  stm32f4xx_hal_cortex.o [1]
HAL_NVIC_EnableIRQ      0x080050ab    0xe  Code  Gb  stm32f4xx_hal_cortex.o [1]
HAL_NVIC_SetPriority    0x08005081   0x2a  Code  Gb  stm32f4xx_hal_cortex.o [1]
HAL_NVIC_SetPriorityGrouping
                        0x08005075    0xc  Code  Gb  stm32f4xx_hal_cortex.o [1]
HAL_PCD_ConnectCallback
                        0x0800ff5f    0xe  Code  Gb  usbd_conf.o [1]
HAL_PCD_DataInStageCallback
                        0x0800fe93   0x22  Code  Gb  usbd_conf.o [1]
HAL_PCD_DataOutStageCallback
                        0x0800fe6f   0x24  Code  Gb  usbd_conf.o [1]
HAL_PCD_DisconnectCallback
                        0x0800ff6d    0xe  Code  Gb  usbd_conf.o [1]
HAL_PCD_EP_ClrStall     0x0800f3b9   0x6a  Code  Gb  stm32f4xx_hal_pcd.o [1]
HAL_PCD_EP_Open         0x0800f18d   0xa6  Code  Gb  stm32f4xx_hal_pcd.o [1]
HAL_PCD_EP_Receive      0x0800f233   0x84  Code  Gb  stm32f4xx_hal_pcd.o [1]
HAL_PCD_EP_SetStall     0x0800f33b   0x7e  Code  Gb  stm32f4xx_hal_pcd.o [1]
HAL_PCD_EP_Transmit     0x0800f2b7   0x84  Code  Gb  stm32f4xx_hal_pcd.o [1]
HAL_PCD_IRQHandler      0x0800eb39  0x5fa  Code  Gb  stm32f4xx_hal_pcd.o [1]
HAL_PCD_ISOINIncompleteCallback
                        0x0800ff4b   0x14  Code  Gb  usbd_conf.o [1]
HAL_PCD_ISOOUTIncompleteCallback
                        0x0800ff37   0x14  Code  Gb  usbd_conf.o [1]
HAL_PCD_ResetCallback   0x0800fec3   0x32  Code  Gb  usbd_conf.o [1]
HAL_PCD_ResumeCallback  0x0800ff29    0xe  Code  Gb  usbd_conf.o [1]
HAL_PCD_SOFCallback     0x0800feb5    0xe  Code  Gb  usbd_conf.o [1]
HAL_PCD_SetAddress      0x0800f161   0x2c  Code  Gb  stm32f4xx_hal_pcd.o [1]
HAL_PCD_SetupStageCallback
                        0x0800fe5d   0x12  Code  Gb  usbd_conf.o [1]
HAL_PCD_SuspendCallback
                        0x0800fef5   0x34  Code  Gb  usbd_conf.o [1]
HAL_RCC_ClockConfig     0x08008945  0x190  Code  Gb  stm32f4xx_hal_rcc.o [1]
HAL_RCC_GetHCLKFreq     0x08008ad5    0x6  Code  Gb  stm32f4xx_hal_rcc.o [1]
HAL_RCC_GetPCLK1Freq    0x08008adb   0x20  Code  Gb  stm32f4xx_hal_rcc.o [1]
HAL_RCC_GetPCLK2Freq    0x08008afb   0x20  Code  Gb  stm32f4xx_hal_rcc.o [1]
HAL_RCC_OscConfig       0x0800d649  0x3c4  Code  Wk  stm32f4xx_hal_rcc.o [1]
HAL_SPI_GetState        0x080042c1    0x6  Code  Gb  stm32f4xx_hal_spi.o [1]
HAL_SPI_IRQHandler      0x080041b1  0x110  Code  Gb  stm32f4xx_hal_spi.o [1]
HAL_SPI_Init            0x08003efd   0x8e  Code  Gb  stm32f4xx_hal_spi.o [1]
HAL_SPI_MspInit         0x0800475f  0x138  Code  Gb  stm32f4xx_hal_msp.o [1]
HAL_SPI_TransmitReceive
                        0x08003f8b  0x226  Code  Gb  stm32f4xx_hal_spi.o [1]
HAL_SYSTICK_CLKSourceConfig
                        0x080050d3   0x20  Code  Gb  stm32f4xx_hal_cortex.o [1]
HAL_SYSTICK_Callback    0x08006789   0x2e  Code  Gb  rc.o [1]
HAL_SYSTICK_Config      0x080050c7    0xc  Code  Gb  stm32f4xx_hal_cortex.o [1]
HAL_SYSTICK_IRQHandler  0x08005119    0x8  Code  Gb  stm32f4xx_hal_cortex.o [1]
HAL_TIMEx_BreakCallback
                        0x0800e12d    0x2  Code  Wk  stm32f4xx_hal_tim_ex.o [1]
HAL_TIMEx_CommutationCallback
                        0x0800e131    0x2  Code  Wk  stm32f4xx_hal_tim_ex.o [1]
HAL_TIMEx_MasterConfigSynchronization
                        0x0800df51   0x5a  Code  Gb  stm32f4xx_hal_tim_ex.o [1]
HAL_TIM_Base_Init       0x0800bbf9   0x38  Code  Gb  stm32f4xx_hal_tim.o [1]
HAL_TIM_Base_MspInit    0x08004897   0xd4  Code  Gb  stm32f4xx_hal_msp.o [1]
HAL_TIM_Base_Start_IT   0x0800bc31   0x1e  Code  Gb  stm32f4xx_hal_tim.o [1]
HAL_TIM_ConfigClockSource
                        0x0800c0b1  0x11c  Code  Gb  stm32f4xx_hal_tim.o [1]
HAL_TIM_IC_CaptureCallback
                        0x0800677d    0xc  Code  Gb  rc.o [1]
HAL_TIM_IC_ConfigChannel
                        0x0800bedb   0xd6  Code  Gb  stm32f4xx_hal_tim.o [1]
HAL_TIM_IC_Init         0x0800bcbd   0x38  Code  Gb  stm32f4xx_hal_tim.o [1]
HAL_TIM_IC_Start_IT     0x0800bcf5   0x6c  Code  Gb  stm32f4xx_hal_tim.o [1]
HAL_TIM_IRQHandler      0x0800bd65  0x176  Code  Gb  stm32f4xx_hal_tim.o [1]
HAL_TIM_PWM_ConfigChannel
                        0x0800bfb1  0x100  Code  Gb  stm32f4xx_hal_tim.o [1]
HAL_TIM_PWM_Init        0x0800bc4f   0x38  Code  Gb  stm32f4xx_hal_tim.o [1]
HAL_TIM_PWM_Start       0x0800bc87   0x36  Code  Gb  stm32f4xx_hal_tim.o [1]
HAL_TIM_PeriodElapsedCallback
                        0x0800a569  0x932  Code  Gb  main.o [1]
HAL_UART_IRQHandler     0x080074c7  0x14a  Code  Gb  stm32f4xx_hal_uart.o [1]
HAL_UART_Init           0x08007371   0x76  Code  Gb  stm32f4xx_hal_uart.o [1]
HAL_UART_MspInit        0x0800496b   0x5c  Code  Gb  stm32f4xx_hal_msp.o [1]
HAL_UART_Transmit       0x080073e7   0xe0  Code  Gb  stm32f4xx_hal_uart.o [1]
HCI_Event_CB            0x08006597   0x96  Code  Gb  sensor_service.o [1]
HCI_Init                0x08004a35   0x38  Code  Gb  hci.o [1]
HCI_Isr                 0x08004aeb   0x76  Code  Gb  hci.o [1]
HCI_Process             0x08004a91   0x50  Code  Gb  hci.o [1]
HCI_ProcessEvent        0x200012a8    0x4  Data  Gb  main.o [1]
HCI_Queue_Empty         0x08004ae1    0xa  Code  Gb  hci.o [1]
HCI_verify              0x08004a6d   0x24  Code  Gb  hci.o [1]
HWServW2STHandle        0x20001348    0x2  Data  Lc  sensor_service.o [1]
Hal_Write_Serial        0x080043c5   0x38  Code  Gb  SPBTLE_RF.o [1]
Init_BlueNRG_Custom_Services
                        0x0800b161   0x4c  Code  Lc  main.o [1]
LIS2MDLDrv              0x20000004   0x48  Data  Gb  LIS2MDL_MAG_driver_HL.o [1]
LIS2MDL_Check_WhoAmI    0x080120c5   0x2c  Code  Lc  LIS2MDL_MAG_driver_HL.o [1]
LIS2MDL_DeInit          0x08012037   0x28  Code  Lc  LIS2MDL_MAG_driver_HL.o [1]
LIS2MDL_Get_Axes        0x080120f1   0x82  Code  Lc  LIS2MDL_MAG_driver_HL.o [1]
LIS2MDL_Get_AxesRaw     0x08012173   0x2c  Code  Lc  LIS2MDL_MAG_driver_HL.o [1]
LIS2MDL_Get_Axes_Raw    0x08012349   0x32  Code  Lc  LIS2MDL_MAG_driver_HL.o [1]
LIS2MDL_Get_DRDY_Status
                        0x0801231b   0x2e  Code  Lc  LIS2MDL_MAG_driver_HL.o [1]
LIS2MDL_Get_FS          0x080122a3    0xa  Code  Lc  LIS2MDL_MAG_driver_HL.o [1]
LIS2MDL_Get_ODR         0x080121ab   0x50  Code  Lc  LIS2MDL_MAG_driver_HL.o [1]
LIS2MDL_Get_Sensitivity
                        0x0801219f    0xc  Code  Lc  LIS2MDL_MAG_driver_HL.o [1]
LIS2MDL_Get_WhoAmI      0x080120ab   0x1a  Code  Lc  LIS2MDL_MAG_driver_HL.o [1]
LIS2MDL_Init            0x08011fcd   0x6a  Code  Lc  LIS2MDL_MAG_driver_HL.o [1]
LIS2MDL_MAG_Get_MagneticOutputs
                        0x08012555   0x5a  Code  Gb  LIS2MDL_MAG_driver.o [1]
LIS2MDL_MAG_R_DataRate  0x0801247d   0x26  Code  Gb  LIS2MDL_MAG_driver.o [1]
LIS2MDL_MAG_R_STATUS_bits
                        0x08012533   0x22  Code  Gb  LIS2MDL_MAG_driver.o [1]
LIS2MDL_MAG_R_WhoAmI_Bits
                        0x080123c7   0x26  Code  Gb  LIS2MDL_MAG_driver.o [1]
LIS2MDL_MAG_ReadReg     0x080123a1   0x26  Code  Gb  LIS2MDL_MAG_driver.o [1]
LIS2MDL_MAG_W_BlockDataUpdate
                        0x080124eb   0x48  Code  Gb  LIS2MDL_MAG_driver.o [1]
LIS2MDL_MAG_W_DataRate  0x08012435   0x48  Code  Gb  LIS2MDL_MAG_driver.o [1]
LIS2MDL_MAG_W_Operating_Mode
                        0x080123ed   0x48  Code  Gb  LIS2MDL_MAG_driver.o [1]
LIS2MDL_MAG_W_SelfTest  0x080124a3   0x48  Code  Gb  LIS2MDL_MAG_driver.o [1]
LIS2MDL_MAG_WriteReg    0x0801237b   0x26  Code  Gb  LIS2MDL_MAG_driver.o [1]
LIS2MDL_M_0_Data        0x20001366    0x1  Data  Lc  steval_fcu001_v1_magneto.o [1]
LIS2MDL_M_0_handle      0x200012b4    0x4  Data  Lc  main.o [1]
LIS2MDL_Read_Reg        0x080122d9   0x22  Code  Lc  LIS2MDL_MAG_driver_HL.o [1]
LIS2MDL_Sensor_Disable  0x08012085   0x26  Code  Lc  LIS2MDL_MAG_driver_HL.o [1]
LIS2MDL_Sensor_Enable   0x0801205f   0x26  Code  Lc  LIS2MDL_MAG_driver_HL.o [1]
LIS2MDL_Set_FS          0x080122cd    0x6  Code  Lc  LIS2MDL_MAG_driver_HL.o [1]
LIS2MDL_Set_FS_Value    0x080122d3    0x6  Code  Lc  LIS2MDL_MAG_driver_HL.o [1]
LIS2MDL_Set_ODR         0x080121fb   0x4a  Code  Lc  LIS2MDL_MAG_driver_HL.o [1]
LIS2MDL_Set_ODR_Value   0x08012245   0x5e  Code  Lc  LIS2MDL_MAG_driver_HL.o [1]
LIS2MDL_Write_Reg       0x080122fb   0x20  Code  Lc  LIS2MDL_MAG_driver_HL.o [1]
LPS22HB_Check_WhoAmI    0x08011ce5   0x2c  Code  Lc  LPS22HB_Driver_HL.o [1]
LPS22HB_Combo_Data      0x20001214    0x8  Data  Gb  LPS22HB_Driver_HL.o [1]
LPS22HB_Get_DataStatus  0x0800e47d   0x46  Code  Gb  LPS22HB_Driver.o [1]
LPS22HB_Get_DeviceID    0x0800e1b3   0x1e  Code  Gb  LPS22HB_Driver.o [1]
LPS22HB_Get_ODR         0x08011d7b   0x66  Code  Lc  LPS22HB_Driver_HL.o [1]
LPS22HB_Get_Odr         0x0800e261   0x28  Code  Gb  LPS22HB_Driver.o [1]
LPS22HB_Get_Press       0x08011d11   0x32  Code  Lc  LPS22HB_Driver_HL.o [1]
LPS22HB_Get_Pressure    0x0800e50b   0x2a  Code  Gb  LPS22HB_Driver.o [1]
LPS22HB_Get_RawPressure
                        0x0800e4c3   0x48  Code  Gb  LPS22HB_Driver.o [1]
LPS22HB_Get_RawTemperature
                        0x0800e535   0x2e  Code  Gb  LPS22HB_Driver.o [1]
LPS22HB_Get_Temp        0x08011d43   0x38  Code  Lc  LPS22HB_Driver_HL.o [1]
LPS22HB_Get_Temperature
                        0x0800e563   0x2c  Code  Gb  LPS22HB_Driver.o [1]
LPS22HB_Get_WhoAmI      0x08011ccb   0x1a  Code  Lc  LPS22HB_Driver_HL.o [1]
LPS22HB_Initialize      0x08011c2d   0x9e  Code  Lc  LPS22HB_Driver_HL.o [1]
LPS22HB_P_0_Data        0x20001324    0x4  Data  Lc  steval_fcu001_v1_pressure.o [1]
LPS22HB_P_0_handle      0x200012b8    0x4  Data  Lc  main.o [1]
LPS22HB_P_Check_WhoAmI  0x08011935    0xc  Code  Lc  LPS22HB_Driver_HL.o [1]
LPS22HB_P_DeInit        0x08011891   0x2a  Code  Lc  LPS22HB_Driver_HL.o [1]
LPS22HB_P_Drv           0x2000004c   0x34  Data  Gb  LPS22HB_Driver_HL.o [1]
LPS22HB_P_Get_DRDY_Status
                        0x08011a29   0x20  Code  Lc  LPS22HB_Driver_HL.o [1]
LPS22HB_P_Get_ODR       0x08011951   0x10  Code  Lc  LPS22HB_Driver_HL.o [1]
LPS22HB_P_Get_Press     0x08011941   0x10  Code  Lc  LPS22HB_Driver_HL.o [1]
LPS22HB_P_Get_WhoAmI    0x08011925   0x10  Code  Lc  LPS22HB_Driver_HL.o [1]
LPS22HB_P_Init          0x08011865   0x2c  Code  Lc  LPS22HB_Driver_HL.o [1]
LPS22HB_P_Read_Reg      0x080119e7   0x20  Code  Lc  LPS22HB_Driver_HL.o [1]
LPS22HB_P_Sensor_Disable
                        0x080118ef   0x36  Code  Lc  LPS22HB_Driver_HL.o [1]
LPS22HB_P_Sensor_Enable
                        0x080118bb   0x34  Code  Lc  LPS22HB_Driver_HL.o [1]
LPS22HB_P_Set_ODR       0x08011961   0x3e  Code  Lc  LPS22HB_Driver_HL.o [1]
LPS22HB_P_Set_ODR_Value
                        0x0801199f   0x48  Code  Lc  LPS22HB_Driver_HL.o [1]
LPS22HB_P_Write_Reg     0x08011a07   0x22  Code  Lc  LPS22HB_Driver_HL.o [1]
LPS22HB_ReadReg         0x0800e133   0x40  Code  Gb  LPS22HB_Driver.o [1]
LPS22HB_Read_Reg        0x08011f89   0x22  Code  Lc  LPS22HB_Driver_HL.o [1]
LPS22HB_Set_AutomaticIncrementRegAddress
                        0x0800e3e7   0x4a  Code  Gb  LPS22HB_Driver.o [1]
LPS22HB_Set_Bdu         0x0800e31b   0x48  Code  Gb  LPS22HB_Driver.o [1]
LPS22HB_Set_I2C         0x0800e431   0x4c  Code  Gb  LPS22HB_Driver.o [1]
LPS22HB_Set_LowPassFilter
                        0x0800e289   0x4a  Code  Gb  LPS22HB_Driver.o [1]
LPS22HB_Set_LowPassFilterCutoff
                        0x0800e2d3   0x48  Code  Gb  LPS22HB_Driver.o [1]
LPS22HB_Set_ODR_Value_When_Disabled
                        0x08011f01   0x5e  Code  Lc  LPS22HB_Driver_HL.o [1]
LPS22HB_Set_ODR_Value_When_Enabled
                        0x08011e7d   0x82  Code  Lc  LPS22HB_Driver_HL.o [1]
LPS22HB_Set_ODR_When_Disabled
                        0x08011e3d   0x40  Code  Lc  LPS22HB_Driver_HL.o [1]
LPS22HB_Set_ODR_When_Enabled
                        0x08011de1   0x5c  Code  Lc  LPS22HB_Driver_HL.o [1]
LPS22HB_Set_Odr         0x0800e219   0x48  Code  Gb  LPS22HB_Driver.o [1]
LPS22HB_Set_PowerMode   0x0800e1d1   0x48  Code  Gb  LPS22HB_Driver.o [1]
LPS22HB_Set_SpiInterface
                        0x0800e363   0x48  Code  Gb  LPS22HB_Driver.o [1]
LPS22HB_SwResetAndMemoryBoot
                        0x0800e3ab   0x3c  Code  Gb  LPS22HB_Driver.o [1]
LPS22HB_T_0_Data        0x20001328    0x4  Data  Lc  steval_fcu001_v1_temperature.o [1]
LPS22HB_T_0_handle      0x200012bc    0x4  Data  Lc  main.o [1]
LPS22HB_T_Check_WhoAmI  0x08011b19    0xc  Code  Lc  LPS22HB_Driver_HL.o [1]
LPS22HB_T_DeInit        0x08011a75   0x2a  Code  Lc  LPS22HB_Driver_HL.o [1]
LPS22HB_T_Drv           0x20000080   0x34  Data  Gb  LPS22HB_Driver_HL.o [1]
LPS22HB_T_Get_DRDY_Status
                        0x08011c0d   0x20  Code  Lc  LPS22HB_Driver_HL.o [1]
LPS22HB_T_Get_ODR       0x08011b35   0x10  Code  Lc  LPS22HB_Driver_HL.o [1]
LPS22HB_T_Get_Temp      0x08011b25   0x10  Code  Lc  LPS22HB_Driver_HL.o [1]
LPS22HB_T_Get_WhoAmI    0x08011b09   0x10  Code  Lc  LPS22HB_Driver_HL.o [1]
LPS22HB_T_Init          0x08011a49   0x2c  Code  Lc  LPS22HB_Driver_HL.o [1]
LPS22HB_T_Read_Reg      0x08011bcb   0x20  Code  Lc  LPS22HB_Driver_HL.o [1]
LPS22HB_T_Sensor_Disable
                        0x08011ad3   0x36  Code  Lc  LPS22HB_Driver_HL.o [1]
LPS22HB_T_Sensor_Enable
                        0x08011a9f   0x34  Code  Lc  LPS22HB_Driver_HL.o [1]
LPS22HB_T_Set_ODR       0x08011b45   0x3e  Code  Lc  LPS22HB_Driver_HL.o [1]
LPS22HB_T_Set_ODR_Value
                        0x08011b83   0x48  Code  Lc  LPS22HB_Driver_HL.o [1]
LPS22HB_T_Write_Reg     0x08011beb   0x22  Code  Lc  LPS22HB_Driver_HL.o [1]
LPS22HB_WriteReg        0x0800e173   0x40  Code  Gb  LPS22HB_Driver.o [1]
LPS22HB_Write_Reg       0x08011fab   0x20  Code  Lc  LPS22HB_Driver_HL.o [1]
LSM303AGR_ACC_Get_Acceleration
                        0x0801147b  0x170  Code  Gb  LSM303AGR_ACC_driver.o [1]
LSM303AGR_ACC_Get_Raw_Acceleration
                        0x08011421   0x5a  Code  Gb  LSM303AGR_ACC_driver.o [1]
LSM303AGR_ACC_R_FullScale
                        0x080113fb   0x26  Code  Gb  LSM303AGR_ACC_driver.o [1]
LSM303AGR_ACC_R_HiRes   0x080117cf   0x26  Code  Gb  LSM303AGR_ACC_driver.o [1]
LSM303AGR_ACC_R_LOWPWR_EN
                        0x080117a9   0x26  Code  Gb  LSM303AGR_ACC_driver.o [1]
LSM303AGR_ACC_R_ODR     0x08011639   0x26  Code  Gb  LSM303AGR_ACC_driver.o [1]
LSM303AGR_ACC_R_WHO_AM_I
                        0x08011345   0x26  Code  Gb  LSM303AGR_ACC_driver.o [1]
LSM303AGR_ACC_R_XDataAvail
                        0x080117f5   0x26  Code  Gb  LSM303AGR_ACC_driver.o [1]
LSM303AGR_ACC_R_XEN     0x080116a7   0x26  Code  Gb  LSM303AGR_ACC_driver.o [1]
LSM303AGR_ACC_R_YEN     0x08011715   0x26  Code  Gb  LSM303AGR_ACC_driver.o [1]
LSM303AGR_ACC_R_ZEN     0x08011783   0x26  Code  Gb  LSM303AGR_ACC_driver.o [1]
LSM303AGR_ACC_ReadReg   0x08011313   0x32  Code  Gb  LSM303AGR_ACC_driver.o [1]
LSM303AGR_ACC_Sensitivity_List
                        0x08012740   0x60  Data  Gb  LSM303AGR_ACC_driver.o [1]
LSM303AGR_ACC_W_BlockDataUpdate
                        0x0801136b   0x48  Code  Gb  LSM303AGR_ACC_driver.o [1]
LSM303AGR_ACC_W_FifoMode
                        0x0801181b   0x48  Code  Gb  LSM303AGR_ACC_driver.o [1]
LSM303AGR_ACC_W_FullScale
                        0x080113b3   0x48  Code  Gb  LSM303AGR_ACC_driver.o [1]
LSM303AGR_ACC_W_ODR     0x080115f1   0x48  Code  Gb  LSM303AGR_ACC_driver.o [1]
LSM303AGR_ACC_W_XEN     0x0801165f   0x48  Code  Gb  LSM303AGR_ACC_driver.o [1]
LSM303AGR_ACC_W_YEN     0x080116cd   0x48  Code  Gb  LSM303AGR_ACC_driver.o [1]
LSM303AGR_ACC_W_ZEN     0x0801173b   0x48  Code  Gb  LSM303AGR_ACC_driver.o [1]
LSM303AGR_ACC_WriteReg  0x080112e1   0x32  Code  Gb  LSM303AGR_ACC_driver.o [1]
LSM303AGR_X_0_Data      0x20001320    0x4  Data  Lc  steval_fcu001_v1_accelero.o [1]
LSM303AGR_X_Check_WhoAmI
                        0x08010b0f   0x2c  Code  Lc  LSM303AGR_ACC_driver_HL.o [1]
LSM303AGR_X_DeInit      0x08010a5f   0x30  Code  Lc  LSM303AGR_ACC_driver_HL.o [1]
LSM303AGR_X_Drv         0x200000b4   0x50  Data  Gb  LSM303AGR_ACC_driver_HL.o [1]
LSM303AGR_X_Get_Axes    0x08010b3b   0x26  Code  Lc  LSM303AGR_ACC_driver_HL.o [1]
LSM303AGR_X_Get_AxesRaw
                        0x08010b61   0x2c  Code  Lc  LSM303AGR_ACC_driver_HL.o [1]
LSM303AGR_X_Get_Axes_Raw
                        0x08010f41   0x96  Code  Lc  LSM303AGR_ACC_driver_HL.o [1]
LSM303AGR_X_Get_Axes_Status
                        0x08010dfd   0x6e  Code  Lc  LSM303AGR_ACC_driver_HL.o [1]
LSM303AGR_X_Get_DRDY_Status
                        0x08010f0b   0x36  Code  Lc  LSM303AGR_ACC_driver_HL.o [1]
LSM303AGR_X_Get_FS      0x08010d01   0x5a  Code  Lc  LSM303AGR_ACC_driver_HL.o [1]
LSM303AGR_X_Get_ODR     0x08010c07   0x88  Code  Lc  LSM303AGR_ACC_driver_HL.o [1]
LSM303AGR_X_Get_Sensitivity
                        0x08010b8d   0x7a  Code  Lc  LSM303AGR_ACC_driver_HL.o [1]
LSM303AGR_X_Get_Sensitivity_HR_Mode
                        0x0801122f   0x50  Code  Lc  LSM303AGR_ACC_driver_HL.o [1]
LSM303AGR_X_Get_Sensitivity_LP_Mode
                        0x080111df   0x50  Code  Lc  LSM303AGR_ACC_driver_HL.o [1]
LSM303AGR_X_Get_Sensitivity_Normal_Mode
                        0x0801118f   0x50  Code  Lc  LSM303AGR_ACC_driver_HL.o [1]
LSM303AGR_X_Get_WhoAmI  0x08010af5   0x1a  Code  Lc  LSM303AGR_ACC_driver_HL.o [1]
LSM303AGR_X_Init        0x080109e1   0x7e  Code  Lc  LSM303AGR_ACC_driver_HL.o [1]
LSM303AGR_X_Read_Reg    0x08010ec9   0x22  Code  Lc  LSM303AGR_ACC_driver_HL.o [1]
LSM303AGR_X_Sensor_Disable
                        0x08010abb   0x3a  Code  Lc  LSM303AGR_ACC_driver_HL.o [1]
LSM303AGR_X_Sensor_Enable
                        0x08010a8f   0x2c  Code  Lc  LSM303AGR_ACC_driver_HL.o [1]
LSM303AGR_X_Set_Axes_Status
                        0x08010e6b   0x5e  Code  Lc  LSM303AGR_ACC_driver_HL.o [1]
LSM303AGR_X_Set_FS      0x08010d5b   0x3e  Code  Lc  LSM303AGR_ACC_driver_HL.o [1]
LSM303AGR_X_Set_FS_Value
                        0x08010d99   0x5e  Code  Lc  LSM303AGR_ACC_driver_HL.o [1]
LSM303AGR_X_Set_ODR     0x08010c8f   0x34  Code  Lc  LSM303AGR_ACC_driver_HL.o [1]
[...]
USBD_LL_SetUSBAddress   0x08010005   0x16  Code  Gb  usbd_conf.o [1]
USBD_LL_SetupStage      0x080100a5   0x6a  Code  Gb  usbd_core.o [1]
USBD_LL_StallEP         0x0800ffa3   0x16  Code  Gb  usbd_conf.o [1]
USBD_LL_Suspend         0x080102d1   0x14  Code  Gb  usbd_core.o [1]
USBD_LL_Transmit        0x0801001b   0x20  Code  Gb  usbd_conf.o [1]
USBD_ParseSetupRequest  0x0801090d   0x28  Code  Gb  usbd_ctlreq.o [1]
USBD_RunTestMode        0x0801005b    0x6  Code  Gb  usbd_core.o [1]
USBD_SetAddress         0x080106e5   0x62  Code  Lc  usbd_ctlreq.o [1]
USBD_SetClassConfig     0x08010061   0x2c  Code  Gb  usbd_core.o [1]
USBD_SetConfig          0x08010747   0xda  Code  Lc  usbd_ctlreq.o [1]
USBD_SetConfig::cfgidx  0x20001367    0x1  Data  Lc  usbd_ctlreq.o [1]
USBD_SetFeature         0x080108ad   0x26  Code  Lc  usbd_ctlreq.o [1]
USBD_StdDevReq          0x08010345   0x7c  Code  Gb  usbd_ctlreq.o [1]
USBD_StdEPReq           0x0801040f  0x17e  Code  Gb  usbd_ctlreq.o [1]
USBD_StdItfReq          0x080103c1   0x4e  Code  Gb  usbd_ctlreq.o [1]
USB_ActivateEndpoint    0x0800f567   0xc0  Code  Gb  stm32f4xx_ll_usb.o [1]
USB_ActivateSetup       0x0800fdb7   0x44  Code  Gb  stm32f4xx_ll_usb.o [1]
USB_EP0StartXfer        0x0800f971  0x1ee  Code  Gb  stm32f4xx_ll_usb.o [1]
USB_EP0_OutStart        0x0800fdfb   0x5a  Code  Gb  stm32f4xx_ll_usb.o [1]
USB_EPClearStall        0x0800fc6d   0x96  Code  Gb  stm32f4xx_ll_usb.o [1]
USB_EPSetStall          0x0800fbcf   0x9e  Code  Gb  stm32f4xx_ll_usb.o [1]
USB_EPStartXfer         0x0800f627  0x348  Code  Gb  stm32f4xx_ll_usb.o [1]
USB_FlushTxFifo         0x0800f4f5   0x24  Code  Gb  stm32f4xx_ll_usb.o [1]
USB_GetDevSpeed         0x0800f519   0x4e  Code  Gb  stm32f4xx_ll_usb.o [1]
USB_GetMode             0x0800fdaf    0x8  Code  Gb  stm32f4xx_ll_usb.o [1]
USB_ReadDevAllInEpInterrupt
                        0x0800fd51   0x14  Code  Gb  stm32f4xx_ll_usb.o [1]
USB_ReadDevAllOutEpInterrupt
                        0x0800fd3d   0x14  Code  Gb  stm32f4xx_ll_usb.o [1]
USB_ReadDevInEPInterrupt
                        0x0800fd7f   0x30  Code  Gb  stm32f4xx_ll_usb.o [1]
USB_ReadDevOutEPInterrupt
                        0x0800fd65   0x1a  Code  Gb  stm32f4xx_ll_usb.o [1]
USB_ReadInterrupts      0x0800fd31    0xc  Code  Gb  stm32f4xx_ll_usb.o [1]
USB_ReadPacket          0x0800fba7   0x28  Code  Gb  stm32f4xx_ll_usb.o [1]
USB_SetDevAddress       0x0800fd03   0x2e  Code  Gb  stm32f4xx_ll_usb.o [1]
USB_WritePacket         0x0800fb5f   0x48  Code  Gb  stm32f4xx_ll_usb.o [1]
User_Timer_Callback     0x08007325    0xa  Code  Gb  timer.o [1]
VBAT                    0x200012fc    0x4  Data  Gb  main.o [1]
VBAT_Sense              0x200012f8    0x4  Data  Gb  main.o [1]
_GenldFullNoMb          0x08008611  0x274  Code  Lc  xprintffull_nomb.o [3]
_LdtobFullNoMb          0x080081e5  0x3fe  Code  Lc  xprintffull_nomb.o [3]
_LitobFullNoMb          0x0800808d  0x112  Code  Lc  xprintffull_nomb.o [3]
_PrintfFullNoMb         0x08007af1  0x1a4  Code  Gb  xprintffull_nomb.o [3]
_PutcharsFullNoMb       0x08008885   0x2e  Code  Lc  xprintffull_nomb.o [3]
_PutfldFullNoMb         0x08007d1d  0x264  Code  Lc  xprintffull_nomb.o [3]
_PuttxtFullNoMb         0x08007f81  0x10c  Code  Lc  xprintffull_nomb.o [3]
_SNProut                0x08003c57   0x1a  Code  Gb  xsnprout.o [3]
_SProut                 0x08004a2b    0xa  Code  Gb  xsprout.o [3]
__aeabi_cdcmpeq         0x0800eb19         Code  Gb  DblCmpEq.o [4]
__aeabi_cdcmple         0x0800914d         Code  Gb  DblCmpLe.o [4]
__aeabi_cdrcmple        0x0800917d         Code  Gb  DblCmpGe.o [4]
__aeabi_d2f             0x0800d191         Code  Gb  DblToFlt.o [4]
__aeabi_d2iz            0x080092e9         Code  Gb  DblToS32.o [4]
__aeabi_d2uiz           0x08009675         Code  Gb  DblToU32.o [4]
__aeabi_dadd            0x080096c1         Code  Gb  DblAdd.o [4]
__aeabi_ddiv            0x0800942d         Code  Gb  DblDiv.o [4]
__aeabi_dmul            0x08008f39         Code  Gb  DblMul.o [4]
__aeabi_dsub            0x08009349         Code  Gb  DblSub.o [4]
__aeabi_f2d             0x0800d149         Code  Gb  FltToDbl.o [4]
__aeabi_i2d             0x08009325         Code  Gb  S32ToDbl.o [4]
__aeabi_ldiv0           0x080096bd         Code  Gb  I64DivZer.o [5]
__aeabi_ldivmod         0x08008cc5         Code  Gb  I64DivMod.o [5]
__aeabi_memcpy          0x08006d1d         Code  Gb  ABImemcpy.o [5]
__aeabi_memcpy4         0x08006d3d         Code  Gb  ABImemcpy.o [5]
__aeabi_memcpy8         0x08006d3d         Code  Gb  ABImemcpy.o [5]
__aeabi_memset          0x08007269         Code  Gb  ABImemset.o [5]
__aeabi_ui2d            0x0800969d         Code  Gb  U32ToDbl.o [4]
__aeabi_uldivmod        0x08008d09         Code  Gb  I64DivMod.o [5]
__cmain                 0x08012d4d         Code  Gb  cmain.o [5]
__exit                  0x08009839   0x14  Code  Gb  exit.o [6]
__iar_Atan64            0x0800e911  0x170  Code  Gb  iar_Atan64.o [4]
__iar_Fail_s            0x08008bf5   0x1c  Code  Gb  xfail_s.o [3]
__iar_Memchr            0x08008c6d         Code  Gb  memchr.o [5]
__iar_Memset            0x08007269         Code  Gb  ABImemset.o [5]
__iar_Memset_word       0x08007271         Code  Gb  ABImemset.o [5]
__iar_Strchr            0x08008bdd         Code  Gb  strchr.o [5]
__iar_asin64            0x0800e5ed   0xf0  Code  Gb  asin64.o [4]
__iar_atan2_64          0x0800e6dd  0x13c  Code  Gb  atan2_64.o [4]
__iar_dadd              0x08009359         Code  Gb  DblSub.o [4]
__iar_data_init3        0x08012b4d   0x28  Code  Gb  data_init.o [5]
__iar_dsub              0x080096d1         Code  Gb  DblAdd.o [4]
__iar_dsubStart         0x080096e3         Code  Gb  DblAdd.o [4]
__iar_frexp             0x080090e9         Code  Gb  frexp.o [4]
__iar_frexpl            0x080090e9         Code  Gb  frexp.o [4]
__iar_init_vfp          0x08012c29         Code  Gb  fpinit_M.o [4]
__iar_ldexp64           0x080091ad         Code  Gb  ldexp.o [4]
__iar_lz77_init_single3
                        0x08001fe7   0x7a  Code  Gb  lz77_init_single.o [5]
__iar_program_start     0x08012ec5         Code  Gb  cstartup_M.o [5]
__iar_scalbln64         0x080091ad         Code  Gb  ldexp.o [4]
__iar_scalbn64          0x080091ad         Code  Gb  ldexp.o [4]
__iar_softfp___iar_frexp64
                        0x080090dd         Code  Gb  frexp.o [4]
__iar_softfp_frexp      0x080090dd         Code  Gb  frexp.o [4]
__iar_softfp_frexpl     0x080090dd         Code  Gb  frexp.o [4]
__iar_sqrt64            0x0800e819         Code  Gb  sqrt.o [4]
__iar_systems$$module {Abs}
                        0x00000001         Data  Gb  command line/config [2]
__iar_vfp_asin          0x0800e5cf    0xc  Code  Gb  math_wrappers64.o [4]
__iar_vfp_atan2         0x0800e5db   0x10  Code  Gb  math_wrappers64.o [4]
__iar_zero_init3        0x08012801   0x40  Code  Gb  zero_init3.o [5]
__low_level_init        0x08012d6b    0x4  Code  Gb  low_level_init.o [3]
__vector_table          0x08000000         Data  Gb  startup_stm32f401xc.o [1]
_call_main              0x08012d59         Code  Gb  cmain.o [5]
_exit                   0x08012d75         Code  Gb  cexit.o [5]
_main                   0x08012d67         Code  Gb  cmain.o [5]
a                       0x0800ead8   0x40  Data  Lc  iar_Atan64.o [4]
abort                   0x080096b7    0x6  Code  Gb  abort.o [3]
acc                     0x20001144    0xc  Data  Gb  main.o [1]
acc_FIFO                0x20000ddc   0x3c  Data  Gb  main.o [1]
acc_ahrs                0x2000118c    0xc  Data  Gb  main.o [1]
acc_ahrs_FIFO           0x20000da0   0x3c  Data  Gb  main.o [1]
acc_fil                 0x20001180    0xc  Data  Gb  main.o [1]
acc_fil_int             0x20001168    0xc  Data  Gb  main.o [1]
acc_off_calc            0x200011bc    0xc  Data  Gb  main.o [1]
acc_offset              0x200011d4    0xc  Data  Gb  main.o [1]
acc_x_pre               0x20000f20   0x30  Data  Gb  main.o [1]
acc_y_pre               0x20000ef0   0x30  Data  Gb  main.o [1]
aci_gap_init_IDB05A1    0x08006e51   0x8e  Code  Gb  bluenrg_gap_aci.o [1]
aci_gap_set_auth_requirement
                        0x08007015   0x90  Code  Gb  bluenrg_gap_aci.o [1]
aci_gap_set_discoverable
                        0x08006edf  0x136  Code  Gb  bluenrg_gap_aci.o [1]
aci_gap_update_adv_data
                        0x080070a5   0x74  Code  Gb  bluenrg_gap_aci.o [1]
aci_gatt_add_char       0x08006b09  0x114  Code  Gb  bluenrg_gatt_aci.o [1]
aci_gatt_add_serv       0x08006a45   0xc4  Code  Gb  bluenrg_gatt_aci.o [1]
aci_gatt_allow_read     0x08006cd1   0x4c  Code  Gb  bluenrg_gatt_aci.o [1]
aci_gatt_init           0x08006a09   0x3c  Code  Gb  bluenrg_gatt_aci.o [1]
aci_gatt_update_char_value
                        0x08006c1d   0xb4  Code  Gb  bluenrg_gatt_aci.o [1]
aci_hal_set_tx_power_level
                        0x0800e0d5   0x50  Code  Gb  bluenrg_hal_aci.o [1]
aci_hal_write_config_data
                        0x0800e053   0x82  Code  Gb  bluenrg_hal_aci.o [1]
aci_l2cap_connection_parameter_update_request
                        0x08007119   0x6a  Code  Gb  bluenrg_l2cap_aci.o [1]
ahrs                    0x2000102c   0x1c  Data  Gb  main.o [1]
ahrs_fusion_ag          0x0800d1f9  0x368  Code  Gb  ahrs.o [1]
ahrs_kp                 0x20001274    0x4  Data  Gb  ahrs.o [1]
appearance_char_handle  0x2000133e    0x2  Data  Gb  main.o [1]
asin                    0x0800e5ed   0xf0  Code  Gb  asin64.o [4]
asinl                   0x0800e5ed   0xf0  Code  Gb  asin64.o [4]
atan2                   0x0800e6dd  0x13c  Code  Gb  atan2_64.o [4]
atan2l                  0x0800e6dd  0x13c  Code  Gb  atan2_64.o [4]
bdaddr                  0x20001224    0x8  Data  Gb  main.o [1]
breath                  0x2000131c    0x4  Data  Lc  sensor_service.o [1]
ch                      0x20001360    0x1  Data  Gb  main.o [1]
ch_flag                 0x20001361    0x1  Data  Gb  main.o [1]
cnt                     0x20001314    0x4  Data  Gb  rc.o [1]
connected               0x20001318    0x4  Data  Gb  sensor_service.o [1]
connection_handle       0x2000135e    0x2  Data  Lc  sensor_service.o [1]
count1                  0x200012e4    0x4  Data  Gb  main.o [1]
count2                  0x200012e8    0x4  Data  Gb  main.o [1]
dev_name_char_handle    0x2000133c    0x2  Data  Gb  main.o [1]
dt_recip                0x200012a4    0x4  Data  Gb  flight_control.o [1]
enableAllSensors        0x0800aeed   0x56  Code  Gb  main.o [1]
euler_ahrs              0x2000112c    0xc  Data  Gb  main.o [1]
euler_ahrs_offset       0x200011ec    0xc  Data  Gb  main.o [1]
euler_rc                0x20001120    0xc  Data  Gb  main.o [1]
euler_rc_fil            0x20001138    0xc  Data  Gb  main.o [1]
euler_rc_x_pre          0x20000ec0   0x30  Data  Gb  main.o [1]
euler_rc_y_pre          0x20000e90   0x30  Data  Gb  main.o [1]
exInt                   0x20001268    0x4  Data  Gb  ahrs.o [1]
exit                    0x08012d6f    0x4  Code  Gb  exit.o [3]
eyInt                   0x2000126c    0x4  Data  Gb  ahrs.o [1]
ezInt                   0x20001270    0x4  Data  Gb  ahrs.o [1]
fly_ready               0x200012cc    0x4  Data  Gb  main.o [1]
free_event_list         0x08004bdd   0x2c  Code  Lc  hci.o [1]
gAIL                    0x20001340    0x2  Data  Gb  rc.o [1]
gELE                    0x20001342    0x2  Data  Gb  rc.o [1]
gJoystick_status        0x20001338    0x2  Data  Gb  main.o [1]
gRUD                    0x20001346    0x2  Data  Gb  rc.o [1]
gTHR                    0x20001344    0x2  Data  Gb  rc.o [1]
getBlueNRGVersion       0x080071f1   0x78  Code  Gb  bluenrg_utils.o [1]
gyro                    0x20001150    0xc  Data  Gb  main.o [1]
gyro_FIFO               0x20000e54   0x3c  Data  Gb  main.o [1]
gyro_ahrs               0x200011a4    0xc  Data  Gb  main.o [1]
gyro_ahrs_FIFO          0x20000e18   0x3c  Data  Gb  main.o [1]
gyro_fil                0x20001198    0xc  Data  Gb  main.o [1]
gyro_fil_coeff          0x20000274   0x14  Data  Gb  main.o [1]
gyro_fil_int            0x20001174    0xc  Data  Gb  main.o [1]
gyro_off_calc           0x200011c8    0xc  Data  Gb  main.o [1]
gyro_offset             0x200011e0    0xc  Data  Gb  main.o [1]
gyro_rad                0x200011f8    0xc  Data  Gb  main.o [1]
gyro_x_pre              0x20000f80   0x30  Data  Gb  main.o [1]
gyro_y_pre              0x20000f50   0x30  Data  Gb  main.o [1]
hadc1                   0x20000c64   0x48  Data  Gb  main.o [1]
hciReadPacketBuffer     0x2000068c  0x2bc  Data  Lc  hci.o [1]
hciReadPktPool          0x20001204    0x8  Data  Gb  hci.o [1]
hciReadPktRxQueue       0x2000120c    0x8  Data  Gb  hci.o [1]
hci_le_read_local_version
                        0x08004dd9   0x88  Code  Gb  hci.o [1]
hci_le_set_scan_resp_data
                        0x08004e61   0x6e  Code  Gb  hci.o [1]
hci_read_rssi           0x08004ecf   0x6e  Code  Gb  hci.o [1]
hci_send_cmd            0x08004b7d   0x3c  Code  Gb  hci.o [1]
hci_send_req            0x08004c09  0x1be  Code  Gb  hci.o [1]
hci_write               0x08004b61   0x1c  Code  Gb  hci.o [1]
hpcd_USB_OTG_FS         0x2000029c  0x3f0  Data  Gb  usbd_conf.o [1]
hspi1                   0x20000ab8   0x58  Data  Gb  main.o [1]
hspi2                   0x20000b10   0x58  Data  Gb  main.o [1]
htim2                   0x20000cec   0x3c  Data  Gb  main.o [1]
htim4                   0x20000d28   0x3c  Data  Gb  main.o [1]
htim9                   0x20000d64   0x3c  Data  Gb  main.o [1]
huart1                  0x20000cac   0x40  Data  Gb  main.o [1]
init_queue              0x0800697b   0x30  Code  Gb  rc.o [1]
init_rc_variables       0x0800674b   0x32  Code  Gb  rc.o [1]
init_remote_control     0x08006701   0x4a  Code  Gb  rc.o [1]
initializeAllSensors    0x0800aea1   0x4c  Code  Lc  main.o [1]
invSqrt                 0x0800e591   0x34  Code  Gb  basic_math.o [1]
isTimerEventExist       0x08007321    0x4  Code  Gb  timer.o [1]
joydata                 0x2000121c    0x8  Data  Gb  main.o [1]
ldexp                   0x080091ad         Code  Gb  ldexp.o [4]
ldexpl                  0x080091ad         Code  Gb  ldexp.o [4]
list_get_size           0x080051db   0x1c  Code  Gb  ble_list.o [1]
list_init_head          0x08005121    0x6  Code  Gb  ble_list.o [1]
list_insert_head        0x08005143   0x18  Code  Gb  ble_list.o [1]
list_insert_tail        0x0800515b   0x18  Code  Gb  ble_list.o [1]
list_is_empty           0x08005127   0x1c  Code  Gb  ble_list.o [1]
list_remove_head        0x0800518b   0x28  Code  Gb  ble_list.o [1]
list_remove_node        0x08005173   0x18  Code  Gb  ble_list.o [1]
list_remove_tail        0x080051b3   0x28  Code  Gb  ble_list.o [1]
mag                     0x2000115c    0xc  Data  Gb  main.o [1]
mag_fil                 0x200011b0    0xc  Data  Gb  main.o [1]
main                    0x0800984d  0x8b6  Code  Gb  main.o [1]
max_pitch_rad           0x08012f24    0x4  Data  Gb  rc.o [1]
max_roll_rad            0x08012f28    0x4  Data  Gb  rc.o [1]
max_yaw_rad             0x08012f2c    0x4  Data  Gb  rc.o [1]
memchr                  0x08008c6d         Code  Gb  memchr.o [5]
motor_pwm               0x200010c0   0x10  Data  Gb  main.o [1]
motor_thr               0x20001334    0x2  Data  Gb  flight_control.o [1]
move_list               0x08004bb9   0x24  Code  Lc  hci.o [1]
myprintf                0x08006dc5   0x2a  Code  Gb  debug.o [1]
pid                     0x20000a48   0x70  Data  Gb  main.o [1]
pid_x_integ1            0x20001278    0x4  Data  Gb  flight_control.o [1]
pid_x_integ2            0x20001284    0x4  Data  Gb  flight_control.o [1]
pid_x_pre_deriv         0x2000129c    0x4  Data  Gb  flight_control.o [1]
pid_x_pre_error2        0x20001290    0x4  Data  Gb  flight_control.o [1]
pid_y_integ1            0x2000127c    0x4  Data  Gb  flight_control.o [1]
pid_y_integ2            0x20001288    0x4  Data  Gb  flight_control.o [1]
pid_y_pre_deriv         0x200012a0    0x4  Data  Gb  flight_control.o [1]
pid_y_pre_error2        0x20001294    0x4  Data  Gb  flight_control.o [1]
pid_z_integ1            0x20001280    0x4  Data  Gb  flight_control.o [1]
pid_z_integ2            0x2000128c    0x4  Data  Gb  flight_control.o [1]
pid_z_pre_error2        0x20001298    0x4  Data  Gb  flight_control.o [1]
press                   0x200012ec    0x4  Data  Gb  main.o [1]
press_zero_level        0x200012f0    0x4  Data  Gb  main.o [1]
q0                      0x20000000    0x4  Data  Gb  ahrs.o [1]
q1                      0x2000125c    0x4  Data  Gb  ahrs.o [1]
q2                      0x20001260    0x4  Data  Gb  ahrs.o [1]
q3                      0x20001264    0x4  Data  Gb  ahrs.o [1]
que                     0x20000c18   0x4c  Data  Gb  rc.o [1]
rc_cal_cnt              0x200012c8    0x4  Data  Gb  main.o [1]
rc_cal_flag             0x200012c0    0x4  Data  Gb  main.o [1]
rc_connection_flag      0x20001363    0x1  Data  Gb  rc.o [1]
rc_enable_motor         0x200012c4    0x4  Data  Gb  main.o [1]
rc_flag                 0x20001310    0x4  Data  Gb  rc.o [1]
rc_t                    0x200010f0   0x10  Data  Gb  rc.o [1]
rc_t_fall               0x200010e0   0x10  Data  Gb  rc.o [1]
rc_t_rise               0x200010d0   0x10  Data  Gb  rc.o [1]
rc_timeout              0x2000130c    0x4  Data  Gb  rc.o [1]
rc_z_control_flag       0x20000288    0x4  Data  Gb  rc.o [1]
safe_aci_gatt_update_char_value
                        0x080051f9   0x60  Code  Gb  sensor_service.o [1]
scalbln                 0x080091ad         Code  Gb  ldexp.o [4]
scalblnl                0x080091ad         Code  Gb  ldexp.o [4]
scalbn                  0x080091ad         Code  Gb  ldexp.o [4]
scalbnl                 0x080091ad         Code  Gb  ldexp.o [4]
scale                   0x0800819f   0x46  Code  Lc  xprintffull_nomb.o [3]
sec_hand                0x20001330    0x4  Data  Lc  xfail_s.o [3]
sensor_init_cali        0x200012dc    0x4  Data  Gb  main.o [1]
sensor_init_cali_count  0x200012e0    0x4  Data  Gb  main.o [1]
service_handle          0x2000133a    0x2  Data  Gb  main.o [1]
setConnectable          0x08005d65   0xd2  Code  Gb  sensor_service.o [1]
set_connectable         0x20000298    0x1  Data  Gb  sensor_service.o [1]
set_irq_as_input        0x08004669   0x30  Code  Gb  SPBTLE_RF.o [1]
set_irq_as_output       0x0800463f   0x2a  Code  Gb  SPBTLE_RF.o [1]
set_motor_pwm           0x0800cc61  0x11a  Code  Gb  motor.o [1]
set_motor_pwm_zero      0x0800cd85   0x12  Code  Gb  motor.o [1]
sprintf                 0x08006e11   0x40  Code  Gb  sprintf.o [3]
sqrt                    0x0800e819         Code  Gb  sqrt.o [4]
sqrtl                   0x0800e819         Code  Gb  sqrt.o [4]
strchr                  0x08008bdd         Code  Gb  strchr.o [5]
strlen                  0x08008c35         Code  Gb  strlen.o [5]
strncmp                 0x08007183   0x28  Code  Gb  strncmp.o [3]
t1                      0x20001308    0x4  Data  Gb  rc.o [1]
temperature             0x200012f4    0x4  Data  Gb  main.o [1]
testStatus              0x20001362    0x1  Data  Gb  main.o [1]
tim                     0x200010ac   0x14  Data  Gb  timer.o [1]
tim9_cnt                0x200012d4    0x4  Data  Gb  main.o [1]
tim9_cnt2               0x200012d8    0x4  Data  Gb  main.o [1]
tim9_event_flag         0x200012d0    0x4  Data  Gb  main.o [1]
update_rc_data          0x080067b7   0x8a  Code  Gb  rc.o [1]
us150Delay              0x08004699   0x1c  Code  Lc  SPBTLE_RF.o [1]
usart_puts              0x08006def   0x1c  Code  Gb  debug.o [1]
uwTick                  0x2000132c    0x4  Data  Gb  stm32f4xx_hal.o [1]
vsnprintf               0x08007335   0x3c  Code  Gb  vsnprint.o [3]


[1] = C:\Users\gmessina\Desktop\Drones\Development\ST_Drone_FCU_F401\STM32 FW Project\Official release with BLE Remocon - 170318\EWARM\ToyDrone_Configuration\Obj
[2] = command line
[3] = dl7M_tln.a
[4] = m7M_tls.a
[5] = rt7M_tl.a
[6] = shb_l.a

  75 858 bytes of readonly  code memory
   2 545 bytes of readonly  data memory
  21 350 bytes of readwrite data memory

Errors: none
Warnings: none
