###############################################################################
#
# IAR ELF Linker V7.40.3.8902/W32 for ARM                 13/Mar/2018  15:38:34
# Copyright 2007-2015 IAR Systems AB.
#
#    Output file  =  
#        C:\Users\matteo maravita\Desktop\Drone\FW -
#        Repository\STEVAL-FCU001V1\branches\BLE
#        remocon\EWARM\ToyDrone_Configuration\Exe\ToyDrone Configuration.out
#    Map file     =  
#        C:\Users\matteo maravita\Desktop\Drone\FW -
#        Repository\STEVAL-FCU001V1\branches\BLE
#        remocon\EWARM\ToyDrone_Configuration\List\ToyDrone Configuration.map
#    Command line =  
#        "C:\Users\matteo maravita\Desktop\Drone\FW -
#        Repository\STEVAL-FCU001V1\branches\BLE
#        remocon\EWARM\ToyDrone_Configuration\Obj\ahrs.o" "C:\Users\matteo
#        maravita\Desktop\Drone\FW - Repository\STEVAL-FCU001V1\branches\BLE
#        remocon\EWARM\ToyDrone_Configuration\Obj\basic_math.o"
#        "C:\Users\matteo maravita\Desktop\Drone\FW -
#        Repository\STEVAL-FCU001V1\branches\BLE
#        remocon\EWARM\ToyDrone_Configuration\Obj\ble_list.o" "C:\Users\matteo
#        maravita\Desktop\Drone\FW - Repository\STEVAL-FCU001V1\branches\BLE
#        remocon\EWARM\ToyDrone_Configuration\Obj\bluenrg_gap_aci.o"
#        "C:\Users\matteo maravita\Desktop\Drone\FW -
#        Repository\STEVAL-FCU001V1\branches\BLE
#        remocon\EWARM\ToyDrone_Configuration\Obj\bluenrg_gatt_aci.o"
#        "C:\Users\matteo maravita\Desktop\Drone\FW -
#        Repository\STEVAL-FCU001V1\branches\BLE
#        remocon\EWARM\ToyDrone_Configuration\Obj\bluenrg_hal_aci.o"
#        "C:\Users\matteo maravita\Desktop\Drone\FW -
#        Repository\STEVAL-FCU001V1\branches\BLE
#        remocon\EWARM\ToyDrone_Configuration\Obj\bluenrg_itf_template.o"
#        "C:\Users\matteo maravita\Desktop\Drone\FW -
#        Repository\STEVAL-FCU001V1\branches\BLE
#        remocon\EWARM\ToyDrone_Configuration\Obj\bluenrg_l2cap_aci.o"
#        "C:\Users\matteo maravita\Desktop\Drone\FW -
#        Repository\STEVAL-FCU001V1\branches\BLE
#        remocon\EWARM\ToyDrone_Configuration\Obj\bluenrg_utils.o"
#        "C:\Users\matteo maravita\Desktop\Drone\FW -
#        Repository\STEVAL-FCU001V1\branches\BLE
#        remocon\EWARM\ToyDrone_Configuration\Obj\console.o" "C:\Users\matteo
#        maravita\Desktop\Drone\FW - Repository\STEVAL-FCU001V1\branches\BLE
#        remocon\EWARM\ToyDrone_Configuration\Obj\debug.o" "C:\Users\matteo
#        maravita\Desktop\Drone\FW - Repository\STEVAL-FCU001V1\branches\BLE
#        remocon\EWARM\ToyDrone_Configuration\Obj\flight_control.o"
#        "C:\Users\matteo maravita\Desktop\Drone\FW -
#        Repository\STEVAL-FCU001V1\branches\BLE
#        remocon\EWARM\ToyDrone_Configuration\Obj\gp_timer.o" "C:\Users\matteo
#        maravita\Desktop\Drone\FW - Repository\STEVAL-FCU001V1\branches\BLE
#        remocon\EWARM\ToyDrone_Configuration\Obj\hci.o" "C:\Users\matteo
#        maravita\Desktop\Drone\FW - Repository\STEVAL-FCU001V1\branches\BLE
#        remocon\EWARM\ToyDrone_Configuration\Obj\LIS2MDL_MAG_driver.o"
#        "C:\Users\matteo maravita\Desktop\Drone\FW -
#        Repository\STEVAL-FCU001V1\branches\BLE
#        remocon\EWARM\ToyDrone_Configuration\Obj\LIS2MDL_MAG_driver_HL.o"
#        "C:\Users\matteo maravita\Desktop\Drone\FW -
#        Repository\STEVAL-FCU001V1\branches\BLE
#        remocon\EWARM\ToyDrone_Configuration\Obj\LIS3MDL_MAG_driver.o"
#        "C:\Users\matteo maravita\Desktop\Drone\FW -
#        Repository\STEVAL-FCU001V1\branches\BLE
#        remocon\EWARM\ToyDrone_Configuration\Obj\LIS3MDL_MAG_driver_HL.o"
#        "C:\Users\matteo maravita\Desktop\Drone\FW -
#        Repository\STEVAL-FCU001V1\branches\BLE
#        remocon\EWARM\ToyDrone_Configuration\Obj\LPS22HB_Driver.o"
#        "C:\Users\matteo maravita\Desktop\Drone\FW -
#        Repository\STEVAL-FCU001V1\branches\BLE
#        remocon\EWARM\ToyDrone_Configuration\Obj\LPS22HB_Driver_HL.o"
#        "C:\Users\matteo maravita\Desktop\Drone\FW -
#        Repository\STEVAL-FCU001V1\branches\BLE
#        remocon\EWARM\ToyDrone_Configuration\Obj\LSM303AGR_ACC_driver.o"
#        "C:\Users\matteo maravita\Desktop\Drone\FW -
#        Repository\STEVAL-FCU001V1\branches\BLE
#        remocon\EWARM\ToyDrone_Configuration\Obj\LSM303AGR_ACC_driver_HL.o"
#        "C:\Users\matteo maravita\Desktop\Drone\FW -
#        Repository\STEVAL-FCU001V1\branches\BLE
#        remocon\EWARM\ToyDrone_Configuration\Obj\LSM303AGR_MAG_driver.o"
#        "C:\Users\matteo maravita\Desktop\Drone\FW -
#        Repository\STEVAL-FCU001V1\branches\BLE
#        remocon\EWARM\ToyDrone_Configuration\Obj\LSM303AGR_MAG_driver_HL.o"
#        "C:\Users\matteo maravita\Desktop\Drone\FW -
#        Repository\STEVAL-FCU001V1\branches\BLE
#        remocon\EWARM\ToyDrone_Configuration\Obj\LSM6DSL_ACC_GYRO_driver.o"
#        "C:\Users\matteo maravita\Desktop\Drone\FW -
#        Repository\STEVAL-FCU001V1\branches\BLE
#        remocon\EWARM\ToyDrone_Configuration\Obj\LSM6DSL_ACC_GYRO_driver_HL.o"
#        "C:\Users\matteo maravita\Desktop\Drone\FW -
#        Repository\STEVAL-FCU001V1\branches\BLE
#        remocon\EWARM\ToyDrone_Configuration\Obj\main.o" "C:\Users\matteo
#        maravita\Desktop\Drone\FW - Repository\STEVAL-FCU001V1\branches\BLE
#        remocon\EWARM\ToyDrone_Configuration\Obj\motor.o" "C:\Users\matteo
#        maravita\Desktop\Drone\FW - Repository\STEVAL-FCU001V1\branches\BLE
#        remocon\EWARM\ToyDrone_Configuration\Obj\osal.o" "C:\Users\matteo
#        maravita\Desktop\Drone\FW - Repository\STEVAL-FCU001V1\branches\BLE
#        remocon\EWARM\ToyDrone_Configuration\Obj\quaternion.o"
#        "C:\Users\matteo maravita\Desktop\Drone\FW -
#        Repository\STEVAL-FCU001V1\branches\BLE
#        remocon\EWARM\ToyDrone_Configuration\Obj\rc.o" "C:\Users\matteo
#        maravita\Desktop\Drone\FW - Repository\STEVAL-FCU001V1\branches\BLE
#        remocon\EWARM\ToyDrone_Configuration\Obj\sensor_data.o"
#        "C:\Users\matteo maravita\Desktop\Drone\FW -
#        Repository\STEVAL-FCU001V1\branches\BLE
#        remocon\EWARM\ToyDrone_Configuration\Obj\sensor_service.o"
#        "C:\Users\matteo maravita\Desktop\Drone\FW -
#        Repository\STEVAL-FCU001V1\branches\BLE
#        remocon\EWARM\ToyDrone_Configuration\Obj\SPBTLE_RF.o" "C:\Users\matteo
#        maravita\Desktop\Drone\FW - Repository\STEVAL-FCU001V1\branches\BLE
#        remocon\EWARM\ToyDrone_Configuration\Obj\startup_stm32f401xc.o"
#        "C:\Users\matteo maravita\Desktop\Drone\FW -
#        Repository\STEVAL-FCU001V1\branches\BLE
#        remocon\EWARM\ToyDrone_Configuration\Obj\steval_fcu001_v1.o"
#        "C:\Users\matteo maravita\Desktop\Drone\FW -
#        Repository\STEVAL-FCU001V1\branches\BLE
#        remocon\EWARM\ToyDrone_Configuration\Obj\steval_fcu001_v1_accelero.o"
#        "C:\Users\matteo maravita\Desktop\Drone\FW -
#        Repository\STEVAL-FCU001V1\branches\BLE
#        remocon\EWARM\ToyDrone_Configuration\Obj\steval_fcu001_v1_gyro.o"
#        "C:\Users\matteo maravita\Desktop\Drone\FW -
#        Repository\STEVAL-FCU001V1\branches\BLE
#        remocon\EWARM\ToyDrone_Configuration\Obj\steval_fcu001_v1_magneto.o"
#        "C:\Users\matteo maravita\Desktop\Drone\FW -
#        Repository\STEVAL-FCU001V1\branches\BLE
#        remocon\EWARM\ToyDrone_Configuration\Obj\steval_fcu001_v1_pressure.o"
#        "C:\Users\matteo maravita\Desktop\Drone\FW -
#        Repository\STEVAL-FCU001V1\branches\BLE
#        remocon\EWARM\ToyDrone_Configuration\Obj\steval_fcu001_v1_temperature.o"
#        "C:\Users\matteo maravita\Desktop\Drone\FW -
#        Repository\STEVAL-FCU001V1\branches\BLE
#        remocon\EWARM\ToyDrone_Configuration\Obj\stm32f4xx_hal.o"
#        "C:\Users\matteo maravita\Desktop\Drone\FW -
#        Repository\STEVAL-FCU001V1\branches\BLE
#        remocon\EWARM\ToyDrone_Configuration\Obj\stm32f4xx_hal_adc.o"
#        "C:\Users\matteo maravita\Desktop\Drone\FW -
#        Repository\STEVAL-FCU001V1\branches\BLE
#        remocon\EWARM\ToyDrone_Configuration\Obj\stm32f4xx_hal_adc_ex.o"
#        "C:\Users\matteo maravita\Desktop\Drone\FW -
#        Repository\STEVAL-FCU001V1\branches\BLE
#        remocon\EWARM\ToyDrone_Configuration\Obj\stm32f4xx_hal_cortex.o"
#        "C:\Users\matteo maravita\Desktop\Drone\FW -
#        Repository\STEVAL-FCU001V1\branches\BLE
#        remocon\EWARM\ToyDrone_Configuration\Obj\stm32f4xx_hal_dma.o"
#        "C:\Users\matteo maravita\Desktop\Drone\FW -
#        Repository\STEVAL-FCU001V1\branches\BLE
#        remocon\EWARM\ToyDrone_Configuration\Obj\stm32f4xx_hal_dma_ex.o"
#        "C:\Users\matteo maravita\Desktop\Drone\FW -
#        Repository\STEVAL-FCU001V1\branches\BLE
#        remocon\EWARM\ToyDrone_Configuration\Obj\stm32f4xx_hal_flash.o"
#        "C:\Users\matteo maravita\Desktop\Drone\FW -
#        Repository\STEVAL-FCU001V1\branches\BLE
#        remocon\EWARM\ToyDrone_Configuration\Obj\stm32f4xx_hal_flash_ex.o"
#        "C:\Users\matteo maravita\Desktop\Drone\FW -
#        Repository\STEVAL-FCU001V1\branches\BLE
#        remocon\EWARM\ToyDrone_Configuration\Obj\stm32f4xx_hal_flash_ramfunc.o"
#        "C:\Users\matteo maravita\Desktop\Drone\FW -
#        Repository\STEVAL-FCU001V1\branches\BLE
#        remocon\EWARM\ToyDrone_Configuration\Obj\stm32f4xx_hal_gpio.o"
#        "C:\Users\matteo maravita\Desktop\Drone\FW -
#        Repository\STEVAL-FCU001V1\branches\BLE
#        remocon\EWARM\ToyDrone_Configuration\Obj\stm32f4xx_hal_msp.o"
#        "C:\Users\matteo maravita\Desktop\Drone\FW -
#        Repository\STEVAL-FCU001V1\branches\BLE
#        remocon\EWARM\ToyDrone_Configuration\Obj\stm32f4xx_hal_pcd.o"
#        "C:\Users\matteo maravita\Desktop\Drone\FW -
#        Repository\STEVAL-FCU001V1\branches\BLE
#        remocon\EWARM\ToyDrone_Configuration\Obj\stm32f4xx_hal_pcd_ex.o"
#        "C:\Users\matteo maravita\Desktop\Drone\FW -
#        Repository\STEVAL-FCU001V1\branches\BLE
#        remocon\EWARM\ToyDrone_Configuration\Obj\stm32f4xx_hal_pwr.o"
#        "C:\Users\matteo maravita\Desktop\Drone\FW -
#        Repository\STEVAL-FCU001V1\branches\BLE
#        remocon\EWARM\ToyDrone_Configuration\Obj\stm32f4xx_hal_pwr_ex.o"
#        "C:\Users\matteo maravita\Desktop\Drone\FW -
#        Repository\STEVAL-FCU001V1\branches\BLE
#        remocon\EWARM\ToyDrone_Configuration\Obj\stm32f4xx_hal_rcc.o"
#        "C:\Users\matteo maravita\Desktop\Drone\FW -
#        Repository\STEVAL-FCU001V1\branches\BLE
#        remocon\EWARM\ToyDrone_Configuration\Obj\stm32f4xx_hal_rcc_ex.o"
#        "C:\Users\matteo maravita\Desktop\Drone\FW -
#        Repository\STEVAL-FCU001V1\branches\BLE
#        remocon\EWARM\ToyDrone_Configuration\Obj\stm32f4xx_hal_spi.o"
#        "C:\Users\matteo maravita\Desktop\Drone\FW -
#        Repository\STEVAL-FCU001V1\branches\BLE
#        remocon\EWARM\ToyDrone_Configuration\Obj\stm32f4xx_hal_tim.o"
#        "C:\Users\matteo maravita\Desktop\Drone\FW -
#        Repository\STEVAL-FCU001V1\branches\BLE
#        remocon\EWARM\ToyDrone_Configuration\Obj\stm32f4xx_hal_tim_ex.o"
#        "C:\Users\matteo maravita\Desktop\Drone\FW -
#        Repository\STEVAL-FCU001V1\branches\BLE
#        remocon\EWARM\ToyDrone_Configuration\Obj\stm32f4xx_hal_uart.o"
#        "C:\Users\matteo maravita\Desktop\Drone\FW -
#        Repository\STEVAL-FCU001V1\branches\BLE
#        remocon\EWARM\ToyDrone_Configuration\Obj\stm32f4xx_it.o"
#        "C:\Users\matteo maravita\Desktop\Drone\FW -
#        Repository\STEVAL-FCU001V1\branches\BLE
#        remocon\EWARM\ToyDrone_Configuration\Obj\stm32f4xx_ll_usb.o"
#        "C:\Users\matteo maravita\Desktop\Drone\FW -
#        Repository\STEVAL-FCU001V1\branches\BLE
#        remocon\EWARM\ToyDrone_Configuration\Obj\system_stm32f4xx.o"
#        "C:\Users\matteo maravita\Desktop\Drone\FW -
#        Repository\STEVAL-FCU001V1\branches\BLE
#        remocon\EWARM\ToyDrone_Configuration\Obj\timer.o" "C:\Users\matteo
#        maravita\Desktop\Drone\FW - Repository\STEVAL-FCU001V1\branches\BLE
#        remocon\EWARM\ToyDrone_Configuration\Obj\usb_device.o"
#        "C:\Users\matteo maravita\Desktop\Drone\FW -
#        Repository\STEVAL-FCU001V1\branches\BLE
#        remocon\EWARM\ToyDrone_Configuration\Obj\usbd_cdc.o" "C:\Users\matteo
#        maravita\Desktop\Drone\FW - Repository\STEVAL-FCU001V1\branches\BLE
#        remocon\EWARM\ToyDrone_Configuration\Obj\usbd_cdc_if.o"
#        "C:\Users\matteo maravita\Desktop\Drone\FW -
#        Repository\STEVAL-FCU001V1\branches\BLE
#        remocon\EWARM\ToyDrone_Configuration\Obj\usbd_conf.o" "C:\Users\matteo
#        maravita\Desktop\Drone\FW - Repository\STEVAL-FCU001V1\branches\BLE
#        remocon\EWARM\ToyDrone_Configuration\Obj\usbd_core.o" "C:\Users\matteo
#        maravita\Desktop\Drone\FW - Repository\STEVAL-FCU001V1\branches\BLE
#        remocon\EWARM\ToyDrone_Configuration\Obj\usbd_ctlreq.o"
#        "C:\Users\matteo maravita\Desktop\Drone\FW -
#        Repository\STEVAL-FCU001V1\branches\BLE
#        remocon\EWARM\ToyDrone_Configuration\Obj\usbd_desc.o" "C:\Users\matteo
#        maravita\Desktop\Drone\FW - Repository\STEVAL-FCU001V1\branches\BLE
#        remocon\EWARM\ToyDrone_Configuration\Obj\usbd_ioreq.o" -o
#        "C:\Users\matteo maravita\Desktop\Drone\FW -
#        Repository\STEVAL-FCU001V1\branches\BLE
#        remocon\EWARM\ToyDrone_Configuration\Exe\ToyDrone Configuration.out"
#        --map "C:\Users\matteo maravita\Desktop\Drone\FW -
#        Repository\STEVAL-FCU001V1\branches\BLE
#        remocon\EWARM\ToyDrone_Configuration\List\ToyDrone Configuration.map"
#        --config "C:\Users\matteo maravita\Desktop\Drone\FW -
#        Repository\STEVAL-FCU001V1\branches\BLE
#        remocon\EWARM\stm32f401xc_flash.icf" --semihosting --entry
#        __iar_program_start --vfe
#
###############################################################################

*******************************************************************************
*** RUNTIME MODEL ATTRIBUTES
***

CppFlavor       = *
__Heap_Handler  = DLMalloc
__SystemLibrary = DLib


*******************************************************************************
*** PLACEMENT SUMMARY
***

"A1":  place at 0x08000000 { ro section .intvec };
"P1":  place in [from 0x08000000 to 0x0803ffff] { ro };
"P2":  place in [from 0x20000000 to 0x2000ffff] { rw, block CSTACK, block HEAP };

  Section             Kind        Address     Size  Object
  -------             ----        -------     ----  ------
"A1":                                        0x194
  .intvec             ro code  0x08000000    0x194  startup_stm32f401xc.o [1]
                             - 0x08000194    0x194

"P1":                                      0x13035
  .text               ro code  0x08000194   0x1e6e  LSM6DSL_ACC_GYRO_driver_HL.o [1]
  .text               ro code  0x08002002     0x1a  xsnprout.o [3]
  .text               ro code  0x0800201c   0x1492  LSM6DSL_ACC_GYRO_driver.o [1]
  .text               ro code  0x080034ae      0xa  xsprout.o [3]
  .text               ro code  0x080034b8    0x76c  steval_fcu001_v1.o [1]
  .text               ro code  0x08003c24    0x24c  stm32f4xx_hal_gpio.o [1]
  .text               ro code  0x08003e70    0x4c6  stm32f4xx_hal_spi.o [1]
  .text               ro code  0x08004338    0x34c  SPBTLE_RF.o [1]
  .text               ro code  0x08004684    0x2f4  stm32f4xx_hal_msp.o [1]
  .text               ro code  0x08004978     0x9c  stm32f4xx_hal.o [1]
  .text               ro code  0x08004a14     0x28  stm32f4xx_hal_dma.o [1]
  .text               ro code  0x08004a3c    0x4fa  hci.o [1]
  .text               ro code  0x08004f36     0x2e  gp_timer.o [1]
  .text               ro code  0x08004f64    0x18c  stm32f4xx_hal_cortex.o [1]
  .text               ro code  0x080050f0     0xee  ble_list.o [1]
  .text               ro code  0x080051e0   0x146a  sensor_service.o [1]
  .text               ro code  0x0800664a     0x2c  osal.o [1]
  .text               ro code  0x08006678    0x2f0  rc.o [1]
  .text               ro code  0x08006968    0x342  bluenrg_gatt_aci.o [1]
  .text               ro code  0x08006cac     0x76  ABImemcpy_unaligned.o [5]
  .text               ro code  0x08006d24     0x4c  debug.o [1]
  .text               ro code  0x08006d70     0x34  sprintf.o [3]
  .text               ro code  0x08006da4    0x2f2  bluenrg_gap_aci.o [1]
  .text               ro code  0x08007096     0x6a  bluenrg_l2cap_aci.o [1]
  .text               ro code  0x08007100     0x2a  strncmp.o [3]
  .text               ro code  0x0800712c     0x7e  bluenrg_utils.o [1]
  .text               ro code  0x080071ac     0x66  ABImemset.o [5]
  .text               ro code  0x08007214     0x64  timer.o [1]
  .text               ro code  0x08007278     0x3c  vsnprint.o [3]
  .text               ro code  0x080072b4    0x794  stm32f4xx_hal_uart.o [1]
  .text               ro code  0x08007a48    0xdae  xprintffull_nomb.o [3]
  .text               ro code  0x080087f8    0x6e0  stm32f4xx_hal_rcc.o [1]
  .text               ro code  0x08008ed8     0x16  strchr.o [5]
  .text               ro code  0x08008ef0     0x36  strlen.o [5]
  .text               ro code  0x08008f28     0x58  memchr.o [5]
  .text               ro code  0x08008f80    0x132  I64DivMod.o [5]
  .text               ro code  0x080090b2     0x42  xdnorm.o [4]
  .text               ro code  0x080090f4     0x2e  DblCmpLe.o [4]
  .text               ro code  0x08009124     0x2e  DblCmpGe.o [4]
  .text               ro code  0x08009154    0x118  xdscale.o [4]
  .text               ro code  0x0800926c     0x58  DblToI32.o [4]
  .text               ro code  0x080092c4     0x30  I32ToDbl.o [4]
  .text               ro code  0x080092f4    0x180  DblSub.o [4]
  .text               ro code  0x08009474    0x1a2  DblMul.o [4]
  .text               ro code  0x08009618    0x256  DblDiv.o [4]
  .text               ro code  0x0800986e      0xe  div.o [3]
  .text               ro code  0x0800987c      0x2  I64DivZer.o [5]
  .text               ro code  0x08009880     0xe8  DblAdd.o [4]
  .text               ro code  0x08009968   0x1c30  main.o [1]
  .text               ro code  0x0800b598    0x3a8  steval_fcu001_v1_accelero.o [1]
  .text               ro code  0x0800b940    0x1fa  steval_fcu001_v1_gyro.o [1]
  .text               ro code  0x0800bb3c    0x1aa  steval_fcu001_v1_magneto.o [1]
  .text               ro code  0x0800bce8    0x9f4  stm32f4xx_hal_tim.o [1]
  .text               ro code  0x0800c6dc    0x69c  flight_control.o [1]
  .text               ro code  0x0800cd78    0x136  motor.o [1]
  .text               ro code  0x0800ceb0    0x200  steval_fcu001_v1_pressure.o [1]
  .text               ro code  0x0800d0b0    0x1bc  steval_fcu001_v1_temperature.o [1]
  .text               ro code  0x0800d26c     0x4e  FltToDbl.o [4]
  .text               ro code  0x0800d2bc     0x90  DblToFlt.o [4]
  .text               ro code  0x0800d34c    0x3b0  ahrs.o [1]
  .text               ro code  0x0800d6fc    0x114  quaternion.o [1]
  .text               ro code  0x0800d810    0x540  stm32f4xx_hal_adc.o [1]
  .text               ro code  0x0800dd50     0x5e  stm32f4xx_hal_tim_ex.o [1]
  .text               ro code  0x0800ddae     0xac  sensor_data.o [1]
  .text               ro code  0x0800de5a     0xc6  bluenrg_hal_aci.o [1]
  .text               ro code  0x0800df20    0x460  LPS22HB_Driver.o [1]
  .text               ro code  0x0800e380     0x40  basic_math.o [1]
  .text               ro code  0x0800e3c0     0xf4  atan2.o [4]
  .text               ro code  0x0800e4b4    0x134  asin.o [4]
  .text               ro code  0x0800e5e8     0x40  xdtest.o [4]
  .rodata             const    0x0800e628     0x6c  sensor_service.o [1]
  .text               ro code  0x0800e698    0x1f0  xatan.o [4]
  .text               ro code  0x0800e888     0xf0  sqrt.o [4]
  .text               ro code  0x0800e978      0xc  errno.o [3]
  .text               ro code  0x0800e984      0xc  iarEdom.o [5]
  .text               ro code  0x0800e990      0x2  xtls.o [3]
  .text               ro code  0x0800e994    0x968  stm32f4xx_hal_pcd.o [1]
  .text               ro code  0x0800f2fc    0x958  stm32f4xx_ll_usb.o [1]
  .text               ro code  0x0800fc54    0x1f4  usbd_conf.o [1]
  .text               ro code  0x0800fe48    0x2e6  usbd_core.o [1]
  .text               ro code  0x08010130    0x604  usbd_ctlreq.o [1]
  .text               ro code  0x08010734     0x90  usbd_ioreq.o [1]
  .text               ro code  0x080107c4    0x920  LSM303AGR_ACC_driver_HL.o [1]
  .text               ro code  0x080110e4    0x582  LSM303AGR_ACC_driver.o [1]
  .text               ro code  0x08011668    0x772  LPS22HB_Driver_HL.o [1]
  .text               ro code  0x08011ddc    0x3bc  LIS2MDL_MAG_driver_HL.o [1]
  .text               ro code  0x08012198    0x232  LIS2MDL_MAG_driver.o [1]
  .text               ro code  0x080123ca    0x1c2  lz77_init.o [5]
  .text               ro code  0x0801258c      0x6  abort.o [3]
  .text               ro code  0x08012594     0x14  exit.o [6]
  .text               ro code  0x080125a8     0x6c  system_stm32f4xx.o [1]
  .text               ro code  0x08012614     0x6a  stm32f4xx_it.o [1]
  .rodata             const    0x08012680     0x60  LSM303AGR_ACC_driver.o [1]
  .rodata             const    0x080126e0     0x60  main.o [1]
  .text               ro code  0x08012740     0x40  zero_init3.o [5]
  .rodata             const    0x08012780     0x3c  sensor_service.o [1]
  .rodata             const    0x080127bc     0x34  main.o [1]
  .rodata             const    0x080127f0     0x34  main.o [1]
  .rodata             const    0x08012824     0x34  main.o [1]
  .rodata             const    0x08012858     0x30  main.o [1]
  .rodata             const    0x08012888     0x30  main.o [1]
  .rodata             const    0x080128b8     0x30  main.o [1]
  .rodata             const    0x080128e8     0x30  sensor_service.o [1]
  .rodata             const    0x08012918     0x30  sensor_service.o [1]
  .rodata             const    0x08012948     0x2c  main.o [1]
  .rodata             const    0x08012974     0x2c  main.o [1]
  .rodata             const    0x080129a0     0x2c  main.o [1]
  .rodata             const    0x080129cc     0x2c  main.o [1]
  .rodata             const    0x080129f8     0x2c  main.o [1]
  .rodata             const    0x08012a24     0x2c  main.o [1]
  .rodata             const    0x08012a50     0x28  main.o [1]
  .rodata             const    0x08012a78     0x28  main.o [1]
  .rodata             const    0x08012aa0     0x28  main.o [1]
  .text               ro code  0x08012ac8     0x28  data_init.o [5]
  .rodata             const    0x08012af0     0x24  main.o [1]
  .rodata             const    0x08012b14     0x24  main.o [1]
  .rodata             const    0x08012b38     0x24  sensor_service.o [1]
  .rodata             const    0x08012b5c     0x24  sensor_service.o [1]
  .rodata             const    0x08012b80     0x24  sensor_service.o [1]
  .text               ro code  0x08012ba4     0x22  fpinit_M.o [4]
  .iar.init_table     const    0x08012bc8     0x2c  - Linker created -
  .rodata             const    0x08012bf4     0x20  main.o [1]
  .rodata             const    0x08012c14     0x20  main.o [1]
  .rodata             const    0x08012c34     0x20  main.o [1]
  .rodata             const    0x08012c54     0x20  main.o [1]
  .rodata             const    0x08012c74     0x20  sensor_service.o [1]
  .rodata             const    0x08012c94     0x20  sensor_service.o [1]
  .rodata             const    0x08012cb4     0x20  sensor_service.o [1]
  .rodata             const    0x08012cd4     0x1c  main.o [1]
  .rodata             const    0x08012cf0     0x1c  main.o [1]
  .rodata             const    0x08012d0c     0x1c  sensor_service.o [1]
  .rodata             const    0x08012d28     0x1c  sensor_service.o [1]
  .text               ro code  0x08012d44     0x1a  cmain.o [5]
  .text               ro code  0x08012d5e      0x4  low_level_init.o [3]
  .text               ro code  0x08012d62      0x4  exit.o [3]
  .text               ro code  0x08012d68      0xa  cexit.o [5]
  .rodata             const    0x08012d74     0x18  main.o [1]
  .rodata             const    0x08012d8c     0x18  sensor_service.o [1]
  .rodata             const    0x08012da4     0x14  main.o [1]
  .rodata             const    0x08012db8     0x14  sensor_service.o [1]
  .rodata             const    0x08012dcc     0x10  sensor_service.o [1]
  .rodata             const    0x08012ddc     0x10  sensor_service.o [1]
  .rodata             const    0x08012dec     0x10  stm32f4xx_hal_rcc.o [1]
  .text               ro code  0x08012dfc     0x10  startup_stm32f401xc.o [1]
  .rodata             const    0x08012e0c      0xc  sensor_service.o [1]
  .rodata             const    0x08012e18      0xc  sensor_service.o [1]
  .rodata             const    0x08012e24      0xc  sensor_service.o [1]
  .rodata             const    0x08012e30      0xc  sensor_service.o [1]
  .rodata             const    0x08012e3c      0xc  sensor_service.o [1]
  .text               ro code  0x08012e48      0xc  cstartup_M.o [5]
  .rodata             const    0x08012e54      0x8  main.o [1]
  .rodata             const    0x08012e5c      0x8  sensor_service.o [1]
  .rodata             const    0x08012e64      0x8  sensor_service.o [1]
  .rodata             const    0x08012e6c      0x8  sensor_service.o [1]
  .rodata             const    0x08012e74      0x8  sensor_service.o [1]
  .rodata             const    0x08012e7c      0x8  sensor_service.o [1]
  .rodata             const    0x08012e84      0x8  SPBTLE_RF.o [1]
  .rodata             const    0x08012e8c      0x8  SPBTLE_RF.o [1]
  .rodata             const    0x08012e94      0x8  SPBTLE_RF.o [1]
  .rodata             const    0x08012e9c      0x8  steval_fcu001_v1.o [1]
  .rodata             const    0x08012ea4      0x4  LSM303AGR_ACC_driver_HL.o [1]
  .rodata             const    0x08012ea8      0x4  rc.o [1]
  .rodata             const    0x08012eac      0x4  rc.o [1]
  .rodata             const    0x08012eb0      0x4  rc.o [1]
  .text               ro code  0x08012eb4      0x4  startup_stm32f401xc.o [1]
  .text               ro code  0x08012eb8      0x4  startup_stm32f401xc.o [1]
  .text               ro code  0x08012ebc      0x4  startup_stm32f401xc.o [1]
  .text               ro code  0x08012ec0      0x4  startup_stm32f401xc.o [1]
  .text               ro code  0x08012ec4      0x4  startup_stm32f401xc.o [1]
  .text               ro code  0x08012ec8      0x4  startup_stm32f401xc.o [1]
  .text               ro code  0x08012ecc      0x4  startup_stm32f401xc.o [1]
  .text               ro code  0x08012ed0      0x4  startup_stm32f401xc.o [1]
  .text               ro code  0x08012ed4      0x4  startup_stm32f401xc.o [1]
  .text               ro code  0x08012ed8      0x4  startup_stm32f401xc.o [1]
  .text               ro code  0x08012edc      0x4  startup_stm32f401xc.o [1]
  .text               ro code  0x08012ee0      0x4  startup_stm32f401xc.o [1]
  .text               ro code  0x08012ee4      0x4  startup_stm32f401xc.o [1]
  .text               ro code  0x08012ee8      0x4  startup_stm32f401xc.o [1]
  .text               ro code  0x08012eec      0x4  startup_stm32f401xc.o [1]
  .text               ro code  0x08012ef0      0x4  startup_stm32f401xc.o [1]
  .text               ro code  0x08012ef4      0x4  startup_stm32f401xc.o [1]
  .text               ro code  0x08012ef8      0x4  startup_stm32f401xc.o [1]
  .text               ro code  0x08012efc      0x4  startup_stm32f401xc.o [1]
  .text               ro code  0x08012f00      0x4  startup_stm32f401xc.o [1]
  .text               ro code  0x08012f04      0x4  startup_stm32f401xc.o [1]
  .text               ro code  0x08012f08      0x4  startup_stm32f401xc.o [1]
  .text               ro code  0x08012f0c      0x4  startup_stm32f401xc.o [1]
  .text               ro code  0x08012f10      0x4  startup_stm32f401xc.o [1]
  .text               ro code  0x08012f14      0x4  startup_stm32f401xc.o [1]
  .text               ro code  0x08012f18      0x4  startup_stm32f401xc.o [1]
  .text               ro code  0x08012f1c      0x4  startup_stm32f401xc.o [1]
  .text               ro code  0x08012f20      0x4  startup_stm32f401xc.o [1]
  .text               ro code  0x08012f24      0x4  startup_stm32f401xc.o [1]
  .text               ro code  0x08012f28      0x4  startup_stm32f401xc.o [1]
  .text               ro code  0x08012f2c      0x4  startup_stm32f401xc.o [1]
  .text               ro code  0x08012f30      0x4  startup_stm32f401xc.o [1]
  .text               ro code  0x08012f34      0x4  startup_stm32f401xc.o [1]
  .text               ro code  0x08012f38      0x4  startup_stm32f401xc.o [1]
  .text               ro code  0x08012f3c      0x4  startup_stm32f401xc.o [1]
  .text               ro code  0x08012f40      0x4  startup_stm32f401xc.o [1]
  .text               ro code  0x08012f44      0x4  startup_stm32f401xc.o [1]
  .text               ro code  0x08012f48      0x4  startup_stm32f401xc.o [1]
  .text               ro code  0x08012f4c      0x4  startup_stm32f401xc.o [1]
  .text               ro code  0x08012f50      0x4  startup_stm32f401xc.o [1]
  .text               ro code  0x08012f54      0x4  startup_stm32f401xc.o [1]
  .text               ro code  0x08012f58      0x4  startup_stm32f401xc.o [1]
  .text               ro code  0x08012f5c      0x4  startup_stm32f401xc.o [1]
  .text               ro code  0x08012f60      0x4  startup_stm32f401xc.o [1]
  .text               ro code  0x08012f64      0x4  startup_stm32f401xc.o [1]
  .text               ro code  0x08012f68      0x4  startup_stm32f401xc.o [1]
  .text               ro code  0x08012f6c      0x4  startup_stm32f401xc.o [1]
  .text               ro code  0x08012f70      0x4  startup_stm32f401xc.o [1]
  .text               ro code  0x08012f74      0x4  startup_stm32f401xc.o [1]
  .text               ro code  0x08012f78      0x4  startup_stm32f401xc.o [1]
  .text               ro code  0x08012f7c      0x4  startup_stm32f401xc.o [1]
  .text               ro code  0x08012f80      0x4  startup_stm32f401xc.o [1]
  .text               ro code  0x08012f84      0x4  startup_stm32f401xc.o [1]
  .text               ro code  0x08012f88      0x4  startup_stm32f401xc.o [1]
  .text               ro code  0x08012f8c      0x4  startup_stm32f401xc.o [1]
  .text               ro code  0x08012f90      0x4  startup_stm32f401xc.o [1]
  .text               ro code  0x08012f94      0x4  startup_stm32f401xc.o [1]
  .rodata             const    0x08012f98      0x0  zero_init3.o [5]
  .rodata             const    0x08012f98      0x0  lz77_init.o [5]
  Initializer bytes   const    0x08012f98    0x231  <for P2 s0>
                             - 0x080131c9  0x13035

"P2":                                       0x5370
  P2 s0                        0x20000000    0x29e  <Init block>
    .data             inited   0x20000000     0xd0  LSM6DSL_ACC_GYRO_driver_HL.o [1]
    .data             inited   0x200000d0     0x50  LSM303AGR_ACC_driver_HL.o [1]
    .data             inited   0x20000120     0x50  LSM6DSL_ACC_GYRO_driver_HL.o [1]
    .data             inited   0x20000170     0x50  LSM6DSL_ACC_GYRO_driver_HL.o [1]
    .data             inited   0x200001c0     0x48  LIS2MDL_MAG_driver_HL.o [1]
    .data             inited   0x20000208     0x34  LPS22HB_Driver_HL.o [1]
    .data             inited   0x2000023c     0x34  LPS22HB_Driver_HL.o [1]
    .data             inited   0x20000270     0x14  main.o [1]
    .data             inited   0x20000284      0x8  steval_fcu001_v1.o [1]
    .data             inited   0x2000028c      0x4  ahrs.o [1]
    .data             inited   0x20000290      0x4  rc.o [1]
    .data             inited   0x20000294      0x4  system_stm32f4xx.o [1]
    __DLIB_PERTHREAD  inited   0x20000298      0x4  errno.o [3]
    .data             inited   0x2000029c      0x1  sensor_service.o [1]
    .data             inited   0x2000029d      0x1  sensor_service.o [1]
  .bss                zero     0x200002a0    0x3f0  usbd_conf.o [1]
  .bss                zero     0x20000690    0x2bc  hci.o [1]
  .bss                zero     0x2000094c    0x100  main.o [1]
  .bss                zero     0x20000a4c     0x70  main.o [1]
  .bss                zero     0x20000abc     0x58  main.o [1]
  .bss                zero     0x20000b14     0x58  main.o [1]
  .bss                zero     0x20000b6c     0x58  SPBTLE_RF.o [1]
  .bss                zero     0x20000bc4     0x58  steval_fcu001_v1.o [1]
  .bss                zero     0x20000c1c     0x4c  rc.o [1]
  .bss                zero     0x20000c68     0x48  main.o [1]
  .bss                zero     0x20000cb0     0x40  main.o [1]
  .bss                zero     0x20000cf0     0x3c  main.o [1]
  .bss                zero     0x20000d2c     0x3c  main.o [1]
  .bss                zero     0x20000d68     0x3c  main.o [1]
  .bss                zero     0x20000da4     0x3c  main.o [1]
  .bss                zero     0x20000de0     0x3c  main.o [1]
  .bss                zero     0x20000e1c     0x3c  main.o [1]
  .bss                zero     0x20000e58     0x3c  main.o [1]
  .bss                zero     0x20000e94     0x30  main.o [1]
  .bss                zero     0x20000ec4     0x30  main.o [1]
  .bss                zero     0x20000ef4     0x30  main.o [1]
  .bss                zero     0x20000f24     0x30  main.o [1]
  .bss                zero     0x20000f54     0x30  main.o [1]
  .bss                zero     0x20000f84     0x30  main.o [1]
  .bss                zero     0x20000fb4     0x2c  sensor_service.o [1]
  .bss                zero     0x20000fe0     0x28  steval_fcu001_v1_accelero.o [1]
  .bss                zero     0x20001008     0x28  steval_fcu001_v1_temperature.o [1]
  .bss                zero     0x20001030     0x1c  main.o [1]
  .bss                zero     0x2000104c     0x14  sensor_service.o [1]
  .bss                zero     0x20001060     0x14  sensor_service.o [1]
  .bss                zero     0x20001074     0x14  steval_fcu001_v1_gyro.o [1]
  .bss                zero     0x20001088     0x14  steval_fcu001_v1_magneto.o [1]
  .bss                zero     0x2000109c     0x14  steval_fcu001_v1_pressure.o [1]
  .bss                zero     0x200010b0     0x14  timer.o [1]
  .bss                zero     0x200010c4     0x10  main.o [1]
  .bss                zero     0x200010d4     0x10  rc.o [1]
  .bss                zero     0x200010e4     0x10  rc.o [1]
  .bss                zero     0x200010f4     0x10  rc.o [1]
  .bss                zero     0x20001104     0x10  steval_fcu001_v1_accelero.o [1]
  .bss                zero     0x20001114     0x10  steval_fcu001_v1_temperature.o [1]
  .bss                zero     0x20001124      0xc  main.o [1]
  .bss                zero     0x20001130      0xc  main.o [1]
  .bss                zero     0x2000113c      0xc  main.o [1]
  .bss                zero     0x20001148      0xc  main.o [1]
  .bss                zero     0x20001154      0xc  main.o [1]
  .bss                zero     0x20001160      0xc  main.o [1]
  .bss                zero     0x2000116c      0xc  main.o [1]
  .bss                zero     0x20001178      0xc  main.o [1]
  .bss                zero     0x20001184      0xc  main.o [1]
  .bss                zero     0x20001190      0xc  main.o [1]
  .bss                zero     0x2000119c      0xc  main.o [1]
  .bss                zero     0x200011a8      0xc  main.o [1]
  .bss                zero     0x200011b4      0xc  main.o [1]
  .bss                zero     0x200011c0      0xc  main.o [1]
  .bss                zero     0x200011cc      0xc  main.o [1]
  .bss                zero     0x200011d8      0xc  main.o [1]
  .bss                zero     0x200011e4      0xc  main.o [1]
  .bss                zero     0x200011f0      0xc  main.o [1]
  .bss                zero     0x200011fc      0xc  main.o [1]
  .bss                zero     0x20001208      0x8  hci.o [1]
  .bss                zero     0x20001210      0x8  hci.o [1]
  .bss                zero     0x20001218      0x8  LPS22HB_Driver_HL.o [1]
  .bss                zero     0x20001220      0x8  main.o [1]
  .bss                zero     0x20001228      0x8  main.o [1]
  .bss                zero     0x20001230      0x8  main.o [1]
  .bss                zero     0x20001238      0x8  steval_fcu001_v1_accelero.o [1]
  .bss                zero     0x20001240      0x8  steval_fcu001_v1_gyro.o [1]
  .bss                zero     0x20001248      0x8  steval_fcu001_v1_gyro.o [1]
  .bss                zero     0x20001250      0x8  steval_fcu001_v1_magneto.o [1]
  .bss                zero     0x20001258      0x8  steval_fcu001_v1_pressure.o [1]
  .bss                zero     0x20001260      0x4  ahrs.o [1]
  .bss                zero     0x20001264      0x4  ahrs.o [1]
  .bss                zero     0x20001268      0x4  ahrs.o [1]
  .bss                zero     0x2000126c      0x4  ahrs.o [1]
  .bss                zero     0x20001270      0x4  ahrs.o [1]
  .bss                zero     0x20001274      0x4  ahrs.o [1]
  .bss                zero     0x20001278      0x4  ahrs.o [1]
  .bss                zero     0x2000127c      0x4  flight_control.o [1]
  .bss                zero     0x20001280      0x4  flight_control.o [1]
  .bss                zero     0x20001284      0x4  flight_control.o [1]
  .bss                zero     0x20001288      0x4  flight_control.o [1]
  .bss                zero     0x2000128c      0x4  flight_control.o [1]
  .bss                zero     0x20001290      0x4  flight_control.o [1]
  .bss                zero     0x20001294      0x4  flight_control.o [1]
  .bss                zero     0x20001298      0x4  flight_control.o [1]
  .bss                zero     0x2000129c      0x4  flight_control.o [1]
  .bss                zero     0x200012a0      0x4  flight_control.o [1]
  .bss                zero     0x200012a4      0x4  flight_control.o [1]
  .bss                zero     0x200012a8      0x4  flight_control.o [1]
  .bss                zero     0x200012ac      0x4  main.o [1]
  .bss                zero     0x200012b0      0x4  main.o [1]
  .bss                zero     0x200012b4      0x4  main.o [1]
  .bss                zero     0x200012b8      0x4  main.o [1]
  .bss                zero     0x200012bc      0x4  main.o [1]
  .bss                zero     0x200012c0      0x4  main.o [1]
  .bss                zero     0x200012c4      0x4  main.o [1]
  .bss                zero     0x200012c8      0x4  main.o [1]
  .bss                zero     0x200012cc      0x4  main.o [1]
  .bss                zero     0x200012d0      0x4  main.o [1]
  .bss                zero     0x200012d4      0x4  main.o [1]
  .bss                zero     0x200012d8      0x4  main.o [1]
  .bss                zero     0x200012dc      0x4  main.o [1]
  .bss                zero     0x200012e0      0x4  main.o [1]
  .bss                zero     0x200012e4      0x4  main.o [1]
  .bss                zero     0x200012e8      0x4  main.o [1]
  .bss                zero     0x200012ec      0x4  main.o [1]
  .bss                zero     0x200012f0      0x4  main.o [1]
  .bss                zero     0x200012f4      0x4  main.o [1]
  .bss                zero     0x200012f8      0x4  main.o [1]
  .bss                zero     0x200012fc      0x4  main.o [1]
  .bss                zero     0x20001300      0x4  main.o [1]
  .bss                zero     0x20001304      0x4  main.o [1]
  .bss                zero     0x20001308      0x4  main.o [1]
  .bss                zero     0x2000130c      0x4  rc.o [1]
  .bss                zero     0x20001310      0x4  rc.o [1]
  .bss                zero     0x20001314      0x4  rc.o [1]
  .bss                zero     0x20001318      0x4  rc.o [1]
  .bss                zero     0x2000131c      0x4  sensor_service.o [1]
  .bss                zero     0x20001320      0x4  sensor_service.o [1]
  .bss                zero     0x20001324      0x4  steval_fcu001_v1_accelero.o [1]
  .bss                zero     0x20001328      0x4  steval_fcu001_v1_magneto.o [1]
  .bss                zero     0x2000132c      0x4  steval_fcu001_v1_pressure.o [1]
  .bss                zero     0x20001330      0x4  steval_fcu001_v1_temperature.o [1]
  .bss                zero     0x20001334      0x4  stm32f4xx_hal.o [1]
  .bss                zero     0x20001338      0x2  flight_control.o [1]
  .bss                zero     0x2000133a      0x2  LSM6DSL_ACC_GYRO_driver_HL.o [1]
  .bss                zero     0x2000133c      0x2  main.o [1]
  .bss                zero     0x2000133e      0x2  main.o [1]
  .bss                zero     0x20001340      0x2  main.o [1]
  .bss                zero     0x20001342      0x2  main.o [1]
  .bss                zero     0x20001344      0x2  rc.o [1]
  .bss                zero     0x20001346      0x2  rc.o [1]
  .bss                zero     0x20001348      0x2  rc.o [1]
  .bss                zero     0x2000134a      0x2  rc.o [1]
  .bss                zero     0x2000134c      0x2  sensor_service.o [1]
  .bss                zero     0x2000134e      0x2  sensor_service.o [1]
  .bss                zero     0x20001350      0x2  sensor_service.o [1]
  .bss                zero     0x20001352      0x2  sensor_service.o [1]
  .bss                zero     0x20001354      0x2  sensor_service.o [1]
  .bss                zero     0x20001356      0x2  sensor_service.o [1]
  .bss                zero     0x20001358      0x2  sensor_service.o [1]
  .bss                zero     0x2000135a      0x2  sensor_service.o [1]
  .bss                zero     0x2000135c      0x2  sensor_service.o [1]
  .bss                zero     0x2000135e      0x2  sensor_service.o [1]
  .bss                zero     0x20001360      0x2  sensor_service.o [1]
  .bss                zero     0x20001362      0x2  sensor_service.o [1]
  .bss                zero     0x20001364      0x1  main.o [1]
  .bss                zero     0x20001365      0x1  main.o [1]
  .bss                zero     0x20001366      0x1  main.o [1]
  .bss                zero     0x20001367      0x1  rc.o [1]
  .bss                zero     0x20001368      0x1  sensor_service.o [1]
  .bss                zero     0x20001369      0x1  sensor_service.o [1]
  .bss                zero     0x2000136a      0x1  usbd_ctlreq.o [1]
  CSTACK                       0x20001370   0x4000  <Block>
    CSTACK            uninit   0x20001370   0x4000  <Block tail>
                             - 0x20005370   0x5370


*******************************************************************************
*** INIT TABLE
***

          Address     Size
          -------     ----
Zero (__iar_zero_init3)
    1 destination range, total size 0x10cb:
          0x200002a0  0x10cb

Copy/lz77 (__iar_lz77_init3)
    1 source range, total size 0x231 (83% of destination):
          0x08012f98   0x231
    1 destination range, total size 0x29e:
          0x20000000   0x29e



*******************************************************************************
*** MODULE SUMMARY
***

    Module                          ro code  ro data  rw data
    ------                          -------  -------  -------
C:\Users\matteo maravita\Desktop\Drone\FW - Repository\STEVAL-FCU001V1\branches\BLE remocon\EWARM\ToyDrone_Configuration\Obj: [1]
    LIS2MDL_MAG_driver.o                562
    LIS2MDL_MAG_driver_HL.o             956       60       72
    LPS22HB_Driver.o                  1 120
    LPS22HB_Driver_HL.o               1 906       87      112
    LSM303AGR_ACC_driver.o            1 410       96
    LSM303AGR_ACC_driver_HL.o         2 336       71       80
    LSM6DSL_ACC_GYRO_driver.o         5 266
    LSM6DSL_ACC_GYRO_driver_HL.o      7 790      308      370
    SPBTLE_RF.o                         844       24       88
    ahrs.o                              944        4       32
    basic_math.o                         64
    ble_list.o                          238
    bluenrg_gap_aci.o                   754
    bluenrg_gatt_aci.o                  834
    bluenrg_hal_aci.o                   198
    bluenrg_l2cap_aci.o                 106
    bluenrg_utils.o                     126
    debug.o                              76
    flight_control.o                  1 692                50
    gp_timer.o                           46
    hci.o                             1 274               716
    main.o                            7 216    1 105    1 811
    motor.o                             310
    osal.o                               44
    quaternion.o                        276
    rc.o                                752       15      153
    sensor_data.o                       172
    sensor_service.o                  5 226      702      120
    startup_stm32f401xc.o               648
    steval_fcu001_v1.o                1 900       14       96
    steval_fcu001_v1_accelero.o         936                68
    steval_fcu001_v1_gyro.o             506                36
    steval_fcu001_v1_magneto.o          426                32
    steval_fcu001_v1_pressure.o         512                32
    steval_fcu001_v1_temperature.o      444                60
    stm32f4xx_hal.o                     156                 4
    stm32f4xx_hal_adc.o               1 344
    stm32f4xx_hal_cortex.o              396
    stm32f4xx_hal_dma.o                  40
    stm32f4xx_hal_gpio.o                588
    stm32f4xx_hal_msp.o                 756
    stm32f4xx_hal_pcd.o               2 408
    stm32f4xx_hal_rcc.o               1 760       16
    stm32f4xx_hal_spi.o               1 222
    stm32f4xx_hal_tim.o               2 548
    stm32f4xx_hal_tim_ex.o               94
    stm32f4xx_hal_uart.o              1 940
    stm32f4xx_it.o                      106
    stm32f4xx_ll_usb.o                2 392
    system_stm32f4xx.o                  108        3        4
    timer.o                             100                20
    usbd_conf.o                         500             1 008
    usbd_core.o                         742
    usbd_ctlreq.o                     1 540                 1
    usbd_ioreq.o                        144
    ---------------------------------------------------------
    Total:                           66 794    2 505    4 965

command line: [2]
    ---------------------------------------------------------
    Total:

dl7M_tln.a: [3]
    abort.o                               6
    div.o                                14
    errno.o                              12        4        4
    exit.o                                4
    low_level_init.o                      4
    sprintf.o                            52
    strncmp.o                            42
    vsnprint.o                           60
    xprintffull_nomb.o                3 502
    xsnprout.o                           26
    xsprout.o                            10
    xtls.o                                2
    ---------------------------------------------------------
    Total:                            3 734        4        4

m7M_tls.a: [4]
    DblAdd.o                            232
    DblCmpGe.o                           46
    DblCmpLe.o                           46
    DblDiv.o                            598
    DblMul.o                            418
    DblSub.o                            384
    DblToFlt.o                          144
    DblToI32.o                           88
    FltToDbl.o                           78
    I32ToDbl.o                           48
    asin.o                              308
    atan2.o                             244
    fpinit_M.o                           34
    sqrt.o                              240
    xatan.o                             496
    xdnorm.o                             66
    xdscale.o                           280
    xdtest.o                             64
    ---------------------------------------------------------
    Total:                            3 814

rt7M_tl.a: [5]
    ABImemcpy_unaligned.o               118
    ABImemset.o                         102
    I64DivMod.o                         306
    I64DivZer.o                           2
    cexit.o                              10
    cmain.o                              26
    cstartup_M.o                         12
    data_init.o                          40
    iarEdom.o                            12
    lz77_init.o                         450
    memchr.o                             88
    strchr.o                             22
    strlen.o                             54
    zero_init3.o                         64
    ---------------------------------------------------------
    Total:                            1 306

shb_l.a: [6]
    exit.o                               20
    ---------------------------------------------------------
    Total:                               20

    Gaps                                 54        6        2
    Linker created                                44   16 384
-------------------------------------------------------------
    Grand Total:                     75 722    2 559   21 355


*******************************************************************************
*** ENTRY LIST
***

Entry                      Address   Size  Type      Object
-----                      -------   ----  ----      ------
.iar.init_table$$Base   0x08012bc8          --   Gb  - Linker created -
.iar.init_table$$Limit  0x08012bf4          --   Gb  - Linker created -
?main                   0x08012d45         Code  Gb  cmain.o [5]
ACCELERO_Data           0x20001104   0x10  Data  Lc  steval_fcu001_v1_accelero.o [1]
ACCELERO_SensorHandle   0x20000fe0   0x28  Data  Lc  steval_fcu001_v1_accelero.o [1]
ADC_Init                0x0800dbcf  0x166  Code  Lc  stm32f4xx_hal_adc.o [1]
APBAHBPrescTable        0x08012dec   0x10  Data  Gb  stm32f4xx_hal_rcc.o [1]
ARMING_Update           0x08005cab   0x7c  Code  Gb  sensor_service.o [1]
AccEventCharHandle      0x20001352    0x2  Data  Lc  sensor_service.o [1]
AccGyroMagCharHandle    0x20001350    0x2  Data  Lc  sensor_service.o [1]
AccGyroMag_Update       0x08005a73  0x11a  Code  Gb  sensor_service.o [1]
Add_ConfigW2ST_Service  0x08005243  0x11a  Code  Gb  sensor_service.o [1]
Add_ConsoleW2ST_Service
                        0x0800535d  0x1ae  Code  Gb  sensor_service.o [1]
Add_HWServW2ST_Service  0x080056b1  0x3c2  Code  Gb  sensor_service.o [1]
ArmingCharHandle        0x20001354    0x2  Data  Lc  sensor_service.o [1]
Attribute_Modified_CB   0x08005fc9  0x1d8  Code  Gb  sensor_service.o [1]
BNRG_SPI_Init           0x08004385   0x56  Code  Gb  SPBTLE_RF.o [1]
BSP_ACCELERO_Get_Axes   0x0800b7fd   0x3c  Code  Gb  steval_fcu001_v1_accelero.o [1]
BSP_ACCELERO_Init       0x0800b599   0x50  Code  Gb  steval_fcu001_v1_accelero.o [1]
BSP_ACCELERO_Read_Reg   0x0800b8af   0x4c  Code  Gb  steval_fcu001_v1_accelero.o [1]
BSP_ACCELERO_Sensor_Enable
                        0x0800b7cd   0x30  Code  Gb  steval_fcu001_v1_accelero.o [1]
BSP_ACCELERO_Set_FS     0x0800b879   0x36  Code  Gb  steval_fcu001_v1_accelero.o [1]
BSP_ACCELERO_Set_ODR_Value
                        0x0800b839   0x40  Code  Gb  steval_fcu001_v1_accelero.o [1]
BSP_ACCELERO_Write_Reg  0x0800b8fb   0x46  Code  Gb  steval_fcu001_v1_accelero.o [1]
BSP_GYRO_Get_Axes       0x0800bab9   0x3c  Code  Gb  steval_fcu001_v1_gyro.o [1]
BSP_GYRO_Init           0x0800b941   0x32  Code  Gb  steval_fcu001_v1_gyro.o [1]
BSP_GYRO_Sensor_Enable  0x0800ba89   0x30  Code  Gb  steval_fcu001_v1_gyro.o [1]
BSP_GYRO_Write_Reg      0x0800baf5   0x46  Code  Gb  steval_fcu001_v1_gyro.o [1]
BSP_LED_Init            0x080034b9   0x82  Code  Gb  steval_fcu001_v1.o [1]
BSP_LED_Off             0x0800355d   0x22  Code  Gb  steval_fcu001_v1.o [1]
BSP_LED_On              0x0800353b   0x22  Code  Gb  steval_fcu001_v1.o [1]
BSP_LED_Toggle          0x0800357f   0x20  Code  Gb  steval_fcu001_v1.o [1]
BSP_LIS2MDL_MAGNETO_Init
                        0x0800bb6f   0xb6  Code  Lc  steval_fcu001_v1_magneto.o [1]
BSP_LPS22HB_PRESSURE_Init
                        0x0800cee3  0x132  Code  Lc  steval_fcu001_v1_pressure.o [1]
BSP_LPS22HB_TEMPERATURE_Init
                        0x0800d0cd  0x120  Code  Lc  steval_fcu001_v1_temperature.o [1]
BSP_LSM303AGR_ACCELERO_Init
                        0x0800b6ef   0xb6  Code  Lc  steval_fcu001_v1_accelero.o [1]
BSP_LSM6DSL_ACCELERO_Init
                        0x0800b5e9  0x106  Code  Lc  steval_fcu001_v1_accelero.o [1]
BSP_LSM6DSL_GYRO_Init   0x0800b973  0x102  Code  Lc  steval_fcu001_v1_gyro.o [1]
BSP_MAGNETO_Get_Axes    0x0800bc65   0x3c  Code  Gb  steval_fcu001_v1_magneto.o [1]
BSP_MAGNETO_Init        0x0800bb3d   0x32  Code  Gb  steval_fcu001_v1_magneto.o [1]
BSP_MAGNETO_Sensor_Enable
                        0x0800bc35   0x30  Code  Gb  steval_fcu001_v1_magneto.o [1]
BSP_MAGNETO_Write_Reg   0x0800bca1   0x46  Code  Gb  steval_fcu001_v1_magneto.o [1]
BSP_PRESSURE_Get_Press  0x0800d075   0x3c  Code  Gb  steval_fcu001_v1_pressure.o [1]
BSP_PRESSURE_Init       0x0800ceb1   0x32  Code  Gb  steval_fcu001_v1_pressure.o [1]
BSP_PRESSURE_IsInitialized
                        0x0800d059   0x1c  Code  Gb  steval_fcu001_v1_pressure.o [1]
BSP_PRESSURE_Sensor_Enable
                        0x0800d029   0x30  Code  Gb  steval_fcu001_v1_pressure.o [1]
BSP_TEMPERATURE_Get_Temp
                        0x0800d231   0x3c  Code  Gb  steval_fcu001_v1_temperature.o [1]
BSP_TEMPERATURE_Init    0x0800d0b1   0x1c  Code  Gb  steval_fcu001_v1_temperature.o [1]
BSP_TEMPERATURE_Sensor_Enable
                        0x0800d201   0x30  Code  Gb  steval_fcu001_v1_temperature.o [1]
Batt_Env_RSSI_Update    0x08005b8d  0x11e  Code  Gb  sensor_service.o [1]
BlueNRG_DataPresent     0x080043ff   0x16  Code  Gb  SPBTLE_RF.o [1]
BlueNRG_Init            0x0800b031  0x1f2  Code  Gb  main.o [1]
BlueNRG_RST             0x080043db   0x24  Code  Gb  SPBTLE_RF.o [1]
BlueNRG_SPI_Read_All    0x08004415   0xca  Code  Gb  SPBTLE_RF.o [1]
BlueNRG_SPI_Write       0x080044df   0xe8  Code  Gb  SPBTLE_RF.o [1]
BufferToWrite           0x2000094c  0x100  Data  Gb  main.o [1]
BytesToWrite            0x20001308    0x4  Data  Gb  main.o [1]
CSTACK$$Base            0x20001370          --   Gb  - Linker created -
CSTACK$$Limit           0x20005370          --   Gb  - Linker created -
ClearTimer              0x08007239    0x6  Code  Gb  timer.o [1]
Clear_SPI_EXTI_Flag     0x08004651    0x8  Code  Gb  SPBTLE_RF.o [1]
ConfigCharHandle        0x2000135a    0x2  Data  Lc  sensor_service.o [1]
ConfigCommandParsing    0x08006505    0x6  Code  Lc  sensor_service.o [1]
ConfigServW2STHandle    0x20001358    0x2  Data  Lc  sensor_service.o [1]
ConnectionBleStatus     0x20001304    0x4  Data  Gb  main.o [1]
ConsoleW2STHandle       0x2000135c    0x2  Data  Lc  sensor_service.o [1]
DebugConsoleCommandParsing
                        0x080061d1  0x32e  Code  Lc  sensor_service.o [1]
DisableHWFeatures       0x08006649    0x2  Code  Lc  sensor_service.o [1]
Disable_SPI_IRQ         0x08004647    0xa  Code  Gb  SPBTLE_RF.o [1]
EXTI4_IRQHandler        0x08012675    0xa  Code  Gb  stm32f4xx_it.o [1]
Enable_SPI_IRQ          0x0800463d    0xa  Code  Gb  SPBTLE_RF.o [1]
EnvironmentalCharHandle
                        0x2000134e    0x2  Data  Lc  sensor_service.o [1]
EnvironmentalCharSize   0x2000029d    0x1  Data  Lc  sensor_service.o [1]
FlightControlPID_OuterLoop
                        0x0800c771  0x1d4  Code  Gb  flight_control.o [1]
FlightControlPID_innerLoop
                        0x0800c945  0x3ca  Code  Gb  flight_control.o [1]
Fly_origin              0x20001230    0x8  Data  Gb  main.o [1]
GAP_ConnectionComplete_CB
                        0x08005df9   0x5c  Code  Lc  sensor_service.o [1]
GAP_DisconnectionComplete_CB
                        0x08005e55   0x30  Code  Lc  sensor_service.o [1]
GPIO_PIN                0x08012e9c    0x8  Data  Gb  steval_fcu001_v1.o [1]
GPIO_PORT               0x20000284    0x8  Data  Gb  steval_fcu001_v1.o [1]
GYRO_Data               0x20001240    0x8  Data  Lc  steval_fcu001_v1_gyro.o [1]
GYRO_SensorHandle       0x20001074   0x14  Data  Lc  steval_fcu001_v1_gyro.o [1]
GetTargetEulerAngle     0x080067a9  0x132  Code  Gb  rc.o [1]
HAL_ADC_ConfigChannel   0x0800da4b  0x184  Code  Gb  stm32f4xx_hal_adc.o [1]
HAL_ADC_GetValue        0x0800da45    0x6  Code  Gb  stm32f4xx_hal_adc.o [1]
HAL_ADC_Init            0x0800d811   0x66  Code  Gb  stm32f4xx_hal_adc.o [1]
HAL_ADC_MspInit         0x0800469b   0x4c  Code  Gb  stm32f4xx_hal_msp.o [1]
HAL_ADC_PollForConversion
                        0x0800d99b   0xaa  Code  Gb  stm32f4xx_hal_adc.o [1]
HAL_ADC_Start           0x0800d877   0xe6  Code  Gb  stm32f4xx_hal_adc.o [1]
HAL_ADC_Stop            0x0800d95d   0x3e  Code  Gb  stm32f4xx_hal_adc.o [1]
HAL_DMA_Abort_IT        0x08004a15   0x28  Code  Gb  stm32f4xx_hal_dma.o [1]
HAL_Delay               0x080049e9   0x1a  Code  Wk  stm32f4xx_hal.o [1]
HAL_GPIO_EXTI_Callback  0x08004339   0x16  Code  Gb  SPBTLE_RF.o [1]
HAL_GPIO_EXTI_IRQHandler
                        0x08003e21   0x1e  Code  Gb  stm32f4xx_hal_gpio.o [1]
HAL_GPIO_Init           0x08003c25  0x1c6  Code  Gb  stm32f4xx_hal_gpio.o [1]
HAL_GPIO_ReadPin        0x08003deb   0x18  Code  Gb  stm32f4xx_hal_gpio.o [1]
HAL_GPIO_TogglePin      0x08003e17    0xa  Code  Gb  stm32f4xx_hal_gpio.o [1]
HAL_GPIO_WritePin       0x08003e03   0x14  Code  Gb  stm32f4xx_hal_gpio.o [1]
HAL_GetHalVersion       0x08004a03    0x6  Code  Gb  stm32f4xx_hal.o [1]
HAL_GetTick             0x080049e3    0x6  Code  Wk  stm32f4xx_hal.o [1]
HAL_IncTick             0x080049d7    0xc  Code  Wk  stm32f4xx_hal.o [1]
HAL_Init                0x08004979   0x3a  Code  Gb  stm32f4xx_hal.o [1]
HAL_InitTick            0x080049b3   0x24  Code  Wk  stm32f4xx_hal.o [1]
HAL_MspInit             0x08004685   0x16  Code  Gb  stm32f4xx_hal_msp.o [1]
HAL_NVIC_DisableIRQ     0x08005089    0xe  Code  Gb  stm32f4xx_hal_cortex.o [1]
HAL_NVIC_EnableIRQ      0x0800507b    0xe  Code  Gb  stm32f4xx_hal_cortex.o [1]
HAL_NVIC_SetPriority    0x08005055   0x26  Code  Gb  stm32f4xx_hal_cortex.o [1]
HAL_NVIC_SetPriorityGrouping
                        0x08005049    0xc  Code  Gb  stm32f4xx_hal_cortex.o [1]
HAL_PCD_ConnectCallback
                        0x0800fd55    0xe  Code  Gb  usbd_conf.o [1]
HAL_PCD_DataInStageCallback
                        0x0800fc87   0x1e  Code  Gb  usbd_conf.o [1]
HAL_PCD_DataOutStageCallback
                        0x0800fc67   0x20  Code  Gb  usbd_conf.o [1]
HAL_PCD_DisconnectCallback
                        0x0800fd63    0xe  Code  Gb  usbd_conf.o [1]
HAL_PCD_EP_ClrStall     0x0800f1e3   0x60  Code  Gb  stm32f4xx_hal_pcd.o [1]
HAL_PCD_EP_Open         0x0800efd5   0x98  Code  Gb  stm32f4xx_hal_pcd.o [1]
HAL_PCD_EP_Receive      0x0800f06d   0x82  Code  Gb  stm32f4xx_hal_pcd.o [1]
HAL_PCD_EP_SetStall     0x0800f16f   0x74  Code  Gb  stm32f4xx_hal_pcd.o [1]
HAL_PCD_EP_Transmit     0x0800f0ef   0x80  Code  Gb  stm32f4xx_hal_pcd.o [1]
HAL_PCD_IRQHandler      0x0800e995  0x5e8  Code  Gb  stm32f4xx_hal_pcd.o [1]
HAL_PCD_ISOINIncompleteCallback
                        0x0800fd41   0x14  Code  Gb  usbd_conf.o [1]
HAL_PCD_ISOOUTIncompleteCallback
                        0x0800fd2d   0x14  Code  Gb  usbd_conf.o [1]
HAL_PCD_ResetCallback   0x0800fcb3   0x38  Code  Gb  usbd_conf.o [1]
HAL_PCD_ResumeCallback  0x0800fd1f    0xe  Code  Gb  usbd_conf.o [1]
HAL_PCD_SOFCallback     0x0800fca5    0xe  Code  Gb  usbd_conf.o [1]
HAL_PCD_SetAddress      0x0800efa9   0x2c  Code  Gb  stm32f4xx_hal_pcd.o [1]
HAL_PCD_SetupStageCallback
                        0x0800fc55   0x12  Code  Gb  usbd_conf.o [1]
HAL_PCD_SuspendCallback
                        0x0800fceb   0x34  Code  Gb  usbd_conf.o [1]
HAL_RCC_ClockConfig     0x08008be5  0x1bc  Code  Gb  stm32f4xx_hal_rcc.o [1]
HAL_RCC_GetHCLKFreq     0x08008e4b    0x6  Code  Gb  stm32f4xx_hal_rcc.o [1]
HAL_RCC_GetPCLK1Freq    0x08008e51   0x26  Code  Gb  stm32f4xx_hal_rcc.o [1]
HAL_RCC_GetPCLK2Freq    0x08008e77   0x26  Code  Gb  stm32f4xx_hal_rcc.o [1]
HAL_RCC_GetSysClockFreq
                        0x08008da1   0xaa  Code  Wk  stm32f4xx_hal_rcc.o [1]
HAL_RCC_OscConfig       0x080087f9  0x3ec  Code  Wk  stm32f4xx_hal_rcc.o [1]
HAL_SPI_ErrorCallback   0x08004249    0x2  Code  Wk  stm32f4xx_hal_spi.o [1]
HAL_SPI_GetState        0x0800424b    0x6  Code  Gb  stm32f4xx_hal_spi.o [1]
HAL_SPI_IRQHandler      0x08004137  0x112  Code  Gb  stm32f4xx_hal_spi.o [1]
HAL_SPI_Init            0x08003e71   0x8e  Code  Gb  stm32f4xx_hal_spi.o [1]
HAL_SPI_MspInit         0x080046e7  0x136  Code  Gb  stm32f4xx_hal_msp.o [1]
HAL_SPI_TransmitReceive
                        0x08003eff  0x238  Code  Gb  stm32f4xx_hal_spi.o [1]
HAL_SYSTICK_CLKSourceConfig
                        0x080050a3   0x20  Code  Gb  stm32f4xx_hal_cortex.o [1]
HAL_SYSTICK_Callback    0x080066f3   0x2e  Code  Gb  rc.o [1]
HAL_SYSTICK_Config      0x08005097    0xc  Code  Gb  stm32f4xx_hal_cortex.o [1]
HAL_SYSTICK_IRQHandler  0x080050e9    0x8  Code  Gb  stm32f4xx_hal_cortex.o [1]
HAL_TIMEx_BreakCallback
                        0x0800ddad    0x2  Code  Wk  stm32f4xx_hal_tim_ex.o [1]
HAL_TIMEx_CommutationCallback
                        0x0800ddab    0x2  Code  Wk  stm32f4xx_hal_tim_ex.o [1]
HAL_TIMEx_MasterConfigSynchronization
                        0x0800dd51   0x5a  Code  Gb  stm32f4xx_hal_tim_ex.o [1]
HAL_TIM_Base_Init       0x0800bce9   0x38  Code  Gb  stm32f4xx_hal_tim.o [1]
HAL_TIM_Base_MspInit    0x0800481d   0xd4  Code  Gb  stm32f4xx_hal_msp.o [1]
HAL_TIM_Base_Start_IT   0x0800bd21   0x1e  Code  Gb  stm32f4xx_hal_tim.o [1]
HAL_TIM_ConfigClockSource
                        0x0800c1a5  0x11e  Code  Gb  stm32f4xx_hal_tim.o [1]
HAL_TIM_IC_CaptureCallback
                        0x080066e7    0xc  Code  Gb  rc.o [1]
HAL_TIM_IC_ConfigChannel
                        0x0800bfcf   0xd6  Code  Gb  stm32f4xx_hal_tim.o [1]
HAL_TIM_IC_Init         0x0800bdaf   0x38  Code  Gb  stm32f4xx_hal_tim.o [1]
HAL_TIM_IC_MspInit      0x0800bde7    0x2  Code  Wk  stm32f4xx_hal_tim.o [1]
HAL_TIM_IC_Start_IT     0x0800bde9   0x6c  Code  Gb  stm32f4xx_hal_tim.o [1]
HAL_TIM_IRQHandler      0x0800be59  0x176  Code  Gb  stm32f4xx_hal_tim.o [1]
HAL_TIM_OC_DelayElapsedCallback
                        0x0800c2c3    0x2  Code  Wk  stm32f4xx_hal_tim.o [1]
HAL_TIM_PWM_ConfigChannel
                        0x0800c0a5  0x100  Code  Gb  stm32f4xx_hal_tim.o [1]
HAL_TIM_PWM_Init        0x0800bd3f   0x38  Code  Gb  stm32f4xx_hal_tim.o [1]
HAL_TIM_PWM_MspInit     0x0800bd77    0x2  Code  Wk  stm32f4xx_hal_tim.o [1]
HAL_TIM_PWM_PulseFinishedCallback
                        0x0800c2c5    0x2  Code  Wk  stm32f4xx_hal_tim.o [1]
HAL_TIM_PWM_Start       0x0800bd79   0x36  Code  Gb  stm32f4xx_hal_tim.o [1]
HAL_TIM_PeriodElapsedCallback
                        0x0800a669  0x8fc  Code  Gb  main.o [1]
HAL_TIM_TriggerCallback
                        0x0800c2c7    0x2  Code  Wk  stm32f4xx_hal_tim.o [1]
HAL_UART_ErrorCallback  0x08007553    0x2  Code  Wk  stm32f4xx_hal_uart.o [1]
HAL_UART_IRQHandler     0x08007409  0x146  Code  Gb  stm32f4xx_hal_uart.o [1]
HAL_UART_Init           0x080072b5   0x76  Code  Gb  stm32f4xx_hal_uart.o [1]
HAL_UART_MspInit        0x080048f1   0x5c  Code  Gb  stm32f4xx_hal_msp.o [1]
HAL_UART_RxCpltCallback
                        0x08007551    0x2  Code  Wk  stm32f4xx_hal_uart.o [1]
HAL_UART_Transmit       0x0800732b   0xde  Code  Gb  stm32f4xx_hal_uart.o [1]
HAL_UART_TxCpltCallback
                        0x0800754f    0x2  Code  Wk  stm32f4xx_hal_uart.o [1]
HCI_Event_CB            0x0800650b   0x96  Code  Gb  sensor_service.o [1]
HCI_Init                0x08004a3d   0x36  Code  Gb  hci.o [1]
HCI_Isr                 0x08004aef   0x76  Code  Gb  hci.o [1]
HCI_Process             0x08004a97   0x4e  Code  Gb  hci.o [1]
HCI_ProcessEvent        0x200012ac    0x4  Data  Gb  main.o [1]
HCI_Queue_Empty         0x08004ae5    0xa  Code  Gb  hci.o [1]
HCI_verify              0x08004a73   0x24  Code  Gb  hci.o [1]
HWServW2STHandle        0x2000134c    0x2  Data  Lc  sensor_service.o [1]
Hal_Write_Serial        0x0800434f   0x36  Code  Gb  SPBTLE_RF.o [1]
InStream_Read           0x080123cb   0x22  Code  Lc  lz77_init.o [5]
Init_BlueNRG_Custom_Services
                        0x0800b223   0x4c  Code  Lc  main.o [1]
LIS2MDLDrv              0x200001c0   0x48  Data  Gb  LIS2MDL_MAG_driver_HL.o [1]
LIS2MDL_Check_WhoAmI    0x08011ed5   0x2e  Code  Lc  LIS2MDL_MAG_driver_HL.o [1]
LIS2MDL_DeInit          0x08011e47   0x28  Code  Lc  LIS2MDL_MAG_driver_HL.o [1]
LIS2MDL_Get_Axes        0x08011f03   0x82  Code  Lc  LIS2MDL_MAG_driver_HL.o [1]
LIS2MDL_Get_AxesRaw     0x08011f85   0x2e  Code  Lc  LIS2MDL_MAG_driver_HL.o [1]
LIS2MDL_Get_Axes_Raw    0x08012165   0x34  Code  Lc  LIS2MDL_MAG_driver_HL.o [1]
LIS2MDL_Get_DRDY_Status
                        0x08012137   0x2e  Code  Lc  LIS2MDL_MAG_driver_HL.o [1]
LIS2MDL_Get_FS          0x080120bf    0xa  Code  Lc  LIS2MDL_MAG_driver_HL.o [1]
LIS2MDL_Get_ODR         0x08011fbf   0x50  Code  Lc  LIS2MDL_MAG_driver_HL.o [1]
LIS2MDL_Get_Sensitivity
                        0x08011fb3    0xc  Code  Lc  LIS2MDL_MAG_driver_HL.o [1]
LIS2MDL_Get_WhoAmI      0x08011ebb   0x1a  Code  Lc  LIS2MDL_MAG_driver_HL.o [1]
LIS2MDL_Init            0x08011ddd   0x6a  Code  Lc  LIS2MDL_MAG_driver_HL.o [1]
LIS2MDL_MAG_Get_MagneticOutputs
                        0x08012373   0x58  Code  Gb  LIS2MDL_MAG_driver.o [1]
LIS2MDL_MAG_R_DataRate  0x0801229b   0x26  Code  Gb  LIS2MDL_MAG_driver.o [1]
LIS2MDL_MAG_R_STATUS_bits
                        0x08012351   0x22  Code  Gb  LIS2MDL_MAG_driver.o [1]
LIS2MDL_MAG_R_WhoAmI_Bits
                        0x080121e5   0x26  Code  Gb  LIS2MDL_MAG_driver.o [1]
LIS2MDL_MAG_ReadReg     0x080121bf   0x26  Code  Gb  LIS2MDL_MAG_driver.o [1]
LIS2MDL_MAG_W_BlockDataUpdate
                        0x08012309   0x48  Code  Gb  LIS2MDL_MAG_driver.o [1]
LIS2MDL_MAG_W_DataRate  0x08012253   0x48  Code  Gb  LIS2MDL_MAG_driver.o [1]
LIS2MDL_MAG_W_Operating_Mode
                        0x0801220b   0x48  Code  Gb  LIS2MDL_MAG_driver.o [1]
LIS2MDL_MAG_W_SelfTest  0x080122c1   0x48  Code  Gb  LIS2MDL_MAG_driver.o [1]
LIS2MDL_MAG_WriteReg    0x08012199   0x26  Code  Gb  LIS2MDL_MAG_driver.o [1]
LIS2MDL_M_0_Data        0x20001328    0x4  Data  Lc  steval_fcu001_v1_magneto.o [1]
LIS2MDL_M_0_handle      0x200012b8    0x4  Data  Lc  main.o [1]
LIS2MDL_Read_Reg        0x080120f5   0x22  Code  Lc  LIS2MDL_MAG_driver_HL.o [1]
LIS2MDL_Sensor_Disable  0x08011e95   0x26  Code  Lc  LIS2MDL_MAG_driver_HL.o [1]
LIS2MDL_Sensor_Enable   0x08011e6f   0x26  Code  Lc  LIS2MDL_MAG_driver_HL.o [1]
LIS2MDL_Set_FS          0x080120e9    0x6  Code  Lc  LIS2MDL_MAG_driver_HL.o [1]
LIS2MDL_Set_FS_Value    0x080120ef    0x6  Code  Lc  LIS2MDL_MAG_driver_HL.o [1]
LIS2MDL_Set_ODR         0x0801200f   0x52  Code  Lc  LIS2MDL_MAG_driver_HL.o [1]
LIS2MDL_Set_ODR_Value   0x08012061   0x5e  Code  Lc  LIS2MDL_MAG_driver_HL.o [1]
LIS2MDL_Write_Reg       0x08012117   0x20  Code  Lc  LIS2MDL_MAG_driver_HL.o [1]
LPS22HB_Check_WhoAmI    0x08011ae9   0x2e  Code  Lc  LPS22HB_Driver_HL.o [1]
LPS22HB_Combo_Data      0x20001218    0x8  Data  Gb  LPS22HB_Driver_HL.o [1]
LPS22HB_Get_DataStatus  0x0800e26d   0x46  Code  Gb  LPS22HB_Driver.o [1]
LPS22HB_Get_DeviceID    0x0800dfa1   0x1e  Code  Gb  LPS22HB_Driver.o [1]
LPS22HB_Get_ODR         0x08011b83   0x66  Code  Lc  LPS22HB_Driver_HL.o [1]
LPS22HB_Get_Odr         0x0800e04f   0x28  Code  Gb  LPS22HB_Driver.o [1]
LPS22HB_Get_Press       0x08011b19   0x32  Code  Lc  LPS22HB_Driver_HL.o [1]
LPS22HB_Get_Pressure    0x0800e2f9   0x2a  Code  Gb  LPS22HB_Driver.o [1]
LPS22HB_Get_RawPressure
                        0x0800e2b3   0x46  Code  Gb  LPS22HB_Driver.o [1]
LPS22HB_Get_RawTemperature
                        0x0800e323   0x32  Code  Gb  LPS22HB_Driver.o [1]
LPS22HB_Get_Temp        0x08011b4b   0x38  Code  Lc  LPS22HB_Driver_HL.o [1]
LPS22HB_Get_Temperature
                        0x0800e355   0x2c  Code  Gb  LPS22HB_Driver.o [1]
LPS22HB_Get_WhoAmI      0x08011acf   0x1a  Code  Lc  LPS22HB_Driver_HL.o [1]
LPS22HB_Initialize      0x08011a31   0x9e  Code  Lc  LPS22HB_Driver_HL.o [1]
LPS22HB_P_0_Data        0x2000132c    0x4  Data  Lc  steval_fcu001_v1_pressure.o [1]
LPS22HB_P_0_handle      0x200012bc    0x4  Data  Lc  main.o [1]
LPS22HB_P_Check_WhoAmI  0x08011739    0xc  Code  Lc  LPS22HB_Driver_HL.o [1]
LPS22HB_P_DeInit        0x08011695   0x2a  Code  Lc  LPS22HB_Driver_HL.o [1]
LPS22HB_P_Drv           0x20000208   0x34  Data  Gb  LPS22HB_Driver_HL.o [1]
LPS22HB_P_Get_DRDY_Status
                        0x0801182d   0x20  Code  Lc  LPS22HB_Driver_HL.o [1]
LPS22HB_P_Get_ODR       0x08011755   0x10  Code  Lc  LPS22HB_Driver_HL.o [1]
LPS22HB_P_Get_Press     0x08011745   0x10  Code  Lc  LPS22HB_Driver_HL.o [1]
LPS22HB_P_Get_WhoAmI    0x08011729   0x10  Code  Lc  LPS22HB_Driver_HL.o [1]
LPS22HB_P_Init          0x08011669   0x2c  Code  Lc  LPS22HB_Driver_HL.o [1]
LPS22HB_P_Read_Reg      0x080117eb   0x20  Code  Lc  LPS22HB_Driver_HL.o [1]
LPS22HB_P_Sensor_Disable
                        0x080116f3   0x36  Code  Lc  LPS22HB_Driver_HL.o [1]
LPS22HB_P_Sensor_Enable
                        0x080116bf   0x34  Code  Lc  LPS22HB_Driver_HL.o [1]
LPS22HB_P_Set_ODR       0x08011765   0x3e  Code  Lc  LPS22HB_Driver_HL.o [1]
LPS22HB_P_Set_ODR_Value
                        0x080117a3   0x48  Code  Lc  LPS22HB_Driver_HL.o [1]
LPS22HB_P_Write_Reg     0x0801180b   0x22  Code  Lc  LPS22HB_Driver_HL.o [1]
LPS22HB_ReadReg         0x0800df21   0x40  Code  Gb  LPS22HB_Driver.o [1]
LPS22HB_Read_Reg        0x08011d99   0x22  Code  Lc  LPS22HB_Driver_HL.o [1]
LPS22HB_Set_AutomaticIncrementRegAddress
                        0x0800e1d7   0x4a  Code  Gb  LPS22HB_Driver.o [1]
LPS22HB_Set_Bdu         0x0800e109   0x48  Code  Gb  LPS22HB_Driver.o [1]
LPS22HB_Set_I2C         0x0800e221   0x4c  Code  Gb  LPS22HB_Driver.o [1]
LPS22HB_Set_LowPassFilter
                        0x0800e077   0x4a  Code  Gb  LPS22HB_Driver.o [1]
LPS22HB_Set_LowPassFilterCutoff
                        0x0800e0c1   0x48  Code  Gb  LPS22HB_Driver.o [1]
LPS22HB_Set_ODR_Value_When_Disabled
                        0x08011d11   0x5e  Code  Lc  LPS22HB_Driver_HL.o [1]
LPS22HB_Set_ODR_Value_When_Enabled
                        0x08011c8d   0x82  Code  Lc  LPS22HB_Driver_HL.o [1]
LPS22HB_Set_ODR_When_Disabled
                        0x08011c4d   0x3e  Code  Lc  LPS22HB_Driver_HL.o [1]
LPS22HB_Set_ODR_When_Enabled
                        0x08011be9   0x64  Code  Lc  LPS22HB_Driver_HL.o [1]
LPS22HB_Set_Odr         0x0800e007   0x48  Code  Gb  LPS22HB_Driver.o [1]
LPS22HB_Set_PowerMode   0x0800dfbf   0x48  Code  Gb  LPS22HB_Driver.o [1]
LPS22HB_Set_SpiInterface
                        0x0800e151   0x48  Code  Gb  LPS22HB_Driver.o [1]
LPS22HB_SwResetAndMemoryBoot
                        0x0800e199   0x3e  Code  Gb  LPS22HB_Driver.o [1]
LPS22HB_T_0_Data        0x20001330    0x4  Data  Lc  steval_fcu001_v1_temperature.o [1]
LPS22HB_T_0_handle      0x200012c0    0x4  Data  Lc  main.o [1]
LPS22HB_T_Check_WhoAmI  0x0801191d    0xc  Code  Lc  LPS22HB_Driver_HL.o [1]
LPS22HB_T_DeInit        0x08011879   0x2a  Code  Lc  LPS22HB_Driver_HL.o [1]
LPS22HB_T_Drv           0x2000023c   0x34  Data  Gb  LPS22HB_Driver_HL.o [1]
LPS22HB_T_Get_DRDY_Status
                        0x08011a11   0x20  Code  Lc  LPS22HB_Driver_HL.o [1]
LPS22HB_T_Get_ODR       0x08011939   0x10  Code  Lc  LPS22HB_Driver_HL.o [1]
LPS22HB_T_Get_Temp      0x08011929   0x10  Code  Lc  LPS22HB_Driver_HL.o [1]
LPS22HB_T_Get_WhoAmI    0x0801190d   0x10  Code  Lc  LPS22HB_Driver_HL.o [1]
LPS22HB_T_Init          0x0801184d   0x2c  Code  Lc  LPS22HB_Driver_HL.o [1]
LPS22HB_T_Read_Reg      0x080119cf   0x20  Code  Lc  LPS22HB_Driver_HL.o [1]
LPS22HB_T_Sensor_Disable
                        0x080118d7   0x36  Code  Lc  LPS22HB_Driver_HL.o [1]
LPS22HB_T_Sensor_Enable
                        0x080118a3   0x34  Code  Lc  LPS22HB_Driver_HL.o [1]
LPS22HB_T_Set_ODR       0x08011949   0x3e  Code  Lc  LPS22HB_Driver_HL.o [1]
LPS22HB_T_Set_ODR_Value
                        0x08011987   0x48  Code  Lc  LPS22HB_Driver_HL.o [1]
LPS22HB_T_Write_Reg     0x080119ef   0x22  Code  Lc  LPS22HB_Driver_HL.o [1]
LPS22HB_WriteReg        0x0800df61   0x40  Code  Gb  LPS22HB_Driver.o [1]
LPS22HB_Write_Reg       0x08011dbb   0x20  Code  Lc  LPS22HB_Driver_HL.o [1]
LSM303AGR_ACC_Get_Acceleration
                        0x08011279  0x174  Code  Gb  LSM303AGR_ACC_driver.o [1]
LSM303AGR_ACC_Get_Raw_Acceleration
                        0x08011221   0x58  Code  Gb  LSM303AGR_ACC_driver.o [1]
LSM303AGR_ACC_R_FullScale
                        0x080111fb   0x26  Code  Gb  LSM303AGR_ACC_driver.o [1]
LSM303AGR_ACC_R_HiRes   0x080115d3   0x26  Code  Gb  LSM303AGR_ACC_driver.o [1]
LSM303AGR_ACC_R_LOWPWR_EN
                        0x080115ad   0x26  Code  Gb  LSM303AGR_ACC_driver.o [1]
LSM303AGR_ACC_R_ODR     0x0801143d   0x26  Code  Gb  LSM303AGR_ACC_driver.o [1]
LSM303AGR_ACC_R_WHO_AM_I
                        0x08011145   0x26  Code  Gb  LSM303AGR_ACC_driver.o [1]
LSM303AGR_ACC_R_XDataAvail
                        0x080115f9   0x26  Code  Gb  LSM303AGR_ACC_driver.o [1]
LSM303AGR_ACC_R_XEN     0x080114ab   0x26  Code  Gb  LSM303AGR_ACC_driver.o [1]
LSM303AGR_ACC_R_YEN     0x08011519   0x26  Code  Gb  LSM303AGR_ACC_driver.o [1]
LSM303AGR_ACC_R_ZEN     0x08011587   0x26  Code  Gb  LSM303AGR_ACC_driver.o [1]
LSM303AGR_ACC_ReadReg   0x08011115   0x30  Code  Gb  LSM303AGR_ACC_driver.o [1]
LSM303AGR_ACC_Sensitivity_List
                        0x08012680   0x60  Data  Gb  LSM303AGR_ACC_driver.o [1]
LSM303AGR_ACC_W_BlockDataUpdate
                        0x0801116b   0x48  Code  Gb  LSM303AGR_ACC_driver.o [1]
LSM303AGR_ACC_W_FifoMode
                        0x0801161f   0x48  Code  Gb  LSM303AGR_ACC_driver.o [1]
LSM303AGR_ACC_W_FullScale
                        0x080111b3   0x48  Code  Gb  LSM303AGR_ACC_driver.o [1]
LSM303AGR_ACC_W_ODR     0x080113f5   0x48  Code  Gb  LSM303AGR_ACC_driver.o [1]
LSM303AGR_ACC_W_XEN     0x08011463   0x48  Code  Gb  LSM303AGR_ACC_driver.o [1]
LSM303AGR_ACC_W_YEN     0x080114d1   0x48  Code  Gb  LSM303AGR_ACC_driver.o [1]
LSM303AGR_ACC_W_ZEN     0x0801153f   0x48  Code  Gb  LSM303AGR_ACC_driver.o [1]
LSM303AGR_ACC_WriteReg  0x080110e5   0x30  Code  Gb  LSM303AGR_ACC_driver.o [1]
LSM303AGR_X_0_Data      0x20001324    0x4  Data  Lc  steval_fcu001_v1_accelero.o [1]
LSM303AGR_X_Check_WhoAmI
                        0x080108f5   0x2e  Code  Lc  LSM303AGR_ACC_driver_HL.o [1]
LSM303AGR_X_DeInit      0x08010845   0x30  Code  Lc  LSM303AGR_ACC_driver_HL.o [1]
LSM303AGR_X_Drv         0x200000d0   0x50  Data  Gb  LSM303AGR_ACC_driver_HL.o [1]
LSM303AGR_X_Get_Axes    0x08010923   0x26  Code  Lc  LSM303AGR_ACC_driver_HL.o [1]
LSM303AGR_X_Get_AxesRaw
                        0x08010949   0x2e  Code  Lc  LSM303AGR_ACC_driver_HL.o [1]
LSM303AGR_X_Get_Axes_Raw
                        0x08010d2b   0xa6  Code  Lc  LSM303AGR_ACC_driver_HL.o [1]
LSM303AGR_X_Get_Axes_Status
                        0x08010be7   0x6e  Code  Lc  LSM303AGR_ACC_driver_HL.o [1]
LSM303AGR_X_Get_DRDY_Status
                        0x08010cf5   0x36  Code  Lc  LSM303AGR_ACC_driver_HL.o [1]
LSM303AGR_X_Get_FS      0x08010aeb   0x5a  Code  Lc  LSM303AGR_ACC_driver_HL.o [1]
LSM303AGR_X_Get_ODR     0x080109f1   0x88  Code  Lc  LSM303AGR_ACC_driver_HL.o [1]
LSM303AGR_X_Get_Sensitivity
                        0x08010977   0x7a  Code  Lc  LSM303AGR_ACC_driver_HL.o [1]
LSM303AGR_X_Get_Sensitivity_HR_Mode
                        0x08011033   0x50  Code  Lc  LSM303AGR_ACC_driver_HL.o [1]
LSM303AGR_X_Get_Sensitivity_LP_Mode
                        0x08010fe3   0x50  Code  Lc  LSM303AGR_ACC_driver_HL.o [1]
LSM303AGR_X_Get_Sensitivity_Normal_Mode
                        0x08010f93   0x50  Code  Lc  LSM303AGR_ACC_driver_HL.o [1]
LSM303AGR_X_Get_WhoAmI  0x080108db   0x1a  Code  Lc  LSM303AGR_ACC_driver_HL.o [1]
LSM303AGR_X_Init        0x080107c5   0x80  Code  Lc  LSM303AGR_ACC_driver_HL.o [1]
LSM303AGR_X_Read_Reg    0x08010cb3   0x22  Code  Lc  LSM303AGR_ACC_driver_HL.o [1]
LSM303AGR_X_Sensor_Disable
                        0x080108a1   0x3a  Code  Lc  LSM303AGR_ACC_driver_HL.o [1]
LSM303AGR_X_Sensor_Enable
                        0x08010875   0x2c  Code  Lc  LSM303AGR_ACC_driver_HL.o [1]
LSM303AGR_X_Set_Axes_Status
                        0x08010c55   0x5e  Code  Lc  LSM303AGR_ACC_driver_HL.o [1]
LSM303AGR_X_Set_FS      0x08010b45   0x44  Code  Lc  LSM303AGR_ACC_driver_HL.o [1]
LSM303AGR_X_Set_FS_Value
                        0x08010b89   0x5e  Code  Lc  LSM303AGR_ACC_driver_HL.o [1]
LSM303AGR_X_Set_ODR     0x08010a79   0x34  Code  Lc  LSM303AGR_ACC_driver_HL.o [1]
LSM303AGR_X_Set_ODR_Value
                        0x08010aad   0x3e  Code  Lc  LSM303AGR_ACC_driver_HL.o [1]
LSM303AGR_X_Set_ODR_Value_When_Disabled
                        0x08010f09   0x8a  Code  Lc  LSM303AGR_ACC_driver_HL.o [1]
LSM303AGR_X_Set_ODR_Value_When_Enabled
                        0x08010e75   0x94  Code  Lc  LSM303AGR_ACC_driver_HL.o [1]
LSM303AGR_X_Set_ODR_When_Disabled
                        0x08010e23   0x46  Code  Lc  LSM303AGR_ACC_driver_HL.o [1]
LSM303AGR_X_Set_ODR_When_Enabled
                        0x08010dd1   0x52  Code  Lc  LSM303AGR_ACC_driver_HL.o [1]
LSM303AGR_X_Write_Reg   0x08010cd5   0x20  Code  Lc  LSM303AGR_ACC_driver_HL.o [1]
LSM6DSL_ACC_GYRO_GetRawAccData
                        0x08002145   0x58  Code  Gb  LSM6DSL_ACC_GYRO_driver.o [1]
LSM6DSL_ACC_GYRO_GetRawGyroData
                        0x08002279   0x58  Code  Gb  LSM6DSL_ACC_GYRO_driver.o [1]
LSM6DSL_ACC_GYRO_Get_GetFIFOData
                        0x080033b3   0x58  Code  Gb  LSM6DSL_ACC_GYRO_driver.o [1]
LSM6DSL_ACC_GYRO_Get_GetStepCounter
                        0x0800340b   0x58  Code  Gb  LSM6DSL_ACC_GYRO_driver.o [1]
LSM6DSL_ACC_GYRO_R_D6D_EV_STATUS
                        0x08002ac7   0x26  Code  Gb  LSM6DSL_ACC_GYRO_driver.o [1]
LSM6DSL_ACC_GYRO_R_DOUBLE_TAP_EV_STATUS
                        0x08002997   0x26  Code  Gb  LSM6DSL_ACC_GYRO_driver.o [1]
LSM6DSL_ACC_GYRO_R_DSD_XH
                        0x08002a09   0x26  Code  Gb  LSM6DSL_ACC_GYRO_driver.o [1]
LSM6DSL_ACC_GYRO_R_DSD_XL
                        0x080029e3   0x26  Code  Gb  LSM6DSL_ACC_GYRO_driver.o [1]
LSM6DSL_ACC_GYRO_R_DSD_YH
                        0x08002a55   0x26  Code  Gb  LSM6DSL_ACC_GYRO_driver.o [1]
LSM6DSL_ACC_GYRO_R_DSD_YL
                        0x08002a2f   0x26  Code  Gb  LSM6DSL_ACC_GYRO_driver.o [1]
LSM6DSL_ACC_GYRO_R_DSD_ZH
                        0x08002aa1   0x26  Code  Gb  LSM6DSL_ACC_GYRO_driver.o [1]
LSM6DSL_ACC_GYRO_R_DSD_ZL
                        0x08002a7b   0x26  Code  Gb  LSM6DSL_ACC_GYRO_driver.o [1]
LSM6DSL_ACC_GYRO_R_FF_EV_STATUS
                        0x08002971   0x26  Code  Gb  LSM6DSL_ACC_GYRO_driver.o [1]
LSM6DSL_ACC_GYRO_R_FIFOEmpty
                        0x08002b9f   0x26  Code  Gb  LSM6DSL_ACC_GYRO_driver.o [1]
LSM6DSL_ACC_GYRO_R_FIFOFull
                        0x08002bc5   0x26  Code  Gb  LSM6DSL_ACC_GYRO_driver.o [1]
LSM6DSL_ACC_GYRO_R_FIFONumOfEntries
                        0x08002b39   0x66  Code  Gb  LSM6DSL_ACC_GYRO_driver.o [1]
LSM6DSL_ACC_GYRO_R_FIFOPattern
                        0x08002c11   0x66  Code  Gb  LSM6DSL_ACC_GYRO_driver.o [1]
LSM6DSL_ACC_GYRO_R_FS_125
                        0x08002387   0x26  Code  Gb  LSM6DSL_ACC_GYRO_driver.o [1]
LSM6DSL_ACC_GYRO_R_FS_G
                        0x08002253   0x26  Code  Gb  LSM6DSL_ACC_GYRO_driver.o [1]
LSM6DSL_ACC_GYRO_R_FS_XL
                        0x0800211f   0x26  Code  Gb  LSM6DSL_ACC_GYRO_driver.o [1]
LSM6DSL_ACC_GYRO_R_GDA  0x08002b13   0x26  Code  Gb  LSM6DSL_ACC_GYRO_driver.o [1]
LSM6DSL_ACC_GYRO_R_ODR_G
                        0x08002319   0x26  Code  Gb  LSM6DSL_ACC_GYRO_driver.o [1]
LSM6DSL_ACC_GYRO_R_ODR_XL
                        0x080021e5   0x26  Code  Gb  LSM6DSL_ACC_GYRO_driver.o [1]
[...]
USBD_GetStatus          0x08010659   0x3c  Code  Lc  usbd_ctlreq.o [1]
USBD_LL_ClearStallEP    0x0800fdad   0x16  Code  Gb  usbd_conf.o [1]
USBD_LL_DataInStage     0x0800ff8b   0xe2  Code  Gb  usbd_core.o [1]
USBD_LL_DataOutStage    0x0800fefd   0x8e  Code  Gb  usbd_core.o [1]
USBD_LL_DevConnected    0x0801010d    0x6  Code  Gb  usbd_core.o [1]
USBD_LL_DevDisconnected
                        0x08010113   0x1c  Code  Gb  usbd_core.o [1]
USBD_LL_IsStallEP       0x0800fdc3   0x30  Code  Gb  usbd_conf.o [1]
USBD_LL_IsoINIncomplete
                        0x08010101    0x6  Code  Gb  usbd_core.o [1]
USBD_LL_IsoOUTIncomplete
                        0x08010107    0x6  Code  Gb  usbd_core.o [1]
USBD_LL_OpenEP          0x0800fd75   0x22  Code  Gb  usbd_conf.o [1]
USBD_LL_PrepareReceive  0x0800fe29   0x20  Code  Gb  usbd_conf.o [1]
USBD_LL_Reset           0x0801006d   0x46  Code  Gb  usbd_core.o [1]
USBD_LL_Resume          0x080100cf    0xe  Code  Gb  usbd_core.o [1]
USBD_LL_SOF             0x080100dd   0x24  Code  Gb  usbd_core.o [1]
USBD_LL_SetSpeed        0x080100b3    0x8  Code  Gb  usbd_core.o [1]
USBD_LL_SetUSBAddress   0x0800fdf3   0x16  Code  Gb  usbd_conf.o [1]
USBD_LL_SetupStage      0x0800fe93   0x6a  Code  Gb  usbd_core.o [1]
USBD_LL_StallEP         0x0800fd97   0x16  Code  Gb  usbd_conf.o [1]
USBD_LL_Suspend         0x080100bb   0x14  Code  Gb  usbd_core.o [1]
USBD_LL_Transmit        0x0800fe09   0x20  Code  Gb  usbd_conf.o [1]
USBD_ParseSetupRequest  0x080106f5   0x28  Code  Gb  usbd_ctlreq.o [1]
USBD_RunTestMode        0x0800fe49    0x6  Code  Gb  usbd_core.o [1]
USBD_SetAddress         0x080104cd   0x60  Code  Lc  usbd_ctlreq.o [1]
USBD_SetClassConfig     0x0800fe4f   0x2c  Code  Gb  usbd_core.o [1]
USBD_SetConfig          0x0801052d   0xda  Code  Lc  usbd_ctlreq.o [1]
USBD_SetFeature         0x08010695   0x26  Code  Lc  usbd_ctlreq.o [1]
USBD_StdDevReq          0x08010131   0x7c  Code  Gb  usbd_ctlreq.o [1]
USBD_StdEPReq           0x080101f9  0x170  Code  Gb  usbd_ctlreq.o [1]
USBD_StdItfReq          0x080101ad   0x4c  Code  Gb  usbd_ctlreq.o [1]
USB_ActivateEndpoint    0x0800f36f   0xc0  Code  Gb  stm32f4xx_ll_usb.o [1]
USB_ActivateSetup       0x0800fbb1   0x44  Code  Gb  stm32f4xx_ll_usb.o [1]
USB_EP0StartXfer        0x0800f76f  0x1ea  Code  Gb  stm32f4xx_ll_usb.o [1]
USB_EP0_OutStart        0x0800fbf5   0x58  Code  Gb  stm32f4xx_ll_usb.o [1]
USB_EPClearStall        0x0800fa5f   0x96  Code  Gb  stm32f4xx_ll_usb.o [1]
USB_EPSetStall          0x0800f9c1   0x9e  Code  Gb  stm32f4xx_ll_usb.o [1]
USB_EPStartXfer         0x0800f42f  0x340  Code  Gb  stm32f4xx_ll_usb.o [1]
USB_FlushTxFifo         0x0800f2fd   0x24  Code  Gb  stm32f4xx_ll_usb.o [1]
USB_GetDevSpeed         0x0800f321   0x4e  Code  Gb  stm32f4xx_ll_usb.o [1]
USB_GetMode             0x0800fba9    0x8  Code  Gb  stm32f4xx_ll_usb.o [1]
USB_ReadDevAllInEpInterrupt
                        0x0800fb45   0x16  Code  Gb  stm32f4xx_ll_usb.o [1]
USB_ReadDevAllOutEpInterrupt
                        0x0800fb2f   0x16  Code  Gb  stm32f4xx_ll_usb.o [1]
USB_ReadDevInEPInterrupt
                        0x0800fb75   0x34  Code  Gb  stm32f4xx_ll_usb.o [1]
USB_ReadDevOutEPInterrupt
                        0x0800fb5b   0x1a  Code  Gb  stm32f4xx_ll_usb.o [1]
USB_ReadInterrupts      0x0800fb21    0xe  Code  Gb  stm32f4xx_ll_usb.o [1]
USB_ReadPacket          0x0800f999   0x28  Code  Gb  stm32f4xx_ll_usb.o [1]
USB_SetDevAddress       0x0800faf5   0x2c  Code  Gb  stm32f4xx_ll_usb.o [1]
USB_WritePacket         0x0800f959   0x40  Code  Gb  stm32f4xx_ll_usb.o [1]
User_Timer_Callback     0x08007269    0xa  Code  Gb  timer.o [1]
VBAT                    0x20001300    0x4  Data  Gb  main.o [1]
VBAT_Sense              0x200012fc    0x4  Data  Gb  main.o [1]
_GenldFullNoMb          0x0800854b  0x264  Code  Lc  xprintffull_nomb.o [3]
_LdtobFullNoMb          0x08008149  0x3fc  Code  Lc  xprintffull_nomb.o [3]
_LitobFullNoMb          0x08008043  0x106  Code  Lc  xprintffull_nomb.o [3]
_PrintfFullNoMb         0x08007a49  0x586  Code  Gb  xprintffull_nomb.o [3]
_PutcharsFullNoMb       0x080087af   0x2e  Code  Lc  xprintffull_nomb.o [3]
_SNProut                0x08002003   0x1a  Code  Gb  xsnprout.o [3]
_SProut                 0x080034af    0xa  Code  Gb  xsprout.o [3]
__aeabi_cdcmple         0x080090f5         Code  Gb  DblCmpLe.o [4]
__aeabi_cdrcmple        0x08009125         Code  Gb  DblCmpGe.o [4]
__aeabi_d2f             0x0800d2bd         Code  Gb  DblToFlt.o [4]
__aeabi_d2iz            0x0800926d         Code  Gb  DblToI32.o [4]
__aeabi_d2uiz           0x08009299         Code  Gb  DblToI32.o [4]
__aeabi_dadd            0x08009881         Code  Gb  DblAdd.o [4]
__aeabi_ddiv            0x08009619         Code  Gb  DblDiv.o [4]
__aeabi_dmul            0x08009475         Code  Gb  DblMul.o [4]
__aeabi_dsub            0x080092f5         Code  Gb  DblSub.o [4]
__aeabi_errno_addr      0x0800e979    0x6  Code  Gb  errno.o [3]
__aeabi_f2d             0x0800d26d         Code  Gb  FltToDbl.o [4]
__aeabi_i2d             0x080092c5         Code  Gb  I32ToDbl.o [4]
__aeabi_ldiv0           0x0800987d         Code  Gb  I64DivZer.o [5]
__aeabi_ldivmod         0x08008f81         Code  Gb  I64DivMod.o [5]
__aeabi_memset          0x080071ad         Code  Gb  ABImemset.o [5]
__aeabi_ui2d            0x080092d9         Code  Gb  I32ToDbl.o [4]
__aeabi_uldivmod        0x08008fc5         Code  Gb  I64DivMod.o [5]
__cmain                 0x08012d45         Code  Gb  cmain.o [5]
__exit                  0x08012595   0x14  Code  Gb  exit.o [6]
__iar_Atan              0x0800e699  0x158  Code  Gb  xatan.o [4]
__iar_Dnorm             0x080090b3   0x42  Code  Gb  xdnorm.o [4]
__iar_Dscale            0x08009155  0x118  Code  Gb  xdscale.o [4]
__iar_Dtest             0x0800e5e9   0x30  Code  Gb  xdtest.o [4]
__iar_Errno             0x20000298    0x4  Data  Gb  errno.o [3]
__iar_Memchr            0x08008f29         Code  Gb  memchr.o [5]
__iar_Memset            0x080071ad         Code  Gb  ABImemset.o [5]
__iar_Memset_word       0x080071b5         Code  Gb  ABImemset.o [5]
__iar_Strchr            0x08008ed9         Code  Gb  strchr.o [5]
__iar_d2uiz             0x080092a5         Code  Gb  DblToI32.o [4]
__iar_dadd              0x08009895         Code  Gb  DblAdd.o [4]
__iar_data_init3        0x08012ac9   0x28  Code  Gb  data_init.o [5]
__iar_dlib_perthread_access
                        0x0800e991    0x2  Code  Gb  xtls.o [3]
__iar_dsub              0x08009309         Code  Gb  DblSub.o [4]
__iar_dsubStart         0x0800931b         Code  Gb  DblSub.o [4]
__iar_edom              0x0800e985         Code  Gb  iarEdom.o [5]
__iar_init_vfp          0x08012ba5         Code  Gb  fpinit_M.o [4]
__iar_lz77_init3        0x0801242d  0x160  Code  Gb  lz77_init.o [5]
__iar_program_start     0x08012e49         Code  Gb  cstartup_M.o [5]
__iar_sqrt              0x0800e889         Code  Gb  sqrt.o [4]
__iar_ui2d              0x080092dd         Code  Gb  I32ToDbl.o [4]
__iar_unaligned___aeabi_memcpy
                        0x08006cad         Code  Gb  ABImemcpy_unaligned.o [5]
__iar_unaligned___aeabi_memcpy4
                        0x08006ccd         Code  Gb  ABImemcpy_unaligned.o [5]
__iar_unaligned___aeabi_memcpy8
                        0x08006ccd         Code  Gb  ABImemcpy_unaligned.o [5]
__iar_vfp_asin          0x0800e5d9   0x10  Code  Gb  asin.o [4]
__iar_vfp_atan2         0x0800e4a1   0x14  Code  Gb  atan2.o [4]
__iar_zero_init3        0x08012741   0x40  Code  Gb  zero_init3.o [5]
__low_level_init        0x08012d5f    0x4  Code  Gb  low_level_init.o [3]
__vector_table          0x08000000         Data  Gb  startup_stm32f401xc.o [1]
_call_main              0x08012d51         Code  Gb  cmain.o [5]
_exit                   0x08012d69         Code  Gb  cexit.o [5]
_main                   0x08012d5b         Code  Gb  cmain.o [5]
a                       0x0800e848   0x40  Data  Lc  xatan.o [4]
abort                   0x0801258d    0x6  Code  Gb  abort.o [3]
acc                     0x20001148    0xc  Data  Gb  main.o [1]
acc_FIFO                0x20000de0   0x3c  Data  Gb  main.o [1]
acc_ahrs                0x20001190    0xc  Data  Gb  main.o [1]
acc_ahrs_FIFO           0x20000da4   0x3c  Data  Gb  main.o [1]
acc_fil                 0x20001184    0xc  Data  Gb  main.o [1]
acc_fil_int             0x2000116c    0xc  Data  Gb  main.o [1]
acc_off_calc            0x200011c0    0xc  Data  Gb  main.o [1]
acc_offset              0x200011d8    0xc  Data  Gb  main.o [1]
acc_x_pre               0x20000f24   0x30  Data  Gb  main.o [1]
acc_y_pre               0x20000ef4   0x30  Data  Gb  main.o [1]
aci_gap_init_IDB05A1    0x08006da5   0x8e  Code  Gb  bluenrg_gap_aci.o [1]
aci_gap_set_auth_requirement
                        0x08006f9d   0x8e  Code  Gb  bluenrg_gap_aci.o [1]
aci_gap_set_discoverable
                        0x08006e33  0x16a  Code  Gb  bluenrg_gap_aci.o [1]
aci_gap_update_adv_data
                        0x0800702b   0x6c  Code  Gb  bluenrg_gap_aci.o [1]
aci_gatt_add_char       0x08006a73  0x138  Code  Gb  bluenrg_gatt_aci.o [1]
aci_gatt_add_serv       0x080069a5   0xce  Code  Gb  bluenrg_gatt_aci.o [1]
aci_gatt_allow_read     0x08006c61   0x4a  Code  Gb  bluenrg_gatt_aci.o [1]
aci_gatt_init           0x08006969   0x3c  Code  Gb  bluenrg_gatt_aci.o [1]
aci_gatt_update_char_value
                        0x08006bab   0xb6  Code  Gb  bluenrg_gatt_aci.o [1]
aci_hal_set_tx_power_level
                        0x0800ded3   0x4e  Code  Gb  bluenrg_hal_aci.o [1]
aci_hal_write_config_data
                        0x0800de5b   0x78  Code  Gb  bluenrg_hal_aci.o [1]
aci_l2cap_connection_parameter_update_request
                        0x08007097   0x6a  Code  Gb  bluenrg_l2cap_aci.o [1]
ahrs                    0x20001030   0x1c  Data  Gb  main.o [1]
ahrs_fusion_ag          0x0800d34d  0x3b0  Code  Gb  ahrs.o [1]
ahrs_kp                 0x20001278    0x4  Data  Gb  ahrs.o [1]
appearance_char_handle  0x20001342    0x2  Data  Gb  main.o [1]
asin                    0x0800e4b5  0x10e  Code  Gb  asin.o [4]
atan2                   0x0800e3c1   0xd0  Code  Gb  atan2.o [4]
bdaddr                  0x20001228    0x8  Data  Gb  main.o [1]
breath                  0x20001320    0x4  Data  Lc  sensor_service.o [1]
ch                      0x20001364    0x1  Data  Gb  main.o [1]
ch_flag                 0x20001365    0x1  Data  Gb  main.o [1]
cnt                     0x20001318    0x4  Data  Gb  rc.o [1]
connected               0x2000131c    0x4  Data  Gb  sensor_service.o [1]
connection_handle       0x20001362    0x2  Data  Lc  sensor_service.o [1]
count1                  0x200012e8    0x4  Data  Gb  main.o [1]
count2                  0x200012ec    0x4  Data  Gb  main.o [1]
dev_name_char_handle    0x20001340    0x2  Data  Gb  main.o [1]
div                     0x0800986f    0xe  Code  Gb  div.o [3]
dt_recip                0x200012a8    0x4  Data  Gb  flight_control.o [1]
enableAllSensors        0x0800afb9   0x56  Code  Gb  main.o [1]
euler_ahrs              0x20001130    0xc  Data  Gb  main.o [1]
euler_ahrs_offset       0x200011f0    0xc  Data  Gb  main.o [1]
euler_rc                0x20001124    0xc  Data  Gb  main.o [1]
euler_rc_fil            0x2000113c    0xc  Data  Gb  main.o [1]
euler_rc_x_pre          0x20000ec4   0x30  Data  Gb  main.o [1]
euler_rc_y_pre          0x20000e94   0x30  Data  Gb  main.o [1]
exInt                   0x2000126c    0x4  Data  Gb  ahrs.o [1]
exit                    0x08012d63    0x4  Code  Gb  exit.o [3]
eyInt                   0x20001270    0x4  Data  Gb  ahrs.o [1]
ezInt                   0x20001274    0x4  Data  Gb  ahrs.o [1]
fly_ready               0x200012d0    0x4  Data  Gb  main.o [1]
free_event_list         0x08004be3   0x2c  Code  Lc  hci.o [1]
gAIL                    0x20001344    0x2  Data  Gb  rc.o [1]
gELE                    0x20001346    0x2  Data  Gb  rc.o [1]
gJoystick_status        0x2000133c    0x2  Data  Gb  main.o [1]
gRUD                    0x2000134a    0x2  Data  Gb  rc.o [1]
gTHR                    0x20001348    0x2  Data  Gb  rc.o [1]
getBlueNRGVersion       0x0800712d   0x7e  Code  Gb  bluenrg_utils.o [1]
gyro                    0x20001154    0xc  Data  Gb  main.o [1]
gyro_FIFO               0x20000e58   0x3c  Data  Gb  main.o [1]
gyro_ahrs               0x200011a8    0xc  Data  Gb  main.o [1]
gyro_ahrs_FIFO          0x20000e1c   0x3c  Data  Gb  main.o [1]
gyro_fil                0x2000119c    0xc  Data  Gb  main.o [1]
gyro_fil_coeff          0x20000270   0x14  Data  Gb  main.o [1]
gyro_fil_int            0x20001178    0xc  Data  Gb  main.o [1]
gyro_off_calc           0x200011cc    0xc  Data  Gb  main.o [1]
gyro_offset             0x200011e4    0xc  Data  Gb  main.o [1]
gyro_rad                0x200011fc    0xc  Data  Gb  main.o [1]
gyro_x_pre              0x20000f84   0x30  Data  Gb  main.o [1]
gyro_y_pre              0x20000f54   0x30  Data  Gb  main.o [1]
hadc1                   0x20000c68   0x48  Data  Gb  main.o [1]
hciReadPacketBuffer     0x20000690  0x2bc  Data  Lc  hci.o [1]
hciReadPktPool          0x20001208    0x8  Data  Gb  hci.o [1]
hciReadPktRxQueue       0x20001210    0x8  Data  Gb  hci.o [1]
hci_le_read_local_version
                        0x08004dd5   0x88  Code  Gb  hci.o [1]
hci_le_set_scan_resp_data
                        0x08004e5d   0x6c  Code  Gb  hci.o [1]
hci_read_rssi           0x08004ec9   0x6e  Code  Gb  hci.o [1]
hci_send_cmd            0x08004b81   0x3e  Code  Gb  hci.o [1]
hci_send_req            0x08004c0f  0x1b4  Code  Gb  hci.o [1]
hci_write               0x08004b65   0x1c  Code  Gb  hci.o [1]
hpcd_USB_OTG_FS         0x200002a0  0x3f0  Data  Gb  usbd_conf.o [1]
hspi1                   0x20000abc   0x58  Data  Gb  main.o [1]
hspi2                   0x20000b14   0x58  Data  Gb  main.o [1]
htim2                   0x20000cf0   0x3c  Data  Gb  main.o [1]
htim4                   0x20000d2c   0x3c  Data  Gb  main.o [1]
htim9                   0x20000d68   0x3c  Data  Gb  main.o [1]
huart1                  0x20000cb0   0x40  Data  Gb  main.o [1]
init_queue              0x080068db   0x32  Code  Gb  rc.o [1]
init_rc_variables       0x080066b5   0x32  Code  Gb  rc.o [1]
init_remote_control     0x08006679   0x3c  Code  Gb  rc.o [1]
initializeAllSensors    0x0800af65   0x4e  Code  Lc  main.o [1]
invSqrt                 0x0800e381   0x3c  Code  Gb  basic_math.o [1]
isTimerEventExist       0x08007265    0x4  Code  Gb  timer.o [1]
joydata                 0x20001220    0x8  Data  Gb  main.o [1]
list_get_size           0x080051bb   0x24  Code  Gb  ble_list.o [1]
list_init_head          0x080050f1    0x6  Code  Gb  ble_list.o [1]
list_insert_head        0x08005119   0x1a  Code  Gb  ble_list.o [1]
list_insert_tail        0x08005133   0x1a  Code  Gb  ble_list.o [1]
list_is_empty           0x080050f7   0x22  Code  Gb  ble_list.o [1]
list_remove_head        0x08005167   0x2a  Code  Gb  ble_list.o [1]
list_remove_node        0x0800514d   0x1a  Code  Gb  ble_list.o [1]
list_remove_tail        0x08005191   0x2a  Code  Gb  ble_list.o [1]
mag                     0x20001160    0xc  Data  Gb  main.o [1]
mag_fil                 0x200011b4    0xc  Data  Gb  main.o [1]
main                    0x08009969  0x896  Code  Gb  main.o [1]
max_pitch_rad           0x08012ea8    0x4  Data  Gb  rc.o [1]
max_roll_rad            0x08012eac    0x4  Data  Gb  rc.o [1]
max_yaw_rad             0x08012eb0    0x4  Data  Gb  rc.o [1]
memchr                  0x08008f29         Code  Gb  memchr.o [5]
motor_pwm               0x200010c4   0x10  Data  Gb  main.o [1]
motor_thr               0x20001338    0x2  Data  Gb  flight_control.o [1]
move_list               0x08004bbf   0x24  Code  Lc  hci.o [1]
myprintf                0x08006d25   0x2c  Code  Gb  debug.o [1]
pid                     0x20000a4c   0x70  Data  Gb  main.o [1]
pid_x_integ1            0x2000127c    0x4  Data  Gb  flight_control.o [1]
pid_x_integ2            0x20001288    0x4  Data  Gb  flight_control.o [1]
pid_x_pre_deriv         0x200012a0    0x4  Data  Gb  flight_control.o [1]
pid_x_pre_error2        0x20001294    0x4  Data  Gb  flight_control.o [1]
pid_y_integ1            0x20001280    0x4  Data  Gb  flight_control.o [1]
pid_y_integ2            0x2000128c    0x4  Data  Gb  flight_control.o [1]
pid_y_pre_deriv         0x200012a4    0x4  Data  Gb  flight_control.o [1]
pid_y_pre_error2        0x20001298    0x4  Data  Gb  flight_control.o [1]
pid_z_integ1            0x20001284    0x4  Data  Gb  flight_control.o [1]
pid_z_integ2            0x20001290    0x4  Data  Gb  flight_control.o [1]
pid_z_pre_error2        0x2000129c    0x4  Data  Gb  flight_control.o [1]
press                   0x200012f0    0x4  Data  Gb  main.o [1]
press_zero_level        0x200012f4    0x4  Data  Gb  main.o [1]
q0                      0x2000028c    0x4  Data  Gb  ahrs.o [1]
q1                      0x20001260    0x4  Data  Gb  ahrs.o [1]
q2                      0x20001264    0x4  Data  Gb  ahrs.o [1]
q3                      0x20001268    0x4  Data  Gb  ahrs.o [1]
que                     0x20000c1c   0x4c  Data  Gb  rc.o [1]
rc_cal_cnt              0x200012cc    0x4  Data  Gb  main.o [1]
rc_cal_flag             0x200012c4    0x4  Data  Gb  main.o [1]
rc_connection_flag      0x20001367    0x1  Data  Gb  rc.o [1]
rc_enable_motor         0x200012c8    0x4  Data  Gb  main.o [1]
rc_flag                 0x20001314    0x4  Data  Gb  rc.o [1]
rc_t                    0x200010f4   0x10  Data  Gb  rc.o [1]
rc_t_fall               0x200010e4   0x10  Data  Gb  rc.o [1]
rc_t_rise               0x200010d4   0x10  Data  Gb  rc.o [1]
rc_timeout              0x20001310    0x4  Data  Gb  rc.o [1]
rc_z_control_flag       0x20000290    0x4  Data  Gb  rc.o [1]
safe_aci_gatt_update_char_value
                        0x080051e1   0x62  Code  Gb  sensor_service.o [1]
sensor_init_cali        0x200012e0    0x4  Data  Gb  main.o [1]
sensor_init_cali_count  0x200012e4    0x4  Data  Gb  main.o [1]
service_handle          0x2000133e    0x2  Data  Gb  main.o [1]
setConnectable          0x08005d27   0xd2  Code  Gb  sensor_service.o [1]
set_connectable         0x2000029c    0x1  Data  Gb  sensor_service.o [1]
set_irq_as_input        0x080045f1   0x30  Code  Gb  SPBTLE_RF.o [1]
set_irq_as_output       0x080045c7   0x2a  Code  Gb  SPBTLE_RF.o [1]
set_motor_pwm           0x0800cd79  0x11a  Code  Gb  motor.o [1]
set_motor_pwm_zero      0x0800ce9d   0x12  Code  Gb  motor.o [1]
sprintf                 0x08006d71   0x34  Code  Gb  sprintf.o [3]
sqrt                    0x0800e889         Code  Gb  sqrt.o [4]
sqrtl                   0x0800e889         Code  Gb  sqrt.o [4]
strchr                  0x08008ed9         Code  Gb  strchr.o [5]
strlen                  0x08008ef1         Code  Gb  strlen.o [5]
strncmp                 0x08007101   0x2a  Code  Gb  strncmp.o [3]
t1                      0x2000130c    0x4  Data  Gb  rc.o [1]
temperature             0x200012f8    0x4  Data  Gb  main.o [1]
testStatus              0x20001366    0x1  Data  Gb  main.o [1]
tim                     0x200010b0   0x14  Data  Gb  timer.o [1]
tim9_cnt                0x200012d8    0x4  Data  Gb  main.o [1]
tim9_cnt2               0x200012dc    0x4  Data  Gb  main.o [1]
tim9_event_flag         0x200012d4    0x4  Data  Gb  main.o [1]
update_rc_data          0x08006721   0x86  Code  Gb  rc.o [1]
us150Delay              0x08004621   0x1c  Code  Lc  SPBTLE_RF.o [1]
usart_puts              0x08006d51   0x1a  Code  Gb  debug.o [1]
uwTick                  0x20001334    0x4  Data  Gb  stm32f4xx_hal.o [1]
vsnprintf               0x08007279   0x3c  Code  Gb  vsnprint.o [3]


[1] = C:\Users\matteo maravita\Desktop\Drone\FW - Repository\STEVAL-FCU001V1\branches\BLE remocon\EWARM\ToyDrone_Configuration\Obj
[2] = command line
[3] = dl7M_tln.a
[4] = m7M_tls.a
[5] = rt7M_tl.a
[6] = shb_l.a

  75 722 bytes of readonly  code memory
   2 559 bytes of readonly  data memory
  21 355 bytes of readwrite data memory

Errors: none
Warnings: none
