stm32f4xx_hal_adc.c:258:19:HAL_ADC_Init	24	static
stm32f4xx_hal_adc.c:336:19:HAL_ADC_DeInit	24	static
stm32f4xx_hal_adc.c:383:13:HAL_ADC_MspInit	16	static
stm32f4xx_hal_adc.c:398:13:HAL_ADC_MspDeInit	16	static
stm32f4xx_hal_adc.c:437:19:HAL_ADC_Start	24	static
stm32f4xx_hal_adc.c:538:19:HAL_ADC_Stop	16	static
stm32f4xx_hal_adc.c:581:19:HAL_ADC_PollForConversion	24	static
stm32f4xx_hal_adc.c:666:19:HAL_ADC_PollForEvent	32	static
stm32f4xx_hal_adc.c:728:19:HAL_ADC_Start_IT	24	static
stm32f4xx_hal_adc.c:831:19:HAL_ADC_Stop_IT	16	static
stm32f4xx_hal_adc.c:868:6:HAL_ADC_IRQHandler	24	static
stm32f4xx_hal_adc.c:1013:19:HAL_ADC_Start_DMA	32	static
stm32f4xx_hal_adc.c:1132:19:HAL_ADC_Stop_DMA	24	static
stm32f4xx_hal_adc.c:1178:10:HAL_ADC_GetValue	16	static
stm32f4xx_hal_adc.c:1190:13:HAL_ADC_ConvCpltCallback	16	static
stm32f4xx_hal_adc.c:1205:13:HAL_ADC_ConvHalfCpltCallback	16	static
stm32f4xx_hal_adc.c:1220:13:HAL_ADC_LevelOutOfWindowCallback	16	static
stm32f4xx_hal_adc.c:1241:13:HAL_ADC_ErrorCallback	16	static
stm32f4xx_hal_adc.c:1279:19:HAL_ADC_ConfigChannel	24	static
stm32f4xx_hal_adc.c:1385:19:HAL_ADC_AnalogWDGConfig	16	static
stm32f4xx_hal_adc.c:1467:10:HAL_ADC_GetState	16	static
stm32f4xx_hal_adc.c:1479:10:HAL_ADC_GetError	16	static
stm32f4xx_hal_adc.c:1499:13:ADC_Init	24	static
stm32f4xx_hal_adc.c:1580:13:ADC_DMAConvCplt	24	static
stm32f4xx_hal_adc.c:1633:13:ADC_DMAHalfConvCplt	24	static
stm32f4xx_hal_adc.c:1646:13:ADC_DMAError	24	static
