LSM303AGR_ACC_driver_HL.c:149:25:LSM303AGR_X_Init	32	static
LSM303AGR_ACC_driver_HL.c:206:25:LSM303AGR_X_DeInit	24	static
LSM303AGR_ACC_driver_HL.c:239:25:LSM303AGR_X_Sensor_Enable	24	static
LSM303AGR_ACC_driver_HL.c:269:25:LSM303AGR_X_Sensor_Disable	24	static
LSM303AGR_ACC_driver_HL.c:305:25:LSM303AGR_X_Get_WhoAmI	16	static
LSM303AGR_ACC_driver_HL.c:323:25:LSM303AGR_X_Check_WhoAmI	24	static
LSM303AGR_ACC_driver_HL.c:348:25:LSM303AGR_X_Get_Axes	32	static
LSM303AGR_ACC_driver_HL.c:374:25:LSM303AGR_X_Get_AxesRaw	24	static
LSM303AGR_ACC_driver_HL.c:402:25:LSM303AGR_X_Get_Sensitivity	24	static
LSM303AGR_ACC_driver_HL.c:451:25:LSM303AGR_X_Get_ODR	24	static
LSM303AGR_ACC_driver_HL.c:504:25:LSM303AGR_X_Set_ODR	16	static
LSM303AGR_ACC_driver_HL.c:534:25:LSM303AGR_X_Set_ODR_Value	16	static
LSM303AGR_ACC_driver_HL.c:564:25:LSM303AGR_X_Get_FS	24	static
LSM303AGR_ACC_driver_HL.c:605:25:LSM303AGR_X_Set_FS	24	static
LSM303AGR_ACC_driver_HL.c:642:25:LSM303AGR_X_Set_FS_Value	24	static
LSM303AGR_ACC_driver_HL.c:669:25:LSM303AGR_X_Get_Axes_Status	24	static
LSM303AGR_ACC_driver_HL.c:705:25:LSM303AGR_X_Set_Axes_Status	16	static
LSM303AGR_ACC_driver_HL.c:738:25:LSM303AGR_X_Read_Reg	24	static
LSM303AGR_ACC_driver_HL.c:759:25:LSM303AGR_X_Write_Reg	16	static
LSM303AGR_ACC_driver_HL.c:779:25:LSM303AGR_X_Get_DRDY_Status	24	static
LSM303AGR_ACC_driver_HL.c:820:25:LSM303AGR_X_Get_Axes_Raw	32	static
LSM303AGR_ACC_driver_HL.c:880:25:LSM303AGR_X_Set_ODR_When_Enabled	24	static
LSM303AGR_ACC_driver_HL.c:920:25:LSM303AGR_X_Set_ODR_When_Disabled	24	static
LSM303AGR_ACC_driver_HL.c:956:25:LSM303AGR_X_Set_ODR_Value_When_Enabled	24	static
LSM303AGR_ACC_driver_HL.c:984:25:LSM303AGR_X_Set_ODR_Value_When_Disabled	24	static
LSM303AGR_ACC_driver_HL.c:1008:25:LSM303AGR_X_Get_Sensitivity_Normal_Mode	24	static
LSM303AGR_ACC_driver_HL.c:1049:25:LSM303AGR_X_Get_Sensitivity_LP_Mode	24	static
LSM303AGR_ACC_driver_HL.c:1089:25:LSM303AGR_X_Get_Sensitivity_HR_Mode	24	static
