LIS2MDL_MAG_driver_HL.c:133:25:LIS2MDL_Init	16	static
LIS2MDL_MAG_driver_HL.c:179:25:LIS2MDL_DeInit	16	static
LIS2MDL_MAG_driver_HL.c:205:25:LIS2MDL_Sensor_Enable	16	static
LIS2MDL_MAG_driver_HL.c:233:25:LIS2MDL_Sensor_Disable	16	static
LIS2MDL_MAG_driver_HL.c:262:25:LIS2MDL_Get_WhoAmI	16	static
LIS2MDL_MAG_driver_HL.c:282:25:LIS2MDL_Check_WhoAmI	24	static
LIS2MDL_MAG_driver_HL.c:308:25:LIS2MDL_Get_Axes	32	static
LIS2MDL_MAG_driver_HL.c:343:25:LIS2MDL_Get_AxesRaw	24	static
LIS2MDL_MAG_driver_HL.c:371:25:LIS2MDL_Get_Sensitivity	16	static
LIS2MDL_MAG_driver_HL.c:387:25:LIS2MDL_Get_ODR	24	static
LIS2MDL_MAG_driver_HL.c:426:25:LIS2MDL_Set_ODR	24	static
LIS2MDL_MAG_driver_HL.c:468:25:LIS2MDL_Set_ODR_Value	24	static
LIS2MDL_MAG_driver_HL.c:494:25:LIS2MDL_Get_FS	16	static
LIS2MDL_MAG_driver_HL.c:510:25:LIS2MDL_Set_FS	16	static
LIS2MDL_MAG_driver_HL.c:524:25:LIS2MDL_Set_FS_Value	16	static
LIS2MDL_MAG_driver_HL.c:538:25:LIS2MDL_Read_Reg	24	static
LIS2MDL_MAG_driver_HL.c:559:25:LIS2MDL_Write_Reg	16	static
LIS2MDL_MAG_driver_HL.c:579:25:LIS2MDL_Get_DRDY_Status	24	static
LIS2MDL_MAG_driver_HL.c:620:25:LIS2MDL_Get_Axes_Raw	32	static
