LIS3MDL_MAG_driver.c:65:10:LIS3MDL_MAG_WriteReg	24	static
LIS3MDL_MAG_driver.c:83:10:LIS3MDL_MAG_ReadReg	24	static
LIS3MDL_MAG_driver.c:102:10:LIS3MDL_MAG_R_WHO_AM_I_	16	static
LIS3MDL_MAG_driver.c:120:11:LIS3MDL_MAG_W_SystemOperatingMode	24	static
LIS3MDL_MAG_driver.c:143:10:LIS3MDL_MAG_R_SystemOperatingMode	16	static
LIS3MDL_MAG_driver.c:160:11:LIS3MDL_MAG_W_BlockDataUpdate	24	static
LIS3MDL_MAG_driver.c:183:10:LIS3MDL_MAG_R_BlockDataUpdate	16	static
LIS3MDL_MAG_driver.c:200:11:LIS3MDL_MAG_W_FullScale	24	static
LIS3MDL_MAG_driver.c:223:10:LIS3MDL_MAG_R_FullScale	16	static
LIS3MDL_MAG_driver.c:240:11:LIS3MDL_MAG_W_OutputDataRate	24	static
LIS3MDL_MAG_driver.c:263:10:LIS3MDL_MAG_R_OutputDataRate	16	static
LIS3MDL_MAG_driver.c:280:10:LIS3MDL_MAG_Get_Magnetic	24	static
LIS3MDL_MAG_driver.c:310:11:LIS3MDL_MAG_W_SelfTest	24	static
LIS3MDL_MAG_driver.c:333:10:LIS3MDL_MAG_R_SelfTest	16	static
LIS3MDL_MAG_driver.c:350:11:LIS3MDL_MAG_W_OperatingModeXY	24	static
LIS3MDL_MAG_driver.c:373:10:LIS3MDL_MAG_R_OperatingModeXY	16	static
LIS3MDL_MAG_driver.c:390:11:LIS3MDL_MAG_W_TemperatureSensor	24	static
LIS3MDL_MAG_driver.c:413:10:LIS3MDL_MAG_R_TemperatureSensor	16	static
LIS3MDL_MAG_driver.c:430:11:LIS3MDL_MAG_W_SoftRST	24	static
LIS3MDL_MAG_driver.c:453:10:LIS3MDL_MAG_R_SoftRST	16	static
LIS3MDL_MAG_driver.c:470:11:LIS3MDL_MAG_W_Reboot	24	static
LIS3MDL_MAG_driver.c:493:10:LIS3MDL_MAG_R_Reboot	16	static
LIS3MDL_MAG_driver.c:511:11:LIS3MDL_MAG_W_SerialInterfaceMode	24	static
LIS3MDL_MAG_driver.c:534:10:LIS3MDL_MAG_R_SerialInterfaceMode	16	static
LIS3MDL_MAG_driver.c:551:11:LIS3MDL_MAG_W_FastLowPowerXYZ	24	static
LIS3MDL_MAG_driver.c:574:10:LIS3MDL_MAG_R_FastLowPowerXYZ	16	static
LIS3MDL_MAG_driver.c:591:11:LIS3MDL_MAG_W_LittleBigEndianInversion	24	static
LIS3MDL_MAG_driver.c:614:10:LIS3MDL_MAG_R_LittleBigEndianInversion	16	static
LIS3MDL_MAG_driver.c:631:11:LIS3MDL_MAG_W_OperatingModeZ	24	static
LIS3MDL_MAG_driver.c:654:10:LIS3MDL_MAG_R_OperatingModeZ	16	static
LIS3MDL_MAG_driver.c:671:10:LIS3MDL_MAG_R_NewXData	16	static
LIS3MDL_MAG_driver.c:688:10:LIS3MDL_MAG_R_NewYData	16	static
LIS3MDL_MAG_driver.c:705:10:LIS3MDL_MAG_R_NewZData	16	static
LIS3MDL_MAG_driver.c:722:10:LIS3MDL_MAG_R_NewXYZData	16	static
LIS3MDL_MAG_driver.c:739:10:LIS3MDL_MAG_R_DataXOverrun	16	static
LIS3MDL_MAG_driver.c:756:10:LIS3MDL_MAG_R_DataYOverrun	16	static
LIS3MDL_MAG_driver.c:773:10:LIS3MDL_MAG_R_DataZOverrun	16	static
LIS3MDL_MAG_driver.c:790:10:LIS3MDL_MAG_R_DataXYZOverrun	16	static
LIS3MDL_MAG_driver.c:807:11:LIS3MDL_MAG_W_InterruptEnable	24	static
LIS3MDL_MAG_driver.c:830:10:LIS3MDL_MAG_R_InterruptEnable	16	static
LIS3MDL_MAG_driver.c:847:11:LIS3MDL_MAG_W_LatchInterruptRq	24	static
LIS3MDL_MAG_driver.c:870:10:LIS3MDL_MAG_R_LatchInterruptRq	16	static
LIS3MDL_MAG_driver.c:887:11:LIS3MDL_MAG_W_InterruptActive	24	static
LIS3MDL_MAG_driver.c:910:10:LIS3MDL_MAG_R_InterruptActive	16	static
LIS3MDL_MAG_driver.c:927:11:LIS3MDL_MAG_W_InterruptOnZ	24	static
LIS3MDL_MAG_driver.c:950:10:LIS3MDL_MAG_R_InterruptOnZ	16	static
LIS3MDL_MAG_driver.c:967:11:LIS3MDL_MAG_W_InterruptOnY	24	static
LIS3MDL_MAG_driver.c:990:10:LIS3MDL_MAG_R_InterruptOnY	16	static
LIS3MDL_MAG_driver.c:1007:11:LIS3MDL_MAG_W_InterruptOnX	24	static
LIS3MDL_MAG_driver.c:1030:10:LIS3MDL_MAG_R_InterruptOnX	16	static
LIS3MDL_MAG_driver.c:1047:11:LIS3MDL_MAG_W_InterruptFlag	24	static
LIS3MDL_MAG_driver.c:1070:10:LIS3MDL_MAG_R_InterruptFlag	16	static
LIS3MDL_MAG_driver.c:1087:11:LIS3MDL_MAG_W_MagneticFieldOverflow	24	static
LIS3MDL_MAG_driver.c:1110:10:LIS3MDL_MAG_R_MagneticFieldOverflow	16	static
LIS3MDL_MAG_driver.c:1127:11:LIS3MDL_MAG_W_NegativeThresholdFlagZ	24	static
LIS3MDL_MAG_driver.c:1150:10:LIS3MDL_MAG_R_NegativeThresholdFlagZ	16	static
LIS3MDL_MAG_driver.c:1167:11:LIS3MDL_MAG_W_NegativeThresholdFlagY	24	static
LIS3MDL_MAG_driver.c:1190:10:LIS3MDL_MAG_R_NegativeThresholdFlagY	16	static
LIS3MDL_MAG_driver.c:1207:11:LIS3MDL_MAG_W_NegativeThresholdFlagX	24	static
LIS3MDL_MAG_driver.c:1230:10:LIS3MDL_MAG_R_NegativeThresholdFlagX	16	static
LIS3MDL_MAG_driver.c:1247:11:LIS3MDL_MAG_W_PositiveThresholdFlagZ	24	static
LIS3MDL_MAG_driver.c:1270:10:LIS3MDL_MAG_R_PositiveThresholdFlagZ	16	static
LIS3MDL_MAG_driver.c:1287:11:LIS3MDL_MAG_W_PositiveThresholdFlagY	24	static
LIS3MDL_MAG_driver.c:1310:10:LIS3MDL_MAG_R_PositiveThresholdFlagY	16	static
LIS3MDL_MAG_driver.c:1327:11:LIS3MDL_MAG_W_PositiveThresholdFlagX	24	static
LIS3MDL_MAG_driver.c:1350:10:LIS3MDL_MAG_R_PositiveThresholdFlagX	16	static
LIS3MDL_MAG_driver.c:1367:10:LIS3MDL_MAG_Get_Temperature	24	static
LIS3MDL_MAG_driver.c:1396:10:LIS3MDL_MAG_Set_MagneticThreshold	24	static
LIS3MDL_MAG_driver.c:1415:10:LIS3MDL_MAG_Get_MagneticThreshold	24	static
LIS3MDL_MAG_driver.c:1449:6:LIS3MDL_MAG_SwapHighLowByte	32	static
