LIS3MDL_MAG_driver_HL.c:137:25:LIS3MDL_Init	16	static
LIS3MDL_MAG_driver_HL.c:191:25:LIS3MDL_DeInit	16	static
LIS3MDL_MAG_driver_HL.c:218:25:LIS3MDL_Sensor_Enable	16	static
LIS3MDL_MAG_driver_HL.c:246:25:LIS3MDL_Sensor_Disable	16	static
LIS3MDL_MAG_driver_HL.c:275:25:LIS3MDL_Get_WhoAmI	16	static
LIS3MDL_MAG_driver_HL.c:295:25:LIS3MDL_Check_WhoAmI	24	static
LIS3MDL_MAG_driver_HL.c:321:25:LIS3MDL_Get_Axes	32	static
LIS3MDL_MAG_driver_HL.c:356:25:LIS3MDL_Get_AxesRaw	24	static
LIS3MDL_MAG_driver_HL.c:384:25:LIS3MDL_Get_Sensitivity	24	static
LIS3MDL_MAG_driver_HL.c:427:25:LIS3MDL_Get_ODR	24	static
LIS3MDL_MAG_driver_HL.c:480:25:LIS3MDL_Set_ODR	24	static
LIS3MDL_MAG_driver_HL.c:523:25:LIS3MDL_Set_ODR_Value	24	static
LIS3MDL_MAG_driver_HL.c:554:25:LIS3MDL_Get_FS	24	static
LIS3MDL_MAG_driver_HL.c:595:25:LIS3MDL_Set_FS	24	static
LIS3MDL_MAG_driver_HL.c:632:25:LIS3MDL_Set_FS_Value	24	static
LIS3MDL_MAG_driver_HL.c:658:25:LIS3MDL_Read_Reg	24	static
LIS3MDL_MAG_driver_HL.c:677:25:LIS3MDL_Write_Reg	16	static
LIS3MDL_MAG_driver_HL.c:695:25:LIS3MDL_Get_DRDY_Status	24	static
LIS3MDL_MAG_driver_HL.c:735:25:LIS3MDL_Get_Axes_Raw	24	static
