LPS22HB_Driver.c:92:18:LPS22HB_ReadReg	32	static
LPS22HB_Driver.c:119:18:LPS22HB_WriteReg	32	static
LPS22HB_Driver.c:138:18:LPS22HB_Get_DeviceID	16	static
LPS22HB_Driver.c:152:18:LPS22HB_Get_DriverVersion	16	static
LPS22HB_Driver.c:168:18:LPS22HB_Set_PowerMode	24	static
LPS22HB_Driver.c:192:18:LPS22HB_Get_PowerMode	24	static
LPS22HB_Driver.c:211:18:LPS22HB_Set_Odr	24	static
LPS22HB_Driver.c:236:18:LPS22HB_Get_Odr	24	static
LPS22HB_Driver.c:254:18:LPS22HB_Set_LowPassFilter	24	static
LPS22HB_Driver.c:281:18:LPS22HB_Set_LowPassFilterCutoff	24	static
LPS22HB_Driver.c:313:18:LPS22HB_Set_Bdu	24	static
LPS22HB_Driver.c:339:18:LPS22HB_Get_Bdu	24	static
LPS22HB_Driver.c:357:18:LPS22HB_Set_SpiInterface	24	static
LPS22HB_Driver.c:382:18:LPS22HB_Set_ClockTreeConfifuration	24	static
LPS22HB_Driver.c:409:18:LPS22HB_Get_SpiInterface	24	static
LPS22HB_Driver.c:426:18:LPS22HB_SwReset	24	static
LPS22HB_Driver.c:447:18:LPS22HB_MemoryBoot	24	static
LPS22HB_Driver.c:469:18:LPS22HB_SwResetAndMemoryBoot	24	static
LPS22HB_Driver.c:491:18:LPS22HB_Set_FifoModeUse	24	static
LPS22HB_Driver.c:514:18:LPS22HB_Set_FifoWatermarkLevelUse	24	static
LPS22HB_Driver.c:538:18:LPS22HB_Set_AutomaticIncrementRegAddress	24	static
LPS22HB_Driver.c:564:18:LPS22HB_Set_I2C	24	static
LPS22HB_Driver.c:591:18:LPS22HB_StartOneShotMeasurement	24	static
LPS22HB_Driver.c:615:18:LPS22HB_Set_InterruptActiveLevel	24	static
LPS22HB_Driver.c:640:18:LPS22HB_Set_InterruptOutputType	24	static
LPS22HB_Driver.c:664:18:LPS22HB_Set_InterruptControlConfig	24	static
LPS22HB_Driver.c:689:18:LPS22HB_Set_DRDYInterrupt	24	static
LPS22HB_Driver.c:714:18:LPS22HB_Set_FIFO_OVR_Interrupt	24	static
LPS22HB_Driver.c:739:18:LPS22HB_Set_FIFO_FTH_Interrupt	24	static
LPS22HB_Driver.c:763:18:LPS22HB_Set_FIFO_FULL_Interrupt	24	static
LPS22HB_Driver.c:791:18:LPS22HB_Set_AutoRifP	24	static
LPS22HB_Driver.c:812:18:LPS22HB_ResetAutoRifP	24	static
LPS22HB_Driver.c:835:18:LPS22HB_Set_AutoZeroFunction	24	static
LPS22HB_Driver.c:857:18:LPS22HB_ResetAutoZeroFunction	24	static
LPS22HB_Driver.c:882:18:LPS22HB_Set_InterruptDifferentialGeneration	24	static
LPS22HB_Driver.c:907:18:LPS22HB_Get_InterruptDifferentialGeneration	24	static
LPS22HB_Driver.c:925:18:LPS22HB_LatchInterruptRequest	24	static
LPS22HB_Driver.c:951:18:LPS22HB_Set_PLE	24	static
LPS22HB_Driver.c:975:18:LPS22HB_Set_PHE	24	static
LPS22HB_Driver.c:1000:18:LPS22HB_Get_InterruptDifferentialEventStatus	24	static
LPS22HB_Driver.c:1022:18:LPS22HB_Get_DataStatus	24	static
LPS22HB_Driver.c:1047:18:LPS22HB_Get_RawPressure	24	static
LPS22HB_Driver.c:1077:18:LPS22HB_Get_Pressure	24	static
LPS22HB_Driver.c:1097:18:LPS22HB_Get_RawTemperature	24	static
LPS22HB_Driver.c:1122:18:LPS22HB_Get_Temperature	24	static
LPS22HB_Driver.c:1141:18:LPS22HB_Get_PressureThreshold	24	static
LPS22HB_Driver.c:1160:18:LPS22HB_Set_PressureThreshold	24	static
LPS22HB_Driver.c:1179:18:LPS22HB_Set_FifoMode	24	static
LPS22HB_Driver.c:1203:18:LPS22HB_Get_FifoMode	24	static
LPS22HB_Driver.c:1222:18:LPS22HB_Set_FifoWatermarkLevel	24	static
LPS22HB_Driver.c:1246:18:LPS22HB_Get_FifoWatermarkLevel	16	static
LPS22HB_Driver.c:1262:18:LPS22HB_Get_FifoStatus	24	static
LPS22HB_Driver.c:1293:18:LPS22HB_Get_PressureOffsetValue	24	static
LPS22HB_Driver.c:1316:18:LPS22HB_Get_ReferencePressure	32	static
LPS22HB_Driver.c:1348:18:LPS22HB_IsMeasurementCompleted	24	static
LPS22HB_Driver.c:1370:18:LPS22HB_Get_Measurement	24	static
LPS22HB_Driver.c:1398:18:LPS22HB_Init	24	static
LPS22HB_Driver.c:1427:18:LPS22HB_DeInit	24	static
LPS22HB_Driver.c:1449:18:LPS22HB_Set_GenericConfig	16	static
LPS22HB_Driver.c:1498:18:LPS22HB_Get_GenericConfig	24	static
LPS22HB_Driver.c:1533:18:LPS22HB_Set_InterruptConfig	16	static
LPS22HB_Driver.c:1644:18:LPS22HB_Get_InterruptConfig	24	static
LPS22HB_Driver.c:1682:18:LPS22HB_Set_FifoConfig	16	static
LPS22HB_Driver.c:1730:18:LPS22HB_Get_FifoConfig	24	static
