LPS22HB_Driver_HL.c:247:25:LPS22HB_P_Init	24	static
LPS22HB_Driver_HL.c:276:25:LPS22HB_P_DeInit	24	static
LPS22HB_Driver_HL.c:306:25:LPS22HB_P_Sensor_Enable	24	static
LPS22HB_Driver_HL.c:336:25:LPS22HB_P_Sensor_Disable	24	static
LPS22HB_Driver_HL.c:374:25:LPS22HB_P_Get_WhoAmI	16	static
LPS22HB_Driver_HL.c:387:25:LPS22HB_P_Check_WhoAmI	16	static
LPS22HB_Driver_HL.c:401:25:LPS22HB_P_Get_Press	16	static
LPS22HB_Driver_HL.c:415:25:LPS22HB_P_Get_ODR	16	static
LPS22HB_Driver_HL.c:429:25:LPS22HB_P_Set_ODR	24	static
LPS22HB_Driver_HL.c:461:25:LPS22HB_P_Set_ODR_Value	24	static
LPS22HB_Driver_HL.c:494:25:LPS22HB_P_Read_Reg	24	static
LPS22HB_Driver_HL.c:514:25:LPS22HB_P_Write_Reg	16	static
LPS22HB_Driver_HL.c:533:25:LPS22HB_P_Get_DRDY_Status	24	static
LPS22HB_Driver_HL.c:555:25:LPS22HB_T_Init	24	static
LPS22HB_Driver_HL.c:585:25:LPS22HB_T_DeInit	24	static
LPS22HB_Driver_HL.c:615:25:LPS22HB_T_Sensor_Enable	24	static
LPS22HB_Driver_HL.c:647:25:LPS22HB_T_Sensor_Disable	24	static
LPS22HB_Driver_HL.c:685:25:LPS22HB_T_Get_WhoAmI	16	static
LPS22HB_Driver_HL.c:699:25:LPS22HB_T_Check_WhoAmI	16	static
LPS22HB_Driver_HL.c:713:25:LPS22HB_T_Get_Temp	16	static
LPS22HB_Driver_HL.c:727:25:LPS22HB_T_Get_ODR	16	static
LPS22HB_Driver_HL.c:742:25:LPS22HB_T_Set_ODR	24	static
LPS22HB_Driver_HL.c:774:25:LPS22HB_T_Set_ODR_Value	24	static
LPS22HB_Driver_HL.c:807:25:LPS22HB_T_Read_Reg	24	static
LPS22HB_Driver_HL.c:827:25:LPS22HB_T_Write_Reg	16	static
LPS22HB_Driver_HL.c:846:25:LPS22HB_T_Get_DRDY_Status	24	static
LPS22HB_Driver_HL.c:876:25:LPS22HB_Initialize	16	static
LPS22HB_Driver_HL.c:942:25:LPS22HB_Get_WhoAmI	16	static
LPS22HB_Driver_HL.c:960:25:LPS22HB_Check_WhoAmI	24	static
LPS22HB_Driver_HL.c:984:25:LPS22HB_Get_Press	24	static
LPS22HB_Driver_HL.c:1007:25:LPS22HB_Get_Temp	24	static
LPS22HB_Driver_HL.c:1030:25:LPS22HB_Get_ODR	24	static
LPS22HB_Driver_HL.c:1076:25:LPS22HB_Set_ODR_When_Enabled	32	static
LPS22HB_Driver_HL.c:1124:25:LPS22HB_Set_ODR_When_Disabled	24	static
LPS22HB_Driver_HL.c:1161:25:LPS22HB_Set_ODR_Value_When_Enabled	32	static
LPS22HB_Driver_HL.c:1194:25:LPS22HB_Set_ODR_Value_When_Disabled	24	static
LPS22HB_Driver_HL.c:1216:25:LPS22HB_Read_Reg	24	static
LPS22HB_Driver_HL.c:1235:25:LPS22HB_Write_Reg	16	static
LPS22HB_Driver_HL.c:1262:25:LPS22HB_FIFO_Get_Empty_Status	24	static
LPS22HB_Driver_HL.c:1284:25:LPS22HB_FIFO_Get_Full_Status	24	static
LPS22HB_Driver_HL.c:1306:25:LPS22HB_FIFO_Get_Ovr_Status	24	static
LPS22HB_Driver_HL.c:1328:25:LPS22HB_FIFO_Get_Fth_Status	24	static
LPS22HB_Driver_HL.c:1350:25:LPS22HB_FIFO_Stop_On_Fth	16	static
LPS22HB_Driver_HL.c:1378:25:LPS22HB_FIFO_Usage	16	static
LPS22HB_Driver_HL.c:1406:25:LPS22HB_FIFO_Get_Num_Of_Samples	24	static
LPS22HB_Driver_HL.c:1429:25:LPS22HB_FIFO_Get_Data	24	static
LPS22HB_Driver_HL.c:1452:25:LPS22HB_FIFO_Get_Mode	24	static
LPS22HB_Driver_HL.c:1474:25:LPS22HB_FIFO_Set_Mode	16	static
LPS22HB_Driver_HL.c:1506:25:LPS22HB_FIFO_Get_Watermark_Level	16	static
LPS22HB_Driver_HL.c:1524:25:LPS22HB_FIFO_Set_Watermark_Level	16	static
LPS22HB_Driver_HL.c:1542:25:LPS22HB_FIFO_Watermark_Usage	16	static
LPS22HB_Driver_HL.c:1570:25:LPS22HB_FIFO_Set_Interrupt	16	static
LPS22HB_Driver_HL.c:1607:25:LPS22HB_FIFO_Reset_Interrupt	16	static
