LSM303AGR_MAG_driver_HL.c:137:25:LSM303AGR_M_Init	16	static
LSM303AGR_MAG_driver_HL.c:184:25:LSM303AGR_M_DeInit	16	static
LSM303AGR_MAG_driver_HL.c:211:25:LSM303AGR_M_Sensor_Enable	16	static
LSM303AGR_MAG_driver_HL.c:239:25:LSM303AGR_M_Sensor_Disable	16	static
LSM303AGR_MAG_driver_HL.c:268:25:LSM303AGR_M_Get_WhoAmI	16	static
LSM303AGR_MAG_driver_HL.c:288:25:LSM303AGR_M_Check_WhoAmI	24	static
LSM303AGR_MAG_driver_HL.c:314:25:LSM303AGR_M_Get_Axes	32	static
LSM303AGR_MAG_driver_HL.c:349:25:LSM303AGR_M_Get_AxesRaw	24	static
LSM303AGR_MAG_driver_HL.c:377:25:LSM303AGR_M_Get_Sensitivity	16	static
LSM303AGR_MAG_driver_HL.c:393:25:LSM303AGR_M_Get_ODR	24	static
LSM303AGR_MAG_driver_HL.c:432:25:LSM303AGR_M_Set_ODR	24	static
LSM303AGR_MAG_driver_HL.c:474:25:LSM303AGR_M_Set_ODR_Value	24	static
LSM303AGR_MAG_driver_HL.c:500:25:LSM303AGR_M_Get_FS	16	static
LSM303AGR_MAG_driver_HL.c:516:25:LSM303AGR_M_Set_FS	16	static
LSM303AGR_MAG_driver_HL.c:530:25:LSM303AGR_M_Set_FS_Value	16	static
LSM303AGR_MAG_driver_HL.c:544:25:LSM303AGR_M_Read_Reg	24	static
LSM303AGR_MAG_driver_HL.c:565:25:LSM303AGR_M_Write_Reg	16	static
LSM303AGR_MAG_driver_HL.c:585:25:LSM303AGR_M_Get_DRDY_Status	24	static
LSM303AGR_MAG_driver_HL.c:626:25:LSM303AGR_M_Get_Axes_Raw	32	static
