LIS2MDL_MAG_driver.c:65:10:LIS2MDL_MAG_WriteReg	24	static
LIS2MDL_MAG_driver.c:86:10:LIS2MDL_MAG_ReadReg	24	static
LIS2MDL_MAG_driver.c:106:10:LIS2MDL_MAG_R_WhoAmI_Bits	16	static
LIS2MDL_MAG_driver.c:126:11:LIS2MDL_MAG_W_Operating_Mode	24	static
LIS2MDL_MAG_driver.c:149:10:LIS2MDL_MAG_R_Operating_Mode	16	static
LIS2MDL_MAG_driver.c:166:11:LIS2MDL_MAG_W_DataRate	24	static
LIS2MDL_MAG_driver.c:189:10:LIS2MDL_MAG_R_DataRate	16	static
LIS2MDL_MAG_driver.c:206:11:LIS2MDL_MAG_W_PowerMode	24	static
LIS2MDL_MAG_driver.c:229:10:LIS2MDL_MAG_R_PowerMode	16	static
LIS2MDL_MAG_driver.c:246:11:LIS2MDL_MAG_W_SoftwareReset	24	static
LIS2MDL_MAG_driver.c:269:10:LIS2MDL_MAG_R_SoftwareReset	16	static
LIS2MDL_MAG_driver.c:286:11:LIS2MDL_MAG_W_Reboot	24	static
LIS2MDL_MAG_driver.c:309:10:LIS2MDL_MAG_R_Reboot	16	static
LIS2MDL_MAG_driver.c:326:11:LIS2MDL_MAG_W_TemperatureCompensation	24	static
LIS2MDL_MAG_driver.c:349:10:LIS2MDL_MAG_R_TemperatureCompensation	16	static
LIS2MDL_MAG_driver.c:366:11:LIS2MDL_MAG_W_LowPassFilter	24	static
LIS2MDL_MAG_driver.c:389:10:LIS2MDL_MAG_R_LowPassFilter	16	static
LIS2MDL_MAG_driver.c:406:11:LIS2MDL_MAG_W_OffsetCancellation	24	static
LIS2MDL_MAG_driver.c:429:10:LIS2MDL_MAG_R_OffsetCancellation	16	static
LIS2MDL_MAG_driver.c:446:11:LIS2MDL_MAG_W_PulseFrequancy	24	static
LIS2MDL_MAG_driver.c:469:10:LIS2MDL_MAG_R_PulseFrequancy	16	static
LIS2MDL_MAG_driver.c:486:11:LIS2MDL_MAG_W_InterruptThresholdMode	24	static
LIS2MDL_MAG_driver.c:509:10:LIS2MDL_MAG_R_InterruptThresholdMode	16	static
LIS2MDL_MAG_driver.c:526:11:LIS2MDL_MAG_W_OffsetCancellationInSingleMode	24	static
LIS2MDL_MAG_driver.c:549:10:LIS2MDL_MAG_R_OffsetCancellationInSingleMode	16	static
LIS2MDL_MAG_driver.c:568:11:LIS2MDL_MAG_W_PinMode	24	static
LIS2MDL_MAG_driver.c:591:10:LIS2MDL_MAG_R_PinMode	16	static
LIS2MDL_MAG_driver.c:608:11:LIS2MDL_MAG_W_SelfTest	24	static
LIS2MDL_MAG_driver.c:631:10:LIS2MDL_MAG_R_SelfTest	16	static
LIS2MDL_MAG_driver.c:648:11:LIS2MDL_MAG_W_OutputsOrder	24	static
LIS2MDL_MAG_driver.c:671:10:LIS2MDL_MAG_R_OutputsOrder	16	static
LIS2MDL_MAG_driver.c:688:11:LIS2MDL_MAG_W_BlockDataUpdate	24	static
LIS2MDL_MAG_driver.c:711:10:LIS2MDL_MAG_R_BlockDataUpdate	16	static
LIS2MDL_MAG_driver.c:728:11:LIS2MDL_MAG_W_I2C_InterfaceSatus	24	static
LIS2MDL_MAG_driver.c:751:10:LIS2MDL_MAG_R_I2C_InterfaceSatus	16	static
LIS2MDL_MAG_driver.c:768:11:LIS2MDL_MAG_W_InterruptGenerator	24	static
LIS2MDL_MAG_driver.c:791:10:LIS2MDL_MAG_R_InterruptGenerator	16	static
LIS2MDL_MAG_driver.c:808:11:LIS2MDL_MAG_W_InterruptGeneration	24	static
LIS2MDL_MAG_driver.c:831:10:LIS2MDL_MAG_R_InterruptGeneration	16	static
LIS2MDL_MAG_driver.c:848:11:LIS2MDL_MAG_W_InterruptMode	24	static
LIS2MDL_MAG_driver.c:871:10:LIS2MDL_MAG_R_InterruptMode	16	static
LIS2MDL_MAG_driver.c:888:11:LIS2MDL_MAG_W_InterruptPolarity	24	static
LIS2MDL_MAG_driver.c:911:10:LIS2MDL_MAG_R_InterruptPolarity	16	static
LIS2MDL_MAG_driver.c:928:11:LIS2MDL_MAG_W_InterruptOn_Zaxis	24	static
LIS2MDL_MAG_driver.c:951:10:LIS2MDL_MAG_R_InterruptOn_Zaxis	16	static
LIS2MDL_MAG_driver.c:968:11:LIS2MDL_MAG_W_InterruptOn_Yaxis	24	static
LIS2MDL_MAG_driver.c:991:10:LIS2MDL_MAG_R_InterruptOn_Yaxis	16	static
LIS2MDL_MAG_driver.c:1008:11:LIS2MDL_MAG_W_InterruptOn_Xaxis	24	static
LIS2MDL_MAG_driver.c:1031:10:LIS2MDL_MAG_R_InterruptOn_Xaxis	16	static
LIS2MDL_MAG_driver.c:1048:10:LIS2MDL_MAG_R_InterruptSources	16	static
LIS2MDL_MAG_driver.c:1065:10:LIS2MDL_MAG_Set_InterruptThreshold	24	static
LIS2MDL_MAG_driver.c:1084:10:LIS2MDL_MAG_Get_InterruptThreshold	24	static
LIS2MDL_MAG_driver.c:1114:10:LIS2MDL_MAG_R_STATUS_bits	16	static
LIS2MDL_MAG_driver.c:1131:10:LIS2MDL_MAG_Get_MagneticOutputs	24	static
LIS2MDL_MAG_driver.c:1159:10:LIS2MDL_MAG_Get_Temperature	24	static
LIS2MDL_MAG_driver.c:1189:10:LIS2MDL_MAG_Set_HI_Offsets	24	static
LIS2MDL_MAG_driver.c:1208:10:LIS2MDL_MAG_Get_HI_Offsets	24	static
LIS2MDL_MAG_driver.c:1244:6:LIS2MDL_MAG_SwapHighLowByte	32	static
