stm32f4xx_hal_pcd.c:139:19:HAL_PCD_Init	80	static
stm32f4xx_hal_pcd.c:224:19:HAL_PCD_DeInit	16	static
stm32f4xx_hal_pcd.c:250:13:HAL_PCD_MspInit	16	static
stm32f4xx_hal_pcd.c:264:13:HAL_PCD_MspDeInit	16	static
stm32f4xx_hal_pcd.c:297:19:HAL_PCD_Start	16	static
stm32f4xx_hal_pcd.c:311:19:HAL_PCD_Stop	16	static
stm32f4xx_hal_pcd.c:326:6:HAL_PCD_IRQHandler	56	static
stm32f4xx_hal_pcd.c:721:14:HAL_PCD_DataOutStageCallback	16	static
stm32f4xx_hal_pcd.c:737:14:HAL_PCD_DataInStageCallback	16	static
stm32f4xx_hal_pcd.c:751:14:HAL_PCD_SetupStageCallback	16	static
stm32f4xx_hal_pcd.c:765:14:HAL_PCD_SOFCallback	16	static
stm32f4xx_hal_pcd.c:779:14:HAL_PCD_ResetCallback	16	static
stm32f4xx_hal_pcd.c:793:14:HAL_PCD_SuspendCallback	16	static
stm32f4xx_hal_pcd.c:807:14:HAL_PCD_ResumeCallback	16	static
stm32f4xx_hal_pcd.c:822:14:HAL_PCD_ISOOUTIncompleteCallback	16	static
stm32f4xx_hal_pcd.c:838:14:HAL_PCD_ISOINIncompleteCallback	16	static
stm32f4xx_hal_pcd.c:853:14:HAL_PCD_ConnectCallback	16	static
stm32f4xx_hal_pcd.c:867:14:HAL_PCD_DisconnectCallback	16	static
stm32f4xx_hal_pcd.c:900:19:HAL_PCD_DevConnect	16	static
stm32f4xx_hal_pcd.c:913:19:HAL_PCD_DevDisconnect	16	static
stm32f4xx_hal_pcd.c:927:19:HAL_PCD_SetAddress	16	static
stm32f4xx_hal_pcd.c:942:19:HAL_PCD_EP_Open	24	static
stm32f4xx_hal_pcd.c:984:19:HAL_PCD_EP_Close	24	static
stm32f4xx_hal_pcd.c:1015:19:HAL_PCD_EP_Receive	32	static
stm32f4xx_hal_pcd.c:1054:10:HAL_PCD_EP_GetRxCount	16	static
stm32f4xx_hal_pcd.c:1066:19:HAL_PCD_EP_Transmit	32	static
stm32f4xx_hal_pcd.c:1106:19:HAL_PCD_EP_SetStall	24	static
stm32f4xx_hal_pcd.c:1141:19:HAL_PCD_EP_ClrStall	24	static
stm32f4xx_hal_pcd.c:1171:19:HAL_PCD_EP_Flush	16	static
stm32f4xx_hal_pcd.c:1194:19:HAL_PCD_ActivateRemoteWakeup	24	static
stm32f4xx_hal_pcd.c:1211:19:HAL_PCD_DeActivateRemoteWakeup	24	static
stm32f4xx_hal_pcd.c:1243:18:HAL_PCD_GetState	16	static
stm32f4xx_hal_pcd.c:1266:26:PCD_WriteEmptyTxFifo	48	static
