stm32f4xx_ll_usb.c:105:19:USB_CoreInit	16	static
stm32f4xx_ll_usb.c:150:19:USB_EnableGlobalInt	16	static
stm32f4xx_ll_usb.c:163:19:USB_DisableGlobalInt	16	static
stm32f4xx_ll_usb.c:179:19:USB_SetCurrentMode	16	static
stm32f4xx_ll_usb.c:204:19:USB_DevInit	24	static
stm32f4xx_ll_usb.c:347:19:USB_FlushTxFifo	24	static
stm32f4xx_ll_usb.c:371:19:USB_FlushRxFifo	24	static
stm32f4xx_ll_usb.c:401:19:USB_SetDevSpeed	16	static
stm32f4xx_ll_usb.c:416:9:USB_GetDevSpeed	24	static
stm32f4xx_ll_usb.c:443:19:USB_ActivateEndpoint	16	static
stm32f4xx_ll_usb.c:473:19:USB_ActivateDedicatedEndpoint	16	static
stm32f4xx_ll_usb.c:516:19:USB_DeactivateEndpoint	16	static
stm32f4xx_ll_usb.c:540:19:USB_DeactivateDedicatedEndpoint	16	static
stm32f4xx_ll_usb.c:566:19:USB_EPStartXfer	40	static
stm32f4xx_ll_usb.c:688:19:USB_EP0StartXfer	24	static
stm32f4xx_ll_usb.c:777:19:USB_WritePacket	32	static
stm32f4xx_ll_usb.c:805:7:USB_ReadPacket	32	static
stm32f4xx_ll_usb.c:824:19:USB_EPSetStall	16	static
stm32f4xx_ll_usb.c:852:19:USB_EPClearStall	16	static
stm32f4xx_ll_usb.c:878:19:USB_StopDevice	24	static
stm32f4xx_ll_usb.c:909:20:USB_SetDevAddress	16	static
stm32f4xx_ll_usb.c:922:20:USB_DevConnect	16	static
stm32f4xx_ll_usb.c:935:20:USB_DevDisconnect	16	static
stm32f4xx_ll_usb.c:948:11:USB_ReadInterrupts	24	static
stm32f4xx_ll_usb.c:962:10:USB_ReadDevAllOutEpInterrupt	24	static
stm32f4xx_ll_usb.c:975:10:USB_ReadDevAllInEpInterrupt	24	static
stm32f4xx_ll_usb.c:990:10:USB_ReadDevOutEPInterrupt	24	static
stm32f4xx_ll_usb.c:1005:10:USB_ReadDevInEPInterrupt	32	static
stm32f4xx_ll_usb.c:1022:7:USB_ClearInterrupts	16	static
stm32f4xx_ll_usb.c:1035:10:USB_GetMode	16	static
stm32f4xx_ll_usb.c:1046:20:USB_ActivateSetup	16	static
stm32f4xx_ll_usb.c:1071:19:USB_EP0_OutStart	24	static
stm32f4xx_ll_usb.c:1094:26:USB_CoreReset	24	static
stm32f4xx_ll_usb.c:1133:19:USB_HostInit	24	static
stm32f4xx_ll_usb.c:1222:19:USB_InitFSLSPClkSel	16	static
stm32f4xx_ll_usb.c:1245:19:USB_ResetPort	24	static
stm32f4xx_ll_usb.c:1268:19:USB_DriveVbus	24	static
stm32f4xx_ll_usb.c:1296:10:USB_GetHostSpeed	24	static
stm32f4xx_ll_usb.c:1309:10:USB_GetCurrentFrame	16	static
stm32f4xx_ll_usb.c:1338:19:USB_HC_Init	16	static
stm32f4xx_ll_usb.c:1443:19:USB_HC_StartXfer	48	static
stm32f4xx_ll_usb.c:1554:10:USB_HC_ReadInterrupt	16	static
stm32f4xx_ll_usb.c:1566:19:USB_HC_Halt	24	static
stm32f4xx_ll_usb.c:1627:19:USB_DoPing	24	static
stm32f4xx_ll_usb.c:1649:19:USB_StopHost	32	static
