stm32f4xx_hal.c:173:19:HAL_Init	8	static
stm32f4xx_hal.c:206:19:HAL_DeInit	8	static
stm32f4xx_hal.c:235:13:HAL_MspInit	4	static
stm32f4xx_hal.c:246:13:HAL_MspDeInit	4	static
stm32f4xx_hal.c:269:26:HAL_InitTick	16	static
stm32f4xx_hal.c:317:13:HAL_IncTick	4	static
stm32f4xx_hal.c:328:17:HAL_GetTick	4	static
stm32f4xx_hal.c:344:13:HAL_Delay	24	static
stm32f4xx_hal.c:363:13:HAL_SuspendTick	4	static
stm32f4xx_hal.c:379:13:HAL_ResumeTick	4	static
stm32f4xx_hal.c:389:10:HAL_GetHalVersion	4	static
stm32f4xx_hal.c:398:10:HAL_GetREVID	4	static
stm32f4xx_hal.c:407:10:HAL_GetDEVID	4	static
stm32f4xx_hal.c:416:6:HAL_DBGMCU_EnableDBGSleepMode	4	static
stm32f4xx_hal.c:425:6:HAL_DBGMCU_DisableDBGSleepMode	4	static
stm32f4xx_hal.c:434:6:HAL_DBGMCU_EnableDBGStopMode	4	static
stm32f4xx_hal.c:443:6:HAL_DBGMCU_DisableDBGStopMode	4	static
stm32f4xx_hal.c:452:6:HAL_DBGMCU_EnableDBGStandbyMode	4	static
stm32f4xx_hal.c:461:6:HAL_DBGMCU_DisableDBGStandbyMode	4	static
stm32f4xx_hal.c:472:6:HAL_EnableCompensationCell	16	static
stm32f4xx_hal.c:483:6:HAL_DisableCompensationCell	16	static
