stm32f4xx_hal_uart.c:246:19:HAL_UART_Init	16	static
stm32f4xx_hal_uart.c:308:19:HAL_HalfDuplex_Init	16	static
stm32f4xx_hal_uart.c:368:19:HAL_LIN_Init	16	static
stm32f4xx_hal_uart.c:434:19:HAL_MultiProcessor_Init	24	static
stm32f4xx_hal_uart.c:497:19:HAL_UART_DeInit	16	static
stm32f4xx_hal_uart.c:529:14:HAL_UART_MspInit	16	static
stm32f4xx_hal_uart.c:544:14:HAL_UART_MspDeInit	16	static
stm32f4xx_hal_uart.c:618:19:HAL_UART_Transmit	40	static
stm32f4xx_hal_uart.c:700:19:HAL_UART_Receive	40	static
stm32f4xx_hal_uart.c:788:19:HAL_UART_Transmit_IT	24	static
stm32f4xx_hal_uart.c:830:19:HAL_UART_Receive_IT	24	static
stm32f4xx_hal_uart.c:875:19:HAL_UART_Transmit_DMA	32	static
stm32f4xx_hal_uart.c:940:19:HAL_UART_Receive_DMA	32	static
stm32f4xx_hal_uart.c:1004:19:HAL_UART_DMAPause	24	static
stm32f4xx_hal_uart.c:1039:19:HAL_UART_DMAResume	24	static
stm32f4xx_hal_uart.c:1074:19:HAL_UART_DMAStop	24	static
stm32f4xx_hal_uart.c:1126:19:HAL_UART_Abort	16	static
stm32f4xx_hal_uart.c:1190:19:HAL_UART_AbortTransmit	16	static
stm32f4xx_hal_uart.c:1232:19:HAL_UART_AbortReceive	16	static
stm32f4xx_hal_uart.c:1277:19:HAL_UART_Abort_IT	24	static
stm32f4xx_hal_uart.c:1399:19:HAL_UART_AbortTransmit_IT	16	static
stm32f4xx_hal_uart.c:1464:19:HAL_UART_AbortReceive_IT	16	static
stm32f4xx_hal_uart.c:1522:6:HAL_UART_IRQHandler	40	static
stm32f4xx_hal_uart.c:1649:14:HAL_UART_TxCpltCallback	16	static
stm32f4xx_hal_uart.c:1664:14:HAL_UART_TxHalfCpltCallback	16	static
stm32f4xx_hal_uart.c:1679:13:HAL_UART_RxCpltCallback	16	static
stm32f4xx_hal_uart.c:1694:13:HAL_UART_RxHalfCpltCallback	16	static
stm32f4xx_hal_uart.c:1709:14:HAL_UART_ErrorCallback	16	static
stm32f4xx_hal_uart.c:1723:13:HAL_UART_AbortCpltCallback	16	static
stm32f4xx_hal_uart.c:1737:13:HAL_UART_AbortTransmitCpltCallback	16	static
stm32f4xx_hal_uart.c:1752:13:HAL_UART_AbortReceiveCpltCallback	16	static
stm32f4xx_hal_uart.c:1789:19:HAL_LIN_SendBreak	16	static
stm32f4xx_hal_uart.c:1816:19:HAL_MultiProcessor_EnterMuteMode	16	static
stm32f4xx_hal_uart.c:1843:19:HAL_MultiProcessor_ExitMuteMode	16	static
stm32f4xx_hal_uart.c:1870:19:HAL_HalfDuplex_EnableTransmitter	24	static
stm32f4xx_hal_uart.c:1905:19:HAL_HalfDuplex_EnableReceiver	24	static
stm32f4xx_hal_uart.c:1962:23:HAL_UART_GetState	24	static
stm32f4xx_hal_uart.c:1977:10:HAL_UART_GetError	16	static
stm32f4xx_hal_uart.c:1991:13:UART_DMATransmitCplt	24	static
stm32f4xx_hal_uart.c:2020:13:UART_DMATxHalfCplt	24	static
stm32f4xx_hal_uart.c:2032:13:UART_DMAReceiveCplt	24	static
stm32f4xx_hal_uart.c:2060:13:UART_DMARxHalfCplt	24	static
stm32f4xx_hal_uart.c:2072:13:UART_DMAError	24	static
stm32f4xx_hal_uart.c:2107:26:UART_WaitOnFlagUntilTimeout	24	static
stm32f4xx_hal_uart.c:2140:13:UART_EndTxTransfer	16	static
stm32f4xx_hal_uart.c:2154:13:UART_EndRxTransfer	16	static
stm32f4xx_hal_uart.c:2170:13:UART_DMAAbortOnError	24	static
stm32f4xx_hal_uart.c:2187:13:UART_DMATxAbortCallback	24	static
stm32f4xx_hal_uart.c:2225:13:UART_DMARxAbortCallback	24	static
stm32f4xx_hal_uart.c:2263:13:UART_DMATxOnlyAbortCallback	24	static
stm32f4xx_hal_uart.c:2284:13:UART_DMARxOnlyAbortCallback	24	static
stm32f4xx_hal_uart.c:2303:26:UART_Transmit_IT	24	static
stm32f4xx_hal_uart.c:2350:26:UART_EndTransmit_IT	16	static
stm32f4xx_hal_uart.c:2369:26:UART_Receive_IT	24	static
stm32f4xx_hal_uart.c:2431:13:UART_SetConfig	40	static
