sensor_service.c:132:12:safe_aci_gatt_update_char_value	40	static
sensor_service.c:163:12:Add_ConfigW2ST_Service	56	static
sensor_service.c:199:12:Add_ConsoleW2ST_Service	56	static
sensor_service.c:247:12:Stderr_Update	32	static
sensor_service.c:279:12:Term_Update	32	static
sensor_service.c:310:19:Stderr_Update_AfterRead	24	static
sensor_service.c:327:19:Term_Update_AfterRead	32	static
sensor_service.c:350:12:Config_Notify	56	static
sensor_service.c:378:12:AccEvent_Notify	48	static
sensor_service.c:404:12:Add_HWServW2ST_Service	56	static
sensor_service.c:540:12:AccGyroMag_Update	72	static
sensor_service.c:586:12:Environmental_Update	64	static
sensor_service.c:639:12:Batt_Environmental_Update	64	static
sensor_service.c:691:12:ARMING_Update	40	static
sensor_service.c:777:6:setConnectable	88	static
sensor_service.c:864:13:GAP_ConnectionComplete_CB	40	static
sensor_service.c:891:13:GAP_DisconnectionComplete_CB	8	static
sensor_service.c:930:6:Read_Request_CB	48	static
sensor_service.c:1016:6:Attribute_Modified_CB	32	static
sensor_service.c:1280:17:DebugConsoleCommandParsing	128	static
sensor_service.c:1553:17:ConfigCommandParsing	24	static
sensor_service.c:1757:6:HCI_Event_CB	48	static
sensor_service.c:1812:13:Error_Handler	4	static
sensor_service.c:1816:13:DisableHWFeatures	4	static
