sensor_service.c:116:12:safe_aci_gatt_update_char_value	40	static
sensor_service.c:147:12:Add_ConfigW2ST_Service	56	static
sensor_service.c:183:12:Add_ConsoleW2ST_Service	56	static
sensor_service.c:231:12:Stderr_Update	32	static
sensor_service.c:263:12:Term_Update	32	static
sensor_service.c:294:19:Stderr_Update_AfterRead	24	static
sensor_service.c:311:19:Term_Update_AfterRead	32	static
sensor_service.c:334:12:Config_Notify	56	static
sensor_service.c:362:12:AccEvent_Notify	48	static
sensor_service.c:388:12:Add_HWServW2ST_Service	56	static
sensor_service.c:532:12:AccGyroMag_Update	72	static
sensor_service.c:578:12:Batt_Env_RSSI_Update	64	static
sensor_service.c:621:12:ARMING_Update	40	static
sensor_service.c:650:6:setConnectable	88	static
sensor_service.c:712:13:GAP_ConnectionComplete_CB	40	static
sensor_service.c:739:13:GAP_DisconnectionComplete_CB	8	static
sensor_service.c:763:6:Read_Request_CB	48	static
sensor_service.c:813:6:Attribute_Modified_CB	32	static
sensor_service.c:915:17:DebugConsoleCommandParsing	136	static
sensor_service.c:1110:17:ConfigCommandParsing	24	static
sensor_service.c:1123:6:HCI_Event_CB	48	static
sensor_service.c:1179:13:DisableHWFeatures	4	static
