usbd_conf.c:58:6:HAL_PCD_MspInit	40	static
usbd_conf.c:90:6:HAL_PCD_MspDeInit	16	static
usbd_conf.c:120:6:HAL_PCD_SetupStageCallback	16	static
usbd_conf.c:131:6:HAL_PCD_DataOutStageCallback	16	static
usbd_conf.c:142:6:HAL_PCD_DataInStageCallback	16	static
usbd_conf.c:152:6:HAL_PCD_SOFCallback	16	static
usbd_conf.c:162:6:HAL_PCD_ResetCallback	24	static
usbd_conf.c:192:6:HAL_PCD_SuspendCallback	16	static
usbd_conf.c:213:6:HAL_PCD_ResumeCallback	16	static
usbd_conf.c:226:6:HAL_PCD_ISOOUTIncompleteCallback	16	static
usbd_conf.c:237:6:HAL_PCD_ISOINIncompleteCallback	16	static
usbd_conf.c:247:6:HAL_PCD_ConnectCallback	16	static
usbd_conf.c:257:6:HAL_PCD_DisconnectCallback	16	static
usbd_conf.c:270:21:USBD_LL_Init	16	static
usbd_conf.c:303:21:USBD_LL_DeInit	16	static
usbd_conf.c:314:21:USBD_LL_Start	16	static
usbd_conf.c:325:21:USBD_LL_Stop	16	static
usbd_conf.c:339:21:USBD_LL_OpenEP	16	static
usbd_conf.c:359:21:USBD_LL_CloseEP	16	static
usbd_conf.c:372:21:USBD_LL_FlushEP	16	static
usbd_conf.c:385:21:USBD_LL_StallEP	16	static
usbd_conf.c:398:21:USBD_LL_ClearStallEP	16	static
usbd_conf.c:411:9:USBD_LL_IsStallEP	24	static
usbd_conf.c:430:21:USBD_LL_SetUSBAddress	16	static
usbd_conf.c:445:21:USBD_LL_Transmit	24	static
usbd_conf.c:463:21:USBD_LL_PrepareReceive	24	static
usbd_conf.c:479:10:USBD_LL_GetRxDataSize	16	static
usbd_conf.c:525:7:USBD_LL_Delay	16	static
