bluenrg_gatt_aci.c:31:12:aci_gatt_init	40	static
bluenrg_gatt_aci.c:48:12:aci_gatt_add_serv	72	static
bluenrg_gatt_aci.c:97:12:aci_gatt_include_service	80	static
bluenrg_gatt_aci.c:153:12:aci_gatt_add_char	80	static
bluenrg_gatt_aci.c:226:12:aci_gatt_add_char_desc	184	static
bluenrg_gatt_aci.c:316:12:aci_gatt_update_char_value	184	static
bluenrg_gatt_aci.c:365:12:aci_gatt_del_char	48	static
bluenrg_gatt_aci.c:388:12:aci_gatt_del_service	48	static
bluenrg_gatt_aci.c:410:12:aci_gatt_del_include_service	48	static
bluenrg_gatt_aci.c:433:12:aci_gatt_set_event_mask	48	static
bluenrg_gatt_aci.c:455:12:aci_gatt_exchange_configuration	48	static
bluenrg_gatt_aci.c:478:12:aci_att_find_information_req	48	static
bluenrg_gatt_aci.c:502:12:aci_att_find_by_type_value_req	80	static
bluenrg_gatt_aci.c:533:12:aci_att_read_by_type_req	80	static
bluenrg_gatt_aci.c:568:12:aci_att_read_by_group_type_req	80	static
bluenrg_gatt_aci.c:603:12:aci_att_prepare_write_req	80	static
bluenrg_gatt_aci.c:633:12:aci_att_execute_write_req	48	static
bluenrg_gatt_aci.c:656:12:aci_gatt_disc_all_prim_services	48	static
bluenrg_gatt_aci.c:679:12:aci_gatt_disc_prim_service_by_uuid	64	static
bluenrg_gatt_aci.c:712:12:aci_gatt_find_included_services	48	static
bluenrg_gatt_aci.c:738:12:aci_gatt_disc_all_charac_of_serv	48	static
bluenrg_gatt_aci.c:764:12:aci_gatt_disc_charac_by_uuid	80	static
bluenrg_gatt_aci.c:814:12:aci_gatt_disc_all_charac_descriptors	48	static
bluenrg_gatt_aci.c:840:12:aci_gatt_read_charac_val	48	static
bluenrg_gatt_aci.c:864:12:aci_gatt_read_using_charac_uuid	80	static
bluenrg_gatt_aci.c:899:12:aci_gatt_read_long_charac_val	48	static
bluenrg_gatt_aci.c:925:12:aci_gatt_read_multiple_charac_val	176	static
bluenrg_gatt_aci.c:956:12:aci_gatt_write_charac_value	184	static
bluenrg_gatt_aci.c:996:12:aci_gatt_write_long_charac_val	184	static
bluenrg_gatt_aci.c:1027:12:aci_gatt_write_charac_reliable	184	static
bluenrg_gatt_aci.c:1058:12:aci_gatt_write_long_charac_desc	184	static
bluenrg_gatt_aci.c:1089:12:aci_gatt_read_long_charac_desc	48	static
bluenrg_gatt_aci.c:1115:12:aci_gatt_write_charac_descriptor	184	static
bluenrg_gatt_aci.c:1155:12:aci_gatt_read_charac_desc	48	static
bluenrg_gatt_aci.c:1179:12:aci_gatt_write_without_response	80	static
bluenrg_gatt_aci.c:1208:12:aci_gatt_signed_write_without_resp	64	static
bluenrg_gatt_aci.c:1237:12:aci_gatt_confirm_indication	48	static
bluenrg_gatt_aci.c:1259:12:aci_gatt_write_response	184	static
bluenrg_gatt_aci.c:1312:12:aci_gatt_allow_read	48	static
bluenrg_gatt_aci.c:1334:12:aci_gatt_set_security_permission	56	static
bluenrg_gatt_aci.c:1359:12:aci_gatt_set_desc_value	184	static
bluenrg_gatt_aci.c:1409:12:aci_gatt_read_handle_value	184	static
bluenrg_gatt_aci.c:1441:12:aci_gatt_read_handle_value_offset_IDB05A1	184	static
bluenrg_gatt_aci.c:1474:12:aci_gatt_update_char_value_ext_IDB05A1	184	static
