bluenrg_gap_aci.c:30:12:aci_gap_init_IDB05A1	56	static
bluenrg_gap_aci.c:64:12:aci_gap_init_IDB04A1	64	static
bluenrg_gap_aci.c:96:12:aci_gap_set_non_discoverable	40	static
bluenrg_gap_aci.c:113:12:aci_gap_set_limited_discoverable	96	static
bluenrg_gap_aci.c:176:12:aci_gap_set_discoverable	96	static
bluenrg_gap_aci.c:244:12:aci_gap_set_direct_connectable_IDB05A1	64	static
bluenrg_gap_aci.c:273:12:aci_gap_set_direct_connectable_IDB04A1	56	static
bluenrg_gap_aci.c:297:12:aci_gap_set_io_capability	48	static
bluenrg_gap_aci.c:319:12:aci_gap_set_auth_requirement	72	static
bluenrg_gap_aci.c:359:12:aci_gap_set_author_requirement	48	static
bluenrg_gap_aci.c:382:12:aci_gap_pass_key_response	56	static
bluenrg_gap_aci.c:406:12:aci_gap_authorization_response	48	static
bluenrg_gap_aci.c:429:12:aci_gap_set_non_connectable_IDB05A1	48	static
bluenrg_gap_aci.c:452:12:aci_gap_set_non_connectable_IDB04A1	48	static
bluenrg_gap_aci.c:474:12:aci_gap_set_undirected_connectable	48	static
bluenrg_gap_aci.c:497:12:aci_gap_slave_security_request	48	static
bluenrg_gap_aci.c:523:12:aci_gap_update_adv_data	80	static
bluenrg_gap_aci.c:553:12:aci_gap_delete_ad_type	48	static
bluenrg_gap_aci.c:575:12:aci_gap_get_security_level	56	static
bluenrg_gap_aci.c:604:12:aci_gap_configure_whitelist	40	static
bluenrg_gap_aci.c:621:12:aci_gap_terminate	48	static
bluenrg_gap_aci.c:645:12:aci_gap_clear_security_database	40	static
bluenrg_gap_aci.c:662:12:aci_gap_allow_rebond_IDB05A1	48	static
bluenrg_gap_aci.c:684:12:aci_gap_allow_rebond_IDB04A1	40	static
bluenrg_gap_aci.c:701:12:aci_gap_start_limited_discovery_proc	64	static
bluenrg_gap_aci.c:728:12:aci_gap_start_general_discovery_proc	64	static
bluenrg_gap_aci.c:756:12:aci_gap_start_name_discovery_proc	80	static
bluenrg_gap_aci.c:794:12:aci_gap_start_auto_conn_establish_proc_IDB05A1	184	static
bluenrg_gap_aci.c:866:12:aci_gap_start_auto_conn_establish_proc_IDB04A1	184	static
bluenrg_gap_aci.c:946:12:aci_gap_start_general_conn_establish_proc_IDB05A1	64	static
bluenrg_gap_aci.c:974:12:aci_gap_start_general_conn_establish_proc_IDB04A1	72	static
bluenrg_gap_aci.c:1004:12:aci_gap_start_selective_conn_establish_proc	184	static
bluenrg_gap_aci.c:1039:12:aci_gap_create_connection	80	static
bluenrg_gap_aci.c:1077:12:aci_gap_terminate_gap_procedure	48	static
bluenrg_gap_aci.c:1097:12:aci_gap_start_connection_update	72	static
bluenrg_gap_aci.c:1129:12:aci_gap_send_pairing_request	48	static
bluenrg_gap_aci.c:1153:12:aci_gap_resolve_private_address_IDB05A1	56	static
bluenrg_gap_aci.c:1180:12:aci_gap_resolve_private_address_IDB04A1	56	static
bluenrg_gap_aci.c:1202:12:aci_gap_set_broadcast_mode	184	static
bluenrg_gap_aci.c:1242:12:aci_gap_start_observation_procedure	64	static
bluenrg_gap_aci.c:1270:12:aci_gap_is_device_bonded	56	static
bluenrg_gap_aci.c:1293:12:aci_gap_get_bonded_devices	176	static
