steval_fcu001_v1_temperature.c:91:18:BSP_TEMPERATURE_Init	16	static
steval_fcu001_v1_temperature.c:106:25:BSP_LPS22HB_TEMPERATURE_Init	24	static
steval_fcu001_v1_temperature.c:196:18:BSP_TEMPERATURE_DeInit	24	static
steval_fcu001_v1_temperature.c:232:18:BSP_TEMPERATURE_Sensor_Enable	24	static
steval_fcu001_v1_temperature.c:266:18:BSP_TEMPERATURE_Sensor_Disable	24	static
steval_fcu001_v1_temperature.c:300:18:BSP_TEMPERATURE_IsInitialized	24	static
steval_fcu001_v1_temperature.c:327:18:BSP_TEMPERATURE_IsEnabled	24	static
steval_fcu001_v1_temperature.c:354:18:BSP_TEMPERATURE_IsCombo	24	static
steval_fcu001_v1_temperature.c:381:18:BSP_TEMPERATURE_Get_Instance	24	static
steval_fcu001_v1_temperature.c:409:18:BSP_TEMPERATURE_Get_WhoAmI	24	static
steval_fcu001_v1_temperature.c:446:18:BSP_TEMPERATURE_Check_WhoAmI	24	static
steval_fcu001_v1_temperature.c:480:18:BSP_TEMPERATURE_Get_Temp	24	static
steval_fcu001_v1_temperature.c:518:18:BSP_TEMPERATURE_Get_ODR	24	static
steval_fcu001_v1_temperature.c:556:18:BSP_TEMPERATURE_Set_ODR	24	static
steval_fcu001_v1_temperature.c:590:18:BSP_TEMPERATURE_Set_ODR_Value	24	static
steval_fcu001_v1_temperature.c:625:18:BSP_TEMPERATURE_Read_Reg	32	static
steval_fcu001_v1_temperature.c:665:18:BSP_TEMPERATURE_Write_Reg	24	static
steval_fcu001_v1_temperature.c:699:18:BSP_TEMPERATURE_Get_DRDY_Status	24	static
