stm32f4xx_hal_spi.c:258:19:HAL_SPI_Init	16	static
stm32f4xx_hal_spi.c:340:19:HAL_SPI_DeInit	16	static
stm32f4xx_hal_spi.c:374:13:HAL_SPI_MspInit	16	static
stm32f4xx_hal_spi.c:389:13:HAL_SPI_MspDeInit	16	static
stm32f4xx_hal_spi.c:444:19:HAL_SPI_Transmit	48	static
stm32f4xx_hal_spi.c:614:19:HAL_SPI_Receive	40	static
stm32f4xx_hal_spi.c:810:19:HAL_SPI_TransmitReceive	56	static
stm32f4xx_hal_spi.c:1033:19:HAL_SPI_Transmit_IT	32	static
stm32f4xx_hal_spi.c:1123:19:HAL_SPI_Receive_IT	32	static
stm32f4xx_hal_spi.c:1215:19:HAL_SPI_TransmitReceive_IT	40	static
stm32f4xx_hal_spi.c:1301:19:HAL_SPI_Transmit_DMA	32	static
stm32f4xx_hal_spi.c:1394:19:HAL_SPI_Receive_DMA	32	static
stm32f4xx_hal_spi.c:1491:19:HAL_SPI_TransmitReceive_DMA	40	static
stm32f4xx_hal_spi.c:1604:19:HAL_SPI_DMAPause	16	static
stm32f4xx_hal_spi.c:1624:19:HAL_SPI_DMAResume	16	static
stm32f4xx_hal_spi.c:1644:19:HAL_SPI_DMAStop	16	static
stm32f4xx_hal_spi.c:1675:6:HAL_SPI_IRQHandler	40	static
stm32f4xx_hal_spi.c:1771:13:HAL_SPI_TxCpltCallback	16	static
stm32f4xx_hal_spi.c:1786:13:HAL_SPI_RxCpltCallback	16	static
stm32f4xx_hal_spi.c:1801:13:HAL_SPI_TxRxCpltCallback	16	static
stm32f4xx_hal_spi.c:1816:13:HAL_SPI_TxHalfCpltCallback	16	static
stm32f4xx_hal_spi.c:1831:13:HAL_SPI_RxHalfCpltCallback	16	static
stm32f4xx_hal_spi.c:1846:13:HAL_SPI_TxRxHalfCpltCallback	16	static
stm32f4xx_hal_spi.c:1861:14:HAL_SPI_ErrorCallback	16	static
stm32f4xx_hal_spi.c:1898:22:HAL_SPI_GetState	16	static
stm32f4xx_hal_spi.c:1910:10:HAL_SPI_GetError	16	static
stm32f4xx_hal_spi.c:1935:13:SPI_DMATransmitCplt	32	static
stm32f4xx_hal_spi.c:1979:13:SPI_DMAReceiveCplt	24	static
stm32f4xx_hal_spi.c:2045:13:SPI_DMATransmitReceiveCplt	24	static
stm32f4xx_hal_spi.c:2109:13:SPI_DMAHalfTransmitCplt	24	static
stm32f4xx_hal_spi.c:2122:13:SPI_DMAHalfReceiveCplt	24	static
stm32f4xx_hal_spi.c:2135:13:SPI_DMAHalfTransmitReceiveCplt	24	static
stm32f4xx_hal_spi.c:2148:13:SPI_DMAError	24	static
stm32f4xx_hal_spi.c:2166:13:SPI_DMAAbortOnError	24	static
stm32f4xx_hal_spi.c:2181:13:SPI_2linesRxISR_8BIT	16	static
stm32f4xx_hal_spi.c:2242:13:SPI_2linesTxISR_8BIT	16	static
stm32f4xx_hal_spi.c:2275:13:SPI_2linesRxISR_16BIT	16	static
stm32f4xx_hal_spi.c:2333:13:SPI_2linesTxISR_16BIT	16	static
stm32f4xx_hal_spi.c:2389:13:SPI_RxISR_8BIT	16	static
stm32f4xx_hal_spi.c:2445:13:SPI_RxISR_16BIT	16	static
stm32f4xx_hal_spi.c:2478:13:SPI_TxISR_8BIT	16	static
stm32f4xx_hal_spi.c:2502:13:SPI_TxISR_16BIT	16	static
stm32f4xx_hal_spi.c:2532:26:SPI_WaitFlagStateUntilTimeout	24	static
stm32f4xx_hal_spi.c:2579:26:SPI_CheckFlag_BSY	32	static
stm32f4xx_hal_spi.c:2596:13:SPI_CloseRxTx_ISR	32	static
stm32f4xx_hal_spi.c:2670:13:SPI_CloseRx_ISR	24	static
stm32f4xx_hal_spi.c:2719:13:SPI_CloseTx_ISR	32	static
