Archive member included to satisfy reference by file (symbol)

c:/program files (x86)/atollic/truestudio for stm32 9.0.0/armtools/bin/../lib/gcc/arm-atollic-eabi/6.3.1/../../../../arm-atollic-eabi/lib/armv7e-m/fpu\libc_nano.a(lib_a-init.o)
                              Application\TrueSTUDIO\startup_stm32f401xc.o (__libc_init_array)
c:/program files (x86)/atollic/truestudio for stm32 9.0.0/armtools/bin/../lib/gcc/arm-atollic-eabi/6.3.1/../../../../arm-atollic-eabi/lib/armv7e-m/fpu\libc_nano.a(lib_a-malloc.o)
                              Middlewares\USB_Device_Library\usbd_cdc.o (malloc)
c:/program files (x86)/atollic/truestudio for stm32 9.0.0/armtools/bin/../lib/gcc/arm-atollic-eabi/6.3.1/../../../../arm-atollic-eabi/lib/armv7e-m/fpu\libc_nano.a(lib_a-memcmp.o)
                              Middlewares\STM32_BlueNRG\HCI\Controller\bluenrg_utils.o (memcmp)
c:/program files (x86)/atollic/truestudio for stm32 9.0.0/armtools/bin/../lib/gcc/arm-atollic-eabi/6.3.1/../../../../arm-atollic-eabi/lib/armv7e-m/fpu\libc_nano.a(lib_a-memcpy-stub.o)
                              Application\User\sensor_service.o (memcpy)
c:/program files (x86)/atollic/truestudio for stm32 9.0.0/armtools/bin/../lib/gcc/arm-atollic-eabi/6.3.1/../../../../arm-atollic-eabi/lib/armv7e-m/fpu\libc_nano.a(lib_a-memset.o)
                              Drivers\Board\steval_fcu001_v1_accelero.o (memset)
c:/program files (x86)/atollic/truestudio for stm32 9.0.0/armtools/bin/../lib/gcc/arm-atollic-eabi/6.3.1/../../../../arm-atollic-eabi/lib/armv7e-m/fpu\libc_nano.a(lib_a-nano-freer.o)
                              c:/program files (x86)/atollic/truestudio for stm32 9.0.0/armtools/bin/../lib/gcc/arm-atollic-eabi/6.3.1/../../../../arm-atollic-eabi/lib/armv7e-m/fpu\libc_nano.a(lib_a-malloc.o) (_free_r)
c:/program files (x86)/atollic/truestudio for stm32 9.0.0/armtools/bin/../lib/gcc/arm-atollic-eabi/6.3.1/../../../../arm-atollic-eabi/lib/armv7e-m/fpu\libc_nano.a(lib_a-nano-mallocr.o)
                              c:/program files (x86)/atollic/truestudio for stm32 9.0.0/armtools/bin/../lib/gcc/arm-atollic-eabi/6.3.1/../../../../arm-atollic-eabi/lib/armv7e-m/fpu\libc_nano.a(lib_a-malloc.o) (_malloc_r)
c:/program files (x86)/atollic/truestudio for stm32 9.0.0/armtools/bin/../lib/gcc/arm-atollic-eabi/6.3.1/../../../../arm-atollic-eabi/lib/armv7e-m/fpu\libc_nano.a(lib_a-sbrkr.o)
                              c:/program files (x86)/atollic/truestudio for stm32 9.0.0/armtools/bin/../lib/gcc/arm-atollic-eabi/6.3.1/../../../../arm-atollic-eabi/lib/armv7e-m/fpu\libc_nano.a(lib_a-nano-mallocr.o) (_sbrk_r)
c:/program files (x86)/atollic/truestudio for stm32 9.0.0/armtools/bin/../lib/gcc/arm-atollic-eabi/6.3.1/../../../../arm-atollic-eabi/lib/armv7e-m/fpu\libc_nano.a(lib_a-sprintf.o)
                              Application\User\sensor_service.o (sprintf)
c:/program files (x86)/atollic/truestudio for stm32 9.0.0/armtools/bin/../lib/gcc/arm-atollic-eabi/6.3.1/../../../../arm-atollic-eabi/lib/armv7e-m/fpu\libc_nano.a(lib_a-strncmp.o)
                              Application\User\sensor_service.o (strncmp)
c:/program files (x86)/atollic/truestudio for stm32 9.0.0/armtools/bin/../lib/gcc/arm-atollic-eabi/6.3.1/../../../../arm-atollic-eabi/lib/armv7e-m/fpu\libc_nano.a(lib_a-vsnprintf.o)
                              Application\User\debug.o (vsnprintf)
c:/program files (x86)/atollic/truestudio for stm32 9.0.0/armtools/bin/../lib/gcc/arm-atollic-eabi/6.3.1/../../../../arm-atollic-eabi/lib/armv7e-m/fpu\libc_nano.a(lib_a-impure.o)
                              c:/program files (x86)/atollic/truestudio for stm32 9.0.0/armtools/bin/../lib/gcc/arm-atollic-eabi/6.3.1/../../../../arm-atollic-eabi/lib/armv7e-m/fpu\libc_nano.a(lib_a-malloc.o) (_impure_ptr)
c:/program files (x86)/atollic/truestudio for stm32 9.0.0/armtools/bin/../lib/gcc/arm-atollic-eabi/6.3.1/../../../../arm-atollic-eabi/lib/armv7e-m/fpu\libc_nano.a(lib_a-mlock.o)
                              c:/program files (x86)/atollic/truestudio for stm32 9.0.0/armtools/bin/../lib/gcc/arm-atollic-eabi/6.3.1/../../../../arm-atollic-eabi/lib/armv7e-m/fpu\libc_nano.a(lib_a-nano-freer.o) (__malloc_lock)
c:/program files (x86)/atollic/truestudio for stm32 9.0.0/armtools/bin/../lib/gcc/arm-atollic-eabi/6.3.1/../../../../arm-atollic-eabi/lib/armv7e-m/fpu\libc_nano.a(lib_a-nano-svfprintf.o)
                              c:/program files (x86)/atollic/truestudio for stm32 9.0.0/armtools/bin/../lib/gcc/arm-atollic-eabi/6.3.1/../../../../arm-atollic-eabi/lib/armv7e-m/fpu\libc_nano.a(lib_a-sprintf.o) (_svfprintf_r)
c:/program files (x86)/atollic/truestudio for stm32 9.0.0/armtools/bin/../lib/gcc/arm-atollic-eabi/6.3.1/../../../../arm-atollic-eabi/lib/armv7e-m/fpu\libc_nano.a(lib_a-nano-vfprintf_i.o)
                              c:/program files (x86)/atollic/truestudio for stm32 9.0.0/armtools/bin/../lib/gcc/arm-atollic-eabi/6.3.1/../../../../arm-atollic-eabi/lib/armv7e-m/fpu\libc_nano.a(lib_a-nano-svfprintf.o) (_printf_i)
[...]
Memory Configuration

Name             Origin             Length             Attributes
RAM              0x20000000         0x00010000         xrw
FLASH            0x08000000         0x00040000         xr
*default*        0x00000000         0xffffffff

Linker script and memory map

LOAD c:/program files (x86)/atollic/truestudio for stm32 9.0.0/armtools/bin/../lib/gcc/arm-atollic-eabi/6.3.1/armv7e-m/fpu/crti.o
LOAD c:/program files (x86)/atollic/truestudio for stm32 9.0.0/armtools/bin/../lib/gcc/arm-atollic-eabi/6.3.1/armv7e-m/fpu/crtbegin.o
LOAD Application\TrueSTUDIO\startup_stm32f401xc.o
LOAD Application\User\ahrs.o
LOAD Application\User\basic_math.o
LOAD Application\User\console.o
LOAD Application\User\debug.o
LOAD Application\User\flight_control.o
LOAD Application\User\main.o
LOAD Application\User\motor.o
LOAD Application\User\quaternion.o
LOAD Application\User\rc.o
LOAD Application\User\sensor_data.o
LOAD Application\User\sensor_service.o
LOAD Application\User\stm32f4xx_hal_msp.o
LOAD Application\User\stm32f4xx_it.o
LOAD Application\User\timer.o
LOAD Application\User\usb_device.o
LOAD Application\User\usbd_cdc_if.o
LOAD Application\User\usbd_conf.o
LOAD Application\User\usbd_desc.o
LOAD Drivers\Board\steval_fcu001_v1.o
LOAD Drivers\Board\steval_fcu001_v1_accelero.o
LOAD Drivers\Board\steval_fcu001_v1_gyro.o
LOAD Drivers\Board\steval_fcu001_v1_magneto.o
LOAD Drivers\Board\steval_fcu001_v1_pressure.o
LOAD Drivers\CMSIS\system_stm32f4xx.o
LOAD Drivers\Components\LIS2MDL_MAG_driver.o
LOAD Drivers\Components\LIS2MDL_MAG_driver_HL.o
LOAD Drivers\Components\LIS3MDL_MAG_driver.o
LOAD Drivers\Components\LIS3MDL_MAG_driver_HL.o
LOAD Drivers\Components\LPS22HB_Driver.o
LOAD Drivers\Components\LPS22HB_Driver_HL.o
LOAD Drivers\Components\LSM303AGR_ACC_driver.o
LOAD Drivers\Components\LSM303AGR_ACC_driver_HL.o
LOAD Drivers\Components\LSM303AGR_MAG_driver.o
LOAD Drivers\Components\LSM303AGR_MAG_driver_HL.o
LOAD Drivers\Components\LSM6DSL_ACC_GYRO_driver.o
LOAD Drivers\Components\LSM6DSL_ACC_GYRO_driver_HL.o
LOAD Drivers\Components\SPBTLE_RF.o
LOAD Drivers\STM32F4xx_HAL_Driver\stm32f4xx_hal.o
LOAD Drivers\STM32F4xx_HAL_Driver\stm32f4xx_hal_adc.o
LOAD Drivers\STM32F4xx_HAL_Driver\stm32f4xx_hal_adc_ex.o
LOAD Drivers\STM32F4xx_HAL_Driver\stm32f4xx_hal_cortex.o
LOAD Drivers\STM32F4xx_HAL_Driver\stm32f4xx_hal_dma.o
LOAD Drivers\STM32F4xx_HAL_Driver\stm32f4xx_hal_dma_ex.o
LOAD Drivers\STM32F4xx_HAL_Driver\stm32f4xx_hal_flash.o
LOAD Drivers\STM32F4xx_HAL_Driver\stm32f4xx_hal_flash_ex.o
LOAD Drivers\STM32F4xx_HAL_Driver\stm32f4xx_hal_flash_ramfunc.o
LOAD Drivers\STM32F4xx_HAL_Driver\stm32f4xx_hal_gpio.o
LOAD Drivers\STM32F4xx_HAL_Driver\stm32f4xx_hal_pcd.o
LOAD Drivers\STM32F4xx_HAL_Driver\stm32f4xx_hal_pcd_ex.o
LOAD Drivers\STM32F4xx_HAL_Driver\stm32f4xx_hal_pwr.o
LOAD Drivers\STM32F4xx_HAL_Driver\stm32f4xx_hal_pwr_ex.o
LOAD Drivers\STM32F4xx_HAL_Driver\stm32f4xx_hal_rcc.o
LOAD Drivers\STM32F4xx_HAL_Driver\stm32f4xx_hal_rcc_ex.o
LOAD Drivers\STM32F4xx_HAL_Driver\stm32f4xx_hal_spi.o
LOAD Drivers\STM32F4xx_HAL_Driver\stm32f4xx_hal_tim.o
LOAD Drivers\STM32F4xx_HAL_Driver\stm32f4xx_hal_tim_ex.o
LOAD Drivers\STM32F4xx_HAL_Driver\stm32f4xx_hal_uart.o
LOAD Drivers\STM32F4xx_HAL_Driver\stm32f4xx_ll_usb.o
LOAD Middlewares\STM32_BlueNRG\HCI\Controller\bluenrg_gap_aci.o
LOAD Middlewares\STM32_BlueNRG\HCI\Controller\bluenrg_gatt_aci.o
LOAD Middlewares\STM32_BlueNRG\HCI\Controller\bluenrg_hal_aci.o
LOAD Middlewares\STM32_BlueNRG\HCI\Controller\bluenrg_l2cap_aci.o
LOAD Middlewares\STM32_BlueNRG\HCI\Controller\bluenrg_utils.o
LOAD Middlewares\STM32_BlueNRG\HCI\hci.o
LOAD Middlewares\STM32_BlueNRG\Interface\bluenrg_itf_template.o
LOAD Middlewares\STM32_BlueNRG\Utils\ble_list.o
LOAD Middlewares\STM32_BlueNRG\Utils\gp_timer.o
LOAD Middlewares\STM32_BlueNRG\Utils\osal.o
LOAD Middlewares\USB_Device_Library\usbd_cdc.o
LOAD Middlewares\USB_Device_Library\usbd_core.o
LOAD Middlewares\USB_Device_Library\usbd_ctlreq.o
LOAD Middlewares\USB_Device_Library\usbd_ioreq.o
                0x00000080                malloc_getpagesize_P = 0x80
START GROUP
LOAD c:/program files (x86)/atollic/truestudio for stm32 9.0.0/armtools/bin/../lib/gcc/arm-atollic-eabi/6.3.1/../../../../arm-atollic-eabi/lib/armv7e-m/fpu\libc_nano.a
LOAD c:/program files (x86)/atollic/truestudio for stm32 9.0.0/armtools/bin/../lib/gcc/arm-atollic-eabi/6.3.1/../../../../arm-atollic-eabi/lib/armv7e-m/fpu\libm.a
END GROUP
START GROUP
LOAD c:/program files (x86)/atollic/truestudio for stm32 9.0.0/armtools/bin/../lib/gcc/arm-atollic-eabi/6.3.1/armv7e-m/fpu\libgcc.a
LOAD c:/program files (x86)/atollic/truestudio for stm32 9.0.0/armtools/bin/../lib/gcc/arm-atollic-eabi/6.3.1/../../../../arm-atollic-eabi/lib/armv7e-m/fpu\libc_nano.a
END GROUP
START GROUP
LOAD c:/program files (x86)/atollic/truestudio for stm32 9.0.0/armtools/bin/../lib/gcc/arm-atollic-eabi/6.3.1/armv7e-m/fpu\libgcc.a
LOAD c:/program files (x86)/atollic/truestudio for stm32 9.0.0/armtools/bin/../lib/gcc/arm-atollic-eabi/6.3.1/../../../../arm-atollic-eabi/lib/armv7e-m/fpu\libc_nano.a
LOAD c:/program files (x86)/atollic/truestudio for stm32 9.0.0/armtools/bin/../lib/gcc/arm-atollic-eabi/6.3.1/../../../../arm-atollic-eabi/lib/armv7e-m/fpu\libnosys.a
END GROUP
START GROUP
LOAD c:/program files (x86)/atollic/truestudio for stm32 9.0.0/armtools/bin/../lib/gcc/arm-atollic-eabi/6.3.1/armv7e-m/fpu\libgcc.a
LOAD c:/program files (x86)/atollic/truestudio for stm32 9.0.0/armtools/bin/../lib/gcc/arm-atollic-eabi/6.3.1/../../../../arm-atollic-eabi/lib/armv7e-m/fpu\libc_nano.a
LOAD c:/program files (x86)/atollic/truestudio for stm32 9.0.0/armtools/bin/../lib/gcc/arm-atollic-eabi/6.3.1/../../../../arm-atollic-eabi/lib/armv7e-m/fpu\libnosys.a
END GROUP
LOAD c:/program files (x86)/atollic/truestudio for stm32 9.0.0/armtools/bin/../lib/gcc/arm-atollic-eabi/6.3.1/armv7e-m/fpu/crtend.o
LOAD c:/program files (x86)/atollic/truestudio for stm32 9.0.0/armtools/bin/../lib/gcc/arm-atollic-eabi/6.3.1/armv7e-m/fpu/crtn.o
                0x20010000                _estack = 0x20010000
                0x00004000                _Min_Heap_Size = 0x4000
                0x00004000                _Min_Stack_Size = 0x4000

.isr_vector     0x08000000      0x194
                0x08000000                . = ALIGN (0x4)
 *(.isr_vector)
 .isr_vector    0x08000000      0x194 Application\TrueSTUDIO\startup_stm32f401xc.o
                0x08000000                g_pfnVectors
                0x08000194                . = ALIGN (0x4)

.text           0x080001a0    0x17350
                0x080001a0                . = ALIGN (0x4)
 *(.text)
 .text          0x080001a0       0x40 c:/program files (x86)/atollic/truestudio for stm32 9.0.0/armtools/bin/../lib/gcc/arm-atollic-eabi/6.3.1/armv7e-m/fpu/crtbegin.o
 .text          0x080001e0       0xa0 c:/program files (x86)/atollic/truestudio for stm32 9.0.0/armtools/bin/../lib/gcc/arm-atollic-eabi/6.3.1/../../../../arm-atollic-eabi/lib/armv7e-m/fpu\libc_nano.a(lib_a-memchr.o)
                0x080001e0                memchr
 .text          0x08000280      0x370 c:/program files (x86)/atollic/truestudio for stm32 9.0.0/armtools/bin/../lib/gcc/arm-atollic-eabi/6.3.1/armv7e-m/fpu\libgcc.a(_arm_addsubdf3.o)
                0x08000280                __aeabi_drsub
                0x08000288                __aeabi_dsub
                0x08000288                __subdf3
                0x0800028c                __aeabi_dadd
                0x0800028c                __adddf3
                0x08000504                __floatunsidf
                0x08000504                __aeabi_ui2d
                0x08000524                __floatsidf
                0x08000524                __aeabi_i2d
                0x08000548                __aeabi_f2d
                0x08000548                __extendsfdf2
                0x08000584                __floatundidf
                0x08000584                __aeabi_ul2d
                0x08000594                __floatdidf
                0x08000594                __aeabi_l2d
 .text          0x080005f0      0x424 c:/program files (x86)/atollic/truestudio for stm32 9.0.0/armtools/bin/../lib/gcc/arm-atollic-eabi/6.3.1/armv7e-m/fpu\libgcc.a(_arm_muldivdf3.o)
                0x080005f0                __aeabi_dmul
                0x080005f0                __muldf3
                0x08000844                __divdf3
                0x08000844                __aeabi_ddiv
 .text          0x08000a14      0x110 c:/program files (x86)/atollic/truestudio for stm32 9.0.0/armtools/bin/../lib/gcc/arm-atollic-eabi/6.3.1/armv7e-m/fpu\libgcc.a(_arm_cmpdf2.o)
                0x08000a14                __gtdf2
                0x08000a14                __gedf2
                0x08000a1c                __ltdf2
                0x08000a1c                __ledf2
                0x08000a24                __nedf2
                0x08000a24                __eqdf2
                0x08000a24                __cmpdf2
                0x08000aa0                __aeabi_cdrcmple
                0x08000ab0                __aeabi_cdcmpeq
                0x08000ab0                __aeabi_cdcmple
                0x08000ac0                __aeabi_dcmpeq
                0x08000ad4                __aeabi_dcmplt
                0x08000ae8                __aeabi_dcmple
                0x08000afc                __aeabi_dcmpge
                0x08000b10                __aeabi_dcmpgt
 .text          0x08000b24       0x2c c:/program files (x86)/atollic/truestudio for stm32 9.0.0/armtools/bin/../lib/gcc/arm-atollic-eabi/6.3.1/armv7e-m/fpu\libgcc.a(_arm_unorddf2.o)
                0x08000b24                __unorddf2
                0x08000b24                __aeabi_dcmpun
 .text          0x08000b50       0x50 c:/program files (x86)/atollic/truestudio for stm32 9.0.0/armtools/bin/../lib/gcc/arm-atollic-eabi/6.3.1/armv7e-m/fpu\libgcc.a(_arm_fixdfsi.o)
                0x08000b50                __aeabi_d2iz
                0x08000b50                __fixdfsi
 .text          0x08000ba0       0x40 c:/program files (x86)/atollic/truestudio for stm32 9.0.0/armtools/bin/../lib/gcc/arm-atollic-eabi/6.3.1/armv7e-m/fpu\libgcc.a(_arm_fixunsdfsi.o)
                0x08000ba0                __aeabi_d2uiz
                0x08000ba0                __fixunsdfsi
 .text          0x08000be0       0xa0 c:/program files (x86)/atollic/truestudio for stm32 9.0.0/armtools/bin/../lib/gcc/arm-atollic-eabi/6.3.1/armv7e-m/fpu\libgcc.a(_arm_truncdfsf2.o)
                0x08000be0                __truncdfsf2
                0x08000be0                __aeabi_d2f
 .text          0x08000c80       0xa0 c:/program files (x86)/atollic/truestudio for stm32 9.0.0/armtools/bin/../lib/gcc/arm-atollic-eabi/6.3.1/armv7e-m/fpu\libgcc.a(_aeabi_ldivmod.o)
                0x08000c80                __aeabi_ldivmod
 .text          0x08000d20      0x2dc c:/program files (x86)/atollic/truestudio for stm32 9.0.0/armtools/bin/../lib/gcc/arm-atollic-eabi/6.3.1/armv7e-m/fpu\libgcc.a(_udivmoddi4.o)
                0x08000d20                __udivmoddi4
 .text          0x08000ffc        0x4 c:/program files (x86)/atollic/truestudio for stm32 9.0.0/armtools/bin/../lib/gcc/arm-atollic-eabi/6.3.1/armv7e-m/fpu\libgcc.a(_dvmd_tls.o)
                0x08000ffc                __aeabi_idiv0
                0x08000ffc                __aeabi_ldiv0
 *(.text*)
 .text.Reset_Handler
                0x08001000       0x50 Application\TrueSTUDIO\startup_stm32f401xc.o
                0x08001000                Reset_Handler
 .text.Default_Handler
                0x08001050        0x2 Application\TrueSTUDIO\startup_stm32f401xc.o
                0x08001050                RTC_Alarm_IRQHandler
                0x08001050                EXTI2_IRQHandler
                0x08001050                DebugMon_Handler
                0x08001050                SPI4_IRQHandler
                0x08001050                TIM1_CC_IRQHandler
                0x08001050                DMA2_Stream5_IRQHandler
                0x08001050                HardFault_Handler
                0x08001050                DMA1_Stream5_IRQHandler
                0x08001050                PVD_IRQHandler
                0x08001050                SDIO_IRQHandler
                0x08001050                TAMP_STAMP_IRQHandler
                0x08001050                PendSV_Handler
                0x08001050                NMI_Handler
                0x08001050                EXTI3_IRQHandler
                0x08001050                TIM1_UP_TIM10_IRQHandler
                0x08001050                I2C3_ER_IRQHandler
                0x08001050                EXTI0_IRQHandler
                0x08001050                I2C2_EV_IRQHandler
                0x08001050                DMA1_Stream2_IRQHandler
                0x08001050                FPU_IRQHandler
                0x08001050                UsageFault_Handler
                0x08001050                DMA2_Stream2_IRQHandler
                0x08001050                DMA2_Stream3_IRQHandler
                0x08001050                USART6_IRQHandler
                0x08001050                DMA2_Stream0_IRQHandler
                0x08001050                TIM4_IRQHandler
                0x08001050                I2C1_EV_IRQHandler
                0x08001050                DMA1_Stream6_IRQHandler
                0x08001050                DMA1_Stream1_IRQHandler
                0x08001050                TIM3_IRQHandler
                0x08001050                RCC_IRQHandler
                0x08001050                Default_Handler
                0x08001050                EXTI15_10_IRQHandler
                0x08001050                ADC_IRQHandler
                0x08001050                DMA1_Stream7_IRQHandler
                0x08001050                TIM5_IRQHandler
                0x08001050                DMA2_Stream7_IRQHandler
                0x08001050                I2C3_EV_IRQHandler
                0x08001050                EXTI9_5_IRQHandler
                0x08001050                RTC_WKUP_IRQHandler
                0x08001050                MemManage_Handler
                0x08001050                DMA1_Stream0_IRQHandler
                0x08001050                SVC_Handler
                0x08001050                WWDG_IRQHandler
                0x08001050                OTG_FS_WKUP_IRQHandler
                0x08001050                TIM1_TRG_COM_TIM11_IRQHandler
                0x08001050                EXTI1_IRQHandler
                0x08001050                USART2_IRQHandler
                0x08001050                I2C2_ER_IRQHandler
                0x08001050                DMA2_Stream1_IRQHandler
                0x08001050                FLASH_IRQHandler
                0x08001050                DMA2_Stream4_IRQHandler
                0x08001050                BusFault_Handler
                0x08001050                SPI3_IRQHandler
                0x08001050                DMA1_Stream4_IRQHandler
                0x08001050                I2C1_ER_IRQHandler
                0x08001050                DMA2_Stream6_IRQHandler
                0x08001050                DMA1_Stream3_IRQHandler
 *fill*         0x08001052        0x6 
 .text.ahrs_fusion_ag
                0x08001058      0x640 Application\User\ahrs.o
                0x08001058                ahrs_fusion_ag
 .text.invSqrt  0x08001698       0x78 Application\User\basic_math.o
                0x08001698                invSqrt
 .text.myprintf
                0x08001710       0x44 Application\User\debug.o
                0x08001710                myprintf
 .text.usart_puts
                0x08001754       0x28 Application\User\debug.o
                0x08001754                usart_puts
 .text.PIDControlInit
                0x0800177c       0xf4 Application\User\flight_control.o
                0x0800177c                PIDControlInit
 .text.FlightControlPID_OuterLoop
                0x08001870      0x238 Application\User\flight_control.o
                0x08001870                FlightControlPID_OuterLoop
 .text.FlightControlPID_innerLoop
                0x08001aa8      0x548 Application\User\flight_control.o
                0x08001aa8                FlightControlPID_innerLoop
 .text.main     0x08001ff0      0xa6c Application\User\main.o
                0x08001ff0                main
 .text.SystemClock_Config
                0x08002a5c       0xd0 Application\User\main.o
                0x08002a5c                SystemClock_Config
 .text.MX_ADC1_Init
                0x08002b2c       0x78 Application\User\main.o
 .text.MX_TIM2_Init
                0x08002ba4       0xa8 Application\User\main.o
 .text.MX_TIM4_Init
                0x08002c4c       0xa8 Application\User\main.o
 .text.MX_TIM9_Init
                0x08002cf4       0x4c Application\User\main.o
 .text.MX_USART1_UART_Init
                0x08002d40       0x48 Application\User\main.o
 .text.MX_GPIO_Init
                0x08002d88       0x88 Application\User\main.o
 .text.HAL_TIM_PeriodElapsedCallback
                0x08002e10      0xa2c Application\User\main.o
                0x08002e10                HAL_TIM_PeriodElapsedCallback
 .text.initializeAllSensors
                0x0800383c       0x58 Application\User\main.o
 .text.enableAllSensors
                0x08003894       0x68 Application\User\main.o
                0x08003894                enableAllSensors
 .text.BlueNRG_Init
                0x080038fc      0x264 Application\User\main.o
                0x080038fc                BlueNRG_Init
 .text.Init_BlueNRG_Custom_Services
                0x08003b60       0x7c Application\User\main.o
 *fill*         0x08003bdc        0x4 
 .text.SendBattEnvData
                0x08003be0      0x128 Application\User\main.o
 .text.SendArmingData
                0x08003d08       0x18 Application\User\main.o
 .text.set_motor_pwm
                0x08003d20      0x154 Application\User\motor.o
                0x08003d20                set_motor_pwm
 .text.set_motor_pwm_zero
                0x08003e74       0x34 Application\User\motor.o
                0x08003e74                set_motor_pwm_zero
 .text.QuaternionToEuler
                0x08003ea8      0x188 Application\User\quaternion.o
                0x08003ea8                QuaternionToEuler
 .text.init_remote_control
                0x08004030       0x60 Application\User\rc.o
                0x08004030                init_remote_control
 .text.init_rc_variables
                0x08004090       0x68 Application\User\rc.o
                0x08004090                init_rc_variables
 .text.HAL_TIM_IC_CaptureCallback
                0x080040f8       0x16 Application\User\rc.o
                0x080040f8                HAL_TIM_IC_CaptureCallback
 *fill*         0x0800410e        0x2 
 .text.HAL_SYSTICK_Callback
                0x08004110       0x3c Application\User\rc.o
                0x08004110                HAL_SYSTICK_Callback
 .text.update_rc_data
                0x0800414c       0xa0 Application\User\rc.o
                0x0800414c                update_rc_data
 .text.GetTargetEulerAngle
                0x080041ec      0x174 Application\User\rc.o
                0x080041ec                GetTargetEulerAngle
 .text.init_queue
                0x08004360       0x5e Application\User\rc.o
                0x08004360                init_queue
 .text.ReadSensorRawData
                0x080043be       0xa2 Application\User\sensor_data.o
                0x080043be                ReadSensorRawData
 .text.Add_ConfigW2ST_Service
                0x08004460       0xec Application\User\sensor_service.o
                0x08004460                Add_ConfigW2ST_Service
 .text.Add_ConsoleW2ST_Service
                0x0800454c      0x164 Application\User\sensor_service.o
                0x0800454c                Add_ConsoleW2ST_Service
 .text.Stderr_Update
                0x080046b0       0x90 Application\User\sensor_service.o
                0x080046b0                Stderr_Update
 .text.Term_Update
                0x08004740       0x9c Application\User\sensor_service.o
                0x08004740                Term_Update
 .text.Stderr_Update_AfterRead
                0x080047dc       0x48 Application\User\sensor_service.o
 .text.Term_Update_AfterRead
                0x08004824       0x9c Application\User\sensor_service.o
 .text.Add_HWServW2ST_Service
                0x080048c0      0x364 Application\User\sensor_service.o
                0x080048c0                Add_HWServW2ST_Service
 .text.Environmental_Update
                0x08004c24      0x1f0 Application\User\sensor_service.o
                0x08004c24                Environmental_Update
 .text.Batt_Environmental_Update
                0x08004e14      0x1f0 Application\User\sensor_service.o
                0x08004e14                Batt_Environmental_Update
 .text.ARMING_Update
                0x08005004       0xb8 Application\User\sensor_service.o
                0x08005004                ARMING_Update
 .text.setConnectable
                0x080050bc      0x110 Application\User\sensor_service.o
                0x080050bc                setConnectable
 .text.GAP_ConnectionComplete_CB
                0x080051cc       0x98 Application\User\sensor_service.o
 .text.GAP_DisconnectionComplete_CB
                0x08005264       0x4c Application\User\sensor_service.o
 .text.Read_Request_CB
                0x080052b0      0x128 Application\User\sensor_service.o
                0x080052b0                Read_Request_CB
 .text.Attribute_Modified_CB
                0x080053d8      0x244 Application\User\sensor_service.o
                0x080053d8                Attribute_Modified_CB
 .text.DebugConsoleCommandParsing
                0x0800561c      0x470 Application\User\sensor_service.o
 .text.ConfigCommandParsing
                0x08005a8c       0x1e Application\User\sensor_service.o
 *fill*         0x08005aaa        0x2 
 .text.HCI_Event_CB
                0x08005aac       0xe4 Application\User\sensor_service.o
                0x08005aac                HCI_Event_CB
 .text.DisableHWFeatures
                0x08005b90        0xe Application\User\sensor_service.o
 .text.HAL_MspInit
                0x08005b9e       0x1a Application\User\stm32f4xx_hal_msp.o
                0x08005b9e                HAL_MspInit
 .text.HAL_ADC_MspInit
                0x08005bb8       0x5c Application\User\stm32f4xx_hal_msp.o
                0x08005bb8                HAL_ADC_MspInit
 .text.HAL_SPI_MspInit
                0x08005c14      0x168 Application\User\stm32f4xx_hal_msp.o
                0x08005c14                HAL_SPI_MspInit
 .text.HAL_TIM_Base_MspInit
                0x08005d7c       0xfc Application\User\stm32f4xx_hal_msp.o
                0x08005d7c                HAL_TIM_Base_MspInit
 .text.HAL_UART_MspInit
                0x08005e78       0x74 Application\User\stm32f4xx_hal_msp.o
                0x08005e78                HAL_UART_MspInit
 .text.SysTick_Handler
                0x08005eec       0x10 Application\User\stm32f4xx_it.o
                0x08005eec                SysTick_Handler
 .text.TIM1_BRK_TIM9_IRQHandler
                0x08005efc       0x14 Application\User\stm32f4xx_it.o
                0x08005efc                TIM1_BRK_TIM9_IRQHandler
 .text.TIM2_IRQHandler
                0x08005f10       0x14 Application\User\stm32f4xx_it.o
                0x08005f10                TIM2_IRQHandler
 .text.SPI1_IRQHandler
                0x08005f24       0x14 Application\User\stm32f4xx_it.o
                0x08005f24                SPI1_IRQHandler
 .text.SPI2_IRQHandler
                0x08005f38       0x14 Application\User\stm32f4xx_it.o
                0x08005f38                SPI2_IRQHandler
 .text.USART1_IRQHandler
                0x08005f4c       0x14 Application\User\stm32f4xx_it.o
                0x08005f4c                USART1_IRQHandler
 .text.OTG_FS_IRQHandler
                0x08005f60       0x14 Application\User\stm32f4xx_it.o
                0x08005f60                OTG_FS_IRQHandler
 .text.EXTI4_IRQHandler
                0x08005f74        0xe Application\User\stm32f4xx_it.o
                0x08005f74                EXTI4_IRQHandler
 .text.SetupTimer
                0x08005f82       0x2e Application\User\timer.o
                0x08005f82                SetupTimer
 .text.StartTimer
                0x08005fb0       0x26 Application\User\timer.o
                0x08005fb0                StartTimer
 .text.ClearTimer
                0x08005fd6       0x1a Application\User\timer.o
                0x08005fd6                ClearTimer
 .text.TimerProcess
                0x08005ff0       0x3e Application\User\timer.o
                0x08005ff0                TimerProcess
 .text.isTimerEventExist
                0x0800602e       0x18 Application\User\timer.o
                0x0800602e                isTimerEventExist
 *fill*         0x08006046        0x2 
 .text.User_Timer_Callback
                0x08006048       0x14 Application\User\timer.o
                0x08006048                User_Timer_Callback
 .text.HAL_PCD_SetupStageCallback
                0x0800605c       0x24 Application\User\usbd_conf.o
                0x0800605c                HAL_PCD_SetupStageCallback
 .text.HAL_PCD_DataOutStageCallback
                0x08006080       0x36 Application\User\usbd_conf.o
                0x08006080                HAL_PCD_DataOutStageCallback
 .text.HAL_PCD_DataInStageCallback
                0x080060b6       0x34 Application\User\usbd_conf.o
                0x080060b6                HAL_PCD_DataInStageCallback
 .text.HAL_PCD_SOFCallback
                0x080060ea       0x1c Application\User\usbd_conf.o
                0x080060ea                HAL_PCD_SOFCallback
 .text.HAL_PCD_ResetCallback
                0x08006106       0x50 Application\User\usbd_conf.o
                0x08006106                HAL_PCD_ResetCallback
 *fill*         0x08006156        0x2 
 .text.HAL_PCD_SuspendCallback
                0x08006158       0x50 Application\User\usbd_conf.o
                0x08006158                HAL_PCD_SuspendCallback
 .text.HAL_PCD_ResumeCallback
                0x080061a8       0x1c Application\User\usbd_conf.o
                0x080061a8                HAL_PCD_ResumeCallback
 .text.HAL_PCD_ISOOUTIncompleteCallback
                0x080061c4       0x24 Application\User\usbd_conf.o
                0x080061c4                HAL_PCD_ISOOUTIncompleteCallback
 .text.HAL_PCD_ISOINIncompleteCallback
                0x080061e8       0x24 Application\User\usbd_conf.o
                0x080061e8                HAL_PCD_ISOINIncompleteCallback
 .text.HAL_PCD_ConnectCallback
                0x0800620c       0x1c Application\User\usbd_conf.o
                0x0800620c                HAL_PCD_ConnectCallback
 .text.HAL_PCD_DisconnectCallback
                0x08006228       0x1c Application\User\usbd_conf.o
                0x08006228                HAL_PCD_DisconnectCallback
 .text.USBD_LL_OpenEP
                0x08006244       0x34 Application\User\usbd_conf.o
                0x08006244                USBD_LL_OpenEP
 .text.USBD_LL_StallEP
                0x08006278       0x26 Application\User\usbd_conf.o
                0x08006278                USBD_LL_StallEP
 .text.USBD_LL_ClearStallEP
                0x0800629e       0x26 Application\User\usbd_conf.o
                0x0800629e                USBD_LL_ClearStallEP
 .text.USBD_LL_IsStallEP
                0x080062c4       0x58 Application\User\usbd_conf.o
                0x080062c4                USBD_LL_IsStallEP
 .text.USBD_LL_SetUSBAddress
                0x0800631c       0x26 Application\User\usbd_conf.o
                0x0800631c                USBD_LL_SetUSBAddress
 .text.USBD_LL_Transmit
                0x08006342       0x2e Application\User\usbd_conf.o
                0x08006342                USBD_LL_Transmit
 .text.USBD_LL_PrepareReceive
                0x08006370       0x2e Application\User\usbd_conf.o
                0x08006370                USBD_LL_PrepareReceive
 *fill*         0x0800639e        0x2 
 .text.BSP_LED_Init
                0x080063a0       0x8c Drivers\Board\steval_fcu001_v1.o
                0x080063a0                BSP_LED_Init
 .text.BSP_LED_On
                0x0800642c       0x34 Drivers\Board\steval_fcu001_v1.o
                0x0800642c                BSP_LED_On
 .text.BSP_LED_Off
                0x08006460       0x34 Drivers\Board\steval_fcu001_v1.o
                0x08006460                BSP_LED_Off
 .text.BSP_LED_Toggle
                0x08006494       0x34 Drivers\Board\steval_fcu001_v1.o
                0x08006494                BSP_LED_Toggle
 .text.Sensor_IO_SPI_Init
                0x080064c8      0x110 Drivers\Board\steval_fcu001_v1.o
                0x080064c8                Sensor_IO_SPI_Init
 .text.Sensor_IO_SPI_CS_Init_All
                0x080065d8      0x100 Drivers\Board\steval_fcu001_v1.o
                0x080065d8                Sensor_IO_SPI_CS_Init_All
 .text.Sensor_IO_SPI_CS_Init
                0x080066d8       0xfc Drivers\Board\steval_fcu001_v1.o
                0x080066d8                Sensor_IO_SPI_CS_Init
 .text.Sensor_IO_Write
                0x080067d4       0x2a Drivers\Board\steval_fcu001_v1.o
                0x080067d4                Sensor_IO_Write
 .text.Sensor_IO_Read
                0x080067fe       0x74 Drivers\Board\steval_fcu001_v1.o
                0x080067fe                Sensor_IO_Read
 *fill*         0x08006872        0x2 
 .text.Sensor_IO_SPI_Write
                0x08006874       0x60 Drivers\Board\steval_fcu001_v1.o
                0x08006874                Sensor_IO_SPI_Write
 .text.Sensor_IO_SPI_Read
                0x080068d4       0x9c Drivers\Board\steval_fcu001_v1.o
                0x080068d4                Sensor_IO_SPI_Read
 .text.Sensor_IO_SPI_CS_Enable
                0x08006970       0x5c Drivers\Board\steval_fcu001_v1.o
                0x08006970                Sensor_IO_SPI_CS_Enable
 .text.Sensor_IO_SPI_CS_Disable
                0x080069cc       0x5c Drivers\Board\steval_fcu001_v1.o
                0x080069cc                Sensor_IO_SPI_CS_Disable
 .text.LSM6DSL_Sensor_IO_ITConfig
                0x08006a28       0x10 Drivers\Board\steval_fcu001_v1.o
                0x08006a28                LSM6DSL_Sensor_IO_ITConfig
 .text.SPI_Read
                0x08006a38      0x174 Drivers\Board\steval_fcu001_v1.o
                0x08006a38                SPI_Read
 .text.SPI_Read_nBytes
                0x08006bac       0xa4 Drivers\Board\steval_fcu001_v1.o
                0x08006bac                SPI_Read_nBytes
 .text.SPI_Write
                0x08006c50       0x52 Drivers\Board\steval_fcu001_v1.o
                0x08006c50                SPI_Write
 .text.Sensor_IO_Init
                0x08006ca2       0x10 Drivers\Board\steval_fcu001_v1.o
                0x08006ca2                Sensor_IO_Init
 .text.BSP_ACCELERO_Init
                0x08006cb2       0x6e Drivers\Board\steval_fcu001_v1_accelero.o
                0x08006cb2                BSP_ACCELERO_Init
 .text.BSP_LSM6DSL_ACCELERO_Init
                0x08006d20      0x140 Drivers\Board\steval_fcu001_v1_accelero.o
 .text.BSP_LSM303AGR_ACCELERO_Init
                0x08006e60       0xe4 Drivers\Board\steval_fcu001_v1_accelero.o
 .text.BSP_ACCELERO_Sensor_Enable
                0x08006f44       0x48 Drivers\Board\steval_fcu001_v1_accelero.o
                0x08006f44                BSP_ACCELERO_Sensor_Enable
 .text.BSP_ACCELERO_Get_Axes
                0x08006f8c       0x56 Drivers\Board\steval_fcu001_v1_accelero.o
                0x08006f8c                BSP_ACCELERO_Get_Axes
 .text.BSP_ACCELERO_Set_ODR_Value
                0x08006fe2       0x50 Drivers\Board\steval_fcu001_v1_accelero.o
                0x08006fe2                BSP_ACCELERO_Set_ODR_Value
 .text.BSP_ACCELERO_Set_FS
                0x08007032       0x50 Drivers\Board\steval_fcu001_v1_accelero.o
                0x08007032                BSP_ACCELERO_Set_FS
 .text.BSP_ACCELERO_Read_Reg
                0x08007082       0x5c Drivers\Board\steval_fcu001_v1_accelero.o
                0x08007082                BSP_ACCELERO_Read_Reg
 .text.BSP_ACCELERO_Write_Reg
                0x080070de       0x54 Drivers\Board\steval_fcu001_v1_accelero.o
                0x080070de                BSP_ACCELERO_Write_Reg
 .text.BSP_GYRO_Init
                0x08007132       0x4a Drivers\Board\steval_fcu001_v1_gyro.o
                0x08007132                BSP_GYRO_Init
 .text.BSP_LSM6DSL_GYRO_Init
                0x0800717c      0x138 Drivers\Board\steval_fcu001_v1_gyro.o
 .text.BSP_GYRO_Sensor_Enable
                0x080072b4       0x48 Drivers\Board\steval_fcu001_v1_gyro.o
                0x080072b4                BSP_GYRO_Sensor_Enable
 .text.BSP_GYRO_Get_Axes
                0x080072fc       0x56 Drivers\Board\steval_fcu001_v1_gyro.o
                0x080072fc                BSP_GYRO_Get_Axes
 .text.BSP_GYRO_Write_Reg
                0x08007352       0x54 Drivers\Board\steval_fcu001_v1_gyro.o
                0x08007352                BSP_GYRO_Write_Reg
 .text.BSP_MAGNETO_Init
                0x080073a6       0x4a Drivers\Board\steval_fcu001_v1_magneto.o
                0x080073a6                BSP_MAGNETO_Init
 .text.BSP_LIS2MDL_MAGNETO_Init
                0x080073f0       0xd8 Drivers\Board\steval_fcu001_v1_magneto.o
 .text.BSP_MAGNETO_Sensor_Enable
                0x080074c8       0x48 Drivers\Board\steval_fcu001_v1_magneto.o
                0x080074c8                BSP_MAGNETO_Sensor_Enable
 .text.BSP_MAGNETO_Write_Reg
                0x08007510       0x54 Drivers\Board\steval_fcu001_v1_magneto.o
                0x08007510                BSP_MAGNETO_Write_Reg
 .text.BSP_PRESSURE_Init
                0x08007564       0x4a Drivers\Board\steval_fcu001_v1_pressure.o
                0x08007564                BSP_PRESSURE_Init
 *fill*         0x080075ae        0x2 
 .text.BSP_LPS22HB_PRESSURE_Init
                0x080075b0      0x170 Drivers\Board\steval_fcu001_v1_pressure.o
 .text.BSP_PRESSURE_Sensor_Enable
                0x08007720       0x48 Drivers\Board\steval_fcu001_v1_pressure.o
                0x08007720                BSP_PRESSURE_Sensor_Enable
 .text.BSP_PRESSURE_IsInitialized
                0x08007768       0x38 Drivers\Board\steval_fcu001_v1_pressure.o
                0x08007768                BSP_PRESSURE_IsInitialized
 .text.BSP_PRESSURE_Get_Press
                0x080077a0       0x56 Drivers\Board\steval_fcu001_v1_pressure.o
                0x080077a0                BSP_PRESSURE_Get_Press
 *fill*         0x080077f6        0x2 
 .text.SystemInit
                0x080077f8       0x6c Drivers\CMSIS\system_stm32f4xx.o
                0x080077f8                SystemInit
 .text.LIS2MDL_MAG_WriteReg
                0x08007864       0x34 Drivers\Components\LIS2MDL_MAG_driver.o
                0x08007864                LIS2MDL_MAG_WriteReg
 .text.LIS2MDL_MAG_ReadReg
                0x08007898       0x34 Drivers\Components\LIS2MDL_MAG_driver.o
                0x08007898                LIS2MDL_MAG_ReadReg
 .text.LIS2MDL_MAG_R_WhoAmI_Bits
                0x080078cc       0x3a Drivers\Components\LIS2MDL_MAG_driver.o
                0x080078cc                LIS2MDL_MAG_R_WhoAmI_Bits
 .text.LIS2MDL_MAG_W_Operating_Mode
                0x08007906       0x5a Drivers\Components\LIS2MDL_MAG_driver.o
                0x08007906                LIS2MDL_MAG_W_Operating_Mode
 .text.LIS2MDL_MAG_W_DataRate
                0x08007960       0x5a Drivers\Components\LIS2MDL_MAG_driver.o
                0x08007960                LIS2MDL_MAG_W_DataRate
 .text.LIS2MDL_MAG_R_DataRate
                0x080079ba       0x38 Drivers\Components\LIS2MDL_MAG_driver.o
                0x080079ba                LIS2MDL_MAG_R_DataRate
 .text.LIS2MDL_MAG_W_SelfTest
                0x080079f2       0x5a Drivers\Components\LIS2MDL_MAG_driver.o
                0x080079f2                LIS2MDL_MAG_W_SelfTest
 .text.LIS2MDL_MAG_W_BlockDataUpdate
                0x08007a4c       0x5a Drivers\Components\LIS2MDL_MAG_driver.o
                0x08007a4c                LIS2MDL_MAG_W_BlockDataUpdate
 .text.LIS2MDL_MAG_R_STATUS_bits
                0x08007aa6       0x32 Drivers\Components\LIS2MDL_MAG_driver.o
                0x08007aa6                LIS2MDL_MAG_R_STATUS_bits
 .text.LIS2MDL_MAG_Get_MagneticOutputs
                0x08007ad8       0x66 Drivers\Components\LIS2MDL_MAG_driver.o
                0x08007ad8                LIS2MDL_MAG_Get_MagneticOutputs
 .text.LIS2MDL_Init
                0x08007b3e       0x82 Drivers\Components\LIS2MDL_MAG_driver_HL.o
 .text.LIS2MDL_DeInit
                0x08007bc0       0x38 Drivers\Components\LIS2MDL_MAG_driver_HL.o
 .text.LIS2MDL_Sensor_Enable
                0x08007bf8       0x36 Drivers\Components\LIS2MDL_MAG_driver_HL.o
 .text.LIS2MDL_Sensor_Disable
                0x08007c2e       0x36 Drivers\Components\LIS2MDL_MAG_driver_HL.o
 .text.LIS2MDL_Get_WhoAmI
                0x08007c64       0x26 Drivers\Components\LIS2MDL_MAG_driver_HL.o
 .text.LIS2MDL_Check_WhoAmI
                0x08007c8a       0x3a Drivers\Components\LIS2MDL_MAG_driver_HL.o
 .text.LIS2MDL_Get_Axes
                0x08007cc4       0xa6 Drivers\Components\LIS2MDL_MAG_driver_HL.o
 .text.LIS2MDL_Get_AxesRaw
                0x08007d6a       0x42 Drivers\Components\LIS2MDL_MAG_driver_HL.o
 .text.LIS2MDL_Get_Sensitivity
                0x08007dac       0x20 Drivers\Components\LIS2MDL_MAG_driver_HL.o
 .text.LIS2MDL_Get_ODR
                0x08007dcc       0xa8 Drivers\Components\LIS2MDL_MAG_driver_HL.o
 .text.LIS2MDL_Set_ODR
                0x08007e74       0x6c Drivers\Components\LIS2MDL_MAG_driver_HL.o
 .text.LIS2MDL_Set_ODR_Value
                0x08007ee0       0x74 Drivers\Components\LIS2MDL_MAG_driver_HL.o
 .text.LIS2MDL_Get_FS
                0x08007f54       0x24 Drivers\Components\LIS2MDL_MAG_driver_HL.o
 .text.LIS2MDL_Set_FS
                0x08007f78       0x1a Drivers\Components\LIS2MDL_MAG_driver_HL.o
 .text.LIS2MDL_Set_FS_Value
                0x08007f92       0x1a Drivers\Components\LIS2MDL_MAG_driver_HL.o
 .text.LIS2MDL_Read_Reg
                0x08007fac       0x2e Drivers\Components\LIS2MDL_MAG_driver_HL.o
 .text.LIS2MDL_Write_Reg
                0x08007fda       0x30 Drivers\Components\LIS2MDL_MAG_driver_HL.o
 .text.LIS2MDL_Get_DRDY_Status
                0x0800800a       0x60 Drivers\Components\LIS2MDL_MAG_driver_HL.o
 .text.LIS2MDL_Get_Axes_Raw
                0x0800806a       0x5c Drivers\Components\LIS2MDL_MAG_driver_HL.o
 .text.LPS22HB_ReadReg
                0x080080c6       0x56 Drivers\Components\LPS22HB_Driver.o
                0x080080c6                LPS22HB_ReadReg
 .text.LPS22HB_WriteReg
                0x0800811c       0x56 Drivers\Components\LPS22HB_Driver.o
                0x0800811c                LPS22HB_WriteReg
 .text.LPS22HB_Get_DeviceID
                0x08008172       0x2a Drivers\Components\LPS22HB_Driver.o
                0x08008172                LPS22HB_Get_DeviceID
 .text.LPS22HB_Set_PowerMode
                0x0800819c       0x5a Drivers\Components\LPS22HB_Driver.o
                0x0800819c                LPS22HB_Set_PowerMode
 .text.LPS22HB_Set_Odr
                0x080081f6       0x5a Drivers\Components\LPS22HB_Driver.o
                0x080081f6                LPS22HB_Set_Odr
 .text.LPS22HB_Get_Odr
                0x08008250       0x38 Drivers\Components\LPS22HB_Driver.o
                0x08008250                LPS22HB_Get_Odr
 .text.LPS22HB_Set_LowPassFilter
                0x08008288       0x62 Drivers\Components\LPS22HB_Driver.o
                0x08008288                LPS22HB_Set_LowPassFilter
 .text.LPS22HB_Set_LowPassFilterCutoff
                0x080082ea       0x5a Drivers\Components\LPS22HB_Driver.o
                0x080082ea                LPS22HB_Set_LowPassFilterCutoff
 .text.LPS22HB_Set_Bdu
                0x08008344       0x5a Drivers\Components\LPS22HB_Driver.o
                0x08008344                LPS22HB_Set_Bdu
 .text.LPS22HB_Set_SpiInterface
                0x0800839e       0x5a Drivers\Components\LPS22HB_Driver.o
                0x0800839e                LPS22HB_Set_SpiInterface
 .text.LPS22HB_SwResetAndMemoryBoot
                0x080083f8       0x4c Drivers\Components\LPS22HB_Driver.o
                0x080083f8                LPS22HB_SwResetAndMemoryBoot
 .text.LPS22HB_Set_AutomaticIncrementRegAddress
                0x08008444       0x62 Drivers\Components\LPS22HB_Driver.o
                0x08008444                LPS22HB_Set_AutomaticIncrementRegAddress
 .text.LPS22HB_Set_I2C
                0x080084a6       0x66 Drivers\Components\LPS22HB_Driver.o
                0x080084a6                LPS22HB_Set_I2C
 .text.LPS22HB_Get_DataStatus
                0x0800850c       0x64 Drivers\Components\LPS22HB_Driver.o
                0x0800850c                LPS22HB_Get_DataStatus
 .text.LPS22HB_Get_RawPressure
                0x08008570       0x76 Drivers\Components\LPS22HB_Driver.o
                0x08008570                LPS22HB_Get_RawPressure
 .text.LPS22HB_Get_Pressure
                0x080085e6       0x42 Drivers\Components\LPS22HB_Driver.o
                0x080085e6                LPS22HB_Get_Pressure
 .text.LPS22HB_P_Init
                0x08008628       0x42 Drivers\Components\LPS22HB_Driver_HL.o
 .text.LPS22HB_P_DeInit
                0x0800866a       0x40 Drivers\Components\LPS22HB_Driver_HL.o
 .text.LPS22HB_P_Sensor_Enable
                0x080086aa       0x50 Drivers\Components\LPS22HB_Driver_HL.o
 .text.LPS22HB_P_Sensor_Disable
                0x080086fa       0x4e Drivers\Components\LPS22HB_Driver_HL.o
 .text.LPS22HB_P_Get_WhoAmI
                0x08008748       0x1c Drivers\Components\LPS22HB_Driver_HL.o
 .text.LPS22HB_P_Check_WhoAmI
                0x08008764       0x18 Drivers\Components\LPS22HB_Driver_HL.o
 .text.LPS22HB_P_Get_Press
                0x0800877c       0x1c Drivers\Components\LPS22HB_Driver_HL.o
 .text.LPS22HB_P_Get_ODR
                0x08008798       0x1c Drivers\Components\LPS22HB_Driver_HL.o
 .text.LPS22HB_P_Set_ODR
                0x080087b4       0x54 Drivers\Components\LPS22HB_Driver_HL.o
 .text.LPS22HB_P_Set_ODR_Value
                0x08008808       0x54 Drivers\Components\LPS22HB_Driver_HL.o
 .text.LPS22HB_P_Read_Reg
                0x0800885c       0x2e Drivers\Components\LPS22HB_Driver_HL.o
 .text.LPS22HB_P_Write_Reg
                0x0800888a       0x30 Drivers\Components\LPS22HB_Driver_HL.o
 .text.LPS22HB_P_Get_DRDY_Status
                0x080088ba       0x30 Drivers\Components\LPS22HB_Driver_HL.o
 *fill*         0x080088ea        0x2 
 .text.LPS22HB_Initialize
                0x080088ec       0xc0 Drivers\Components\LPS22HB_Driver_HL.o
 .text.LPS22HB_Get_WhoAmI
                0x080089ac       0x26 Drivers\Components\LPS22HB_Driver_HL.o
 .text.LPS22HB_Check_WhoAmI
                0x080089d2       0x3a Drivers\Components\LPS22HB_Driver_HL.o
 .text.LPS22HB_Get_Press
                0x08008a0c       0x4c Drivers\Components\LPS22HB_Driver_HL.o
 .text.LPS22HB_Get_ODR
                0x08008a58       0xa0 Drivers\Components\LPS22HB_Driver_HL.o
 .text.LPS22HB_Set_ODR_When_Enabled
                0x08008af8       0x88 Drivers\Components\LPS22HB_Driver_HL.o
 .text.LPS22HB_Set_ODR_When_Disabled
                0x08008b80       0x7c Drivers\Components\LPS22HB_Driver_HL.o
 .text.LPS22HB_Set_ODR_Value_When_Enabled
                0x08008bfc       0xa4 Drivers\Components\LPS22HB_Driver_HL.o
 .text.LPS22HB_Set_ODR_Value_When_Disabled
                0x08008ca0       0x90 Drivers\Components\LPS22HB_Driver_HL.o
 .text.LPS22HB_Read_Reg
                0x08008d30       0x2e Drivers\Components\LPS22HB_Driver_HL.o
 .text.LPS22HB_Write_Reg
                0x08008d5e       0x30 Drivers\Components\LPS22HB_Driver_HL.o
 .text.LSM303AGR_ACC_WriteReg
                0x08008d8e       0x42 Drivers\Components\LSM303AGR_ACC_driver.o
                0x08008d8e                LSM303AGR_ACC_WriteReg
 .text.LSM303AGR_ACC_ReadReg
                0x08008dd0       0x42 Drivers\Components\LSM303AGR_ACC_driver.o
                0x08008dd0                LSM303AGR_ACC_ReadReg
 .text.LSM303AGR_ACC_R_WHO_AM_I
                0x08008e12       0x3a Drivers\Components\LSM303AGR_ACC_driver.o
                0x08008e12                LSM303AGR_ACC_R_WHO_AM_I
 .text.LSM303AGR_ACC_W_BlockDataUpdate
                0x08008e4c       0x5a Drivers\Components\LSM303AGR_ACC_driver.o
                0x08008e4c                LSM303AGR_ACC_W_BlockDataUpdate
 .text.LSM303AGR_ACC_W_FullScale
                0x08008ea6       0x5a Drivers\Components\LSM303AGR_ACC_driver.o
                0x08008ea6                LSM303AGR_ACC_W_FullScale
 .text.LSM303AGR_ACC_R_FullScale
                0x08008f00       0x38 Drivers\Components\LSM303AGR_ACC_driver.o
                0x08008f00                LSM303AGR_ACC_R_FullScale
 .text.LSM303AGR_ACC_Get_Raw_Acceleration
                0x08008f38       0x66 Drivers\Components\LSM303AGR_ACC_driver.o
                0x08008f38                LSM303AGR_ACC_Get_Raw_Acceleration
 *fill*         0x08008f9e        0x2 
 .text.LSM303AGR_ACC_Get_Acceleration
                0x08008fa0      0x1c4 Drivers\Components\LSM303AGR_ACC_driver.o
                0x08008fa0                LSM303AGR_ACC_Get_Acceleration
 .text.LSM303AGR_ACC_W_ODR
                0x08009164       0x5a Drivers\Components\LSM303AGR_ACC_driver.o
                0x08009164                LSM303AGR_ACC_W_ODR
 .text.LSM303AGR_ACC_R_ODR
                0x080091be       0x38 Drivers\Components\LSM303AGR_ACC_driver.o
                0x080091be                LSM303AGR_ACC_R_ODR
 .text.LSM303AGR_ACC_W_XEN
                0x080091f6       0x5a Drivers\Components\LSM303AGR_ACC_driver.o
                0x080091f6                LSM303AGR_ACC_W_XEN
 .text.LSM303AGR_ACC_R_XEN
                0x08009250       0x38 Drivers\Components\LSM303AGR_ACC_driver.o
                0x08009250                LSM303AGR_ACC_R_XEN
 .text.LSM303AGR_ACC_W_YEN
                0x08009288       0x5a Drivers\Components\LSM303AGR_ACC_driver.o
                0x08009288                LSM303AGR_ACC_W_YEN
 .text.LSM303AGR_ACC_R_YEN
                0x080092e2       0x38 Drivers\Components\LSM303AGR_ACC_driver.o
                0x080092e2                LSM303AGR_ACC_R_YEN
 .text.LSM303AGR_ACC_W_ZEN
                0x0800931a       0x5a Drivers\Components\LSM303AGR_ACC_driver.o
                0x0800931a                LSM303AGR_ACC_W_ZEN
 .text.LSM303AGR_ACC_R_ZEN
                0x08009374       0x38 Drivers\Components\LSM303AGR_ACC_driver.o
                0x08009374                LSM303AGR_ACC_R_ZEN
 .text.LSM303AGR_ACC_R_LOWPWR_EN
                0x080093ac       0x38 Drivers\Components\LSM303AGR_ACC_driver.o
                0x080093ac                LSM303AGR_ACC_R_LOWPWR_EN
 .text.LSM303AGR_ACC_R_HiRes
                0x080093e4       0x38 Drivers\Components\LSM303AGR_ACC_driver.o
                0x080093e4                LSM303AGR_ACC_R_HiRes
 .text.LSM303AGR_ACC_R_XDataAvail
                0x0800941c       0x38 Drivers\Components\LSM303AGR_ACC_driver.o
                0x0800941c                LSM303AGR_ACC_R_XDataAvail
 .text.LSM303AGR_ACC_W_FifoMode
                0x08009454       0x5a Drivers\Components\LSM303AGR_ACC_driver.o
                0x08009454                LSM303AGR_ACC_W_FifoMode
 *fill*         0x080094ae        0x2 
 .text.LSM303AGR_X_Init
                0x080094b0       0xb4 Drivers\Components\LSM303AGR_ACC_driver_HL.o
 .text.LSM303AGR_X_DeInit
                0x08009564       0x4c Drivers\Components\LSM303AGR_ACC_driver_HL.o
 .text.LSM303AGR_X_Sensor_Enable
                0x080095b0       0x4a Drivers\Components\LSM303AGR_ACC_driver_HL.o
 .text.LSM303AGR_X_Sensor_Disable
                0x080095fa       0x56 Drivers\Components\LSM303AGR_ACC_driver_HL.o
 .text.LSM303AGR_X_Get_WhoAmI
                0x08009650       0x26 Drivers\Components\LSM303AGR_ACC_driver_HL.o
 .text.LSM303AGR_X_Check_WhoAmI
                0x08009676       0x3a Drivers\Components\LSM303AGR_ACC_driver_HL.o
 .text.LSM303AGR_X_Get_Axes
                0x080096b0       0x3c Drivers\Components\LSM303AGR_ACC_driver_HL.o
 .text.LSM303AGR_X_Get_AxesRaw
                0x080096ec       0x42 Drivers\Components\LSM303AGR_ACC_driver_HL.o
 .text.LSM303AGR_X_Get_Sensitivity
                0x0800972e       0x88 Drivers\Components\LSM303AGR_ACC_driver_HL.o
 *fill*         0x080097b6        0x2 
 .text.LSM303AGR_X_Get_ODR
                0x080097b8       0xc4 Drivers\Components\LSM303AGR_ACC_driver_HL.o
 .text.LSM303AGR_X_Set_ODR
                0x0800987c       0x46 Drivers\Components\LSM303AGR_ACC_driver_HL.o
 .text.LSM303AGR_X_Set_ODR_Value
                0x080098c2       0x46 Drivers\Components\LSM303AGR_ACC_driver_HL.o
 .text.LSM303AGR_X_Get_FS
                0x08009908       0x7c Drivers\Components\LSM303AGR_ACC_driver_HL.o
 .text.LSM303AGR_X_Set_FS
                0x08009984       0x4e Drivers\Components\LSM303AGR_ACC_driver_HL.o
 .text.LSM303AGR_X_Set_FS_Value
                0x080099d2       0x70 Drivers\Components\LSM303AGR_ACC_driver_HL.o
 .text.LSM303AGR_X_Get_Axes_Status
                0x08009a42       0x8c Drivers\Components\LSM303AGR_ACC_driver_HL.o
 .text.LSM303AGR_X_Set_Axes_Status
                0x08009ace       0x78 Drivers\Components\LSM303AGR_ACC_driver_HL.o
 .text.LSM303AGR_X_Read_Reg
                0x08009b46       0x2e Drivers\Components\LSM303AGR_ACC_driver_HL.o
 .text.LSM303AGR_X_Write_Reg
                0x08009b74       0x30 Drivers\Components\LSM303AGR_ACC_driver_HL.o
 .text.LSM303AGR_X_Get_DRDY_Status
                0x08009ba4       0x48 Drivers\Components\LSM303AGR_ACC_driver_HL.o
 .text.LSM303AGR_X_Get_Axes_Raw
                0x08009bec       0xce Drivers\Components\LSM303AGR_ACC_driver_HL.o
 *fill*         0x08009cba        0x2 
 .text.LSM303AGR_X_Set_ODR_When_Enabled
                0x08009cbc       0x6c Drivers\Components\LSM303AGR_ACC_driver_HL.o
 .text.LSM303AGR_X_Set_ODR_When_Disabled
                0x08009d28       0x84 Drivers\Components\LSM303AGR_ACC_driver_HL.o
 .text.LSM303AGR_X_Set_ODR_Value_When_Enabled
                0x08009dac       0xc0 Drivers\Components\LSM303AGR_ACC_driver_HL.o
 .text.LSM303AGR_X_Set_ODR_Value_When_Disabled
                0x08009e6c       0xd8 Drivers\Components\LSM303AGR_ACC_driver_HL.o
 .text.LSM303AGR_X_Get_Sensitivity_Normal_Mode
                0x08009f44       0x84 Drivers\Components\LSM303AGR_ACC_driver_HL.o
 .text.LSM303AGR_X_Get_Sensitivity_LP_Mode
                0x08009fc8       0x84 Drivers\Components\LSM303AGR_ACC_driver_HL.o
 .text.LSM303AGR_X_Get_Sensitivity_HR_Mode
                0x0800a04c       0x84 Drivers\Components\LSM303AGR_ACC_driver_HL.o
 .text.LSM6DSL_ACC_GYRO_ReadReg
                0x0800a0d0       0x34 Drivers\Components\LSM6DSL_ACC_GYRO_driver.o
                0x0800a0d0                LSM6DSL_ACC_GYRO_ReadReg
 .text.LSM6DSL_ACC_GYRO_WriteReg
                0x0800a104       0x34 Drivers\Components\LSM6DSL_ACC_GYRO_driver.o
                0x0800a104                LSM6DSL_ACC_GYRO_WriteReg
 .text.LSM6DSL_ACC_GYRO_R_WHO_AM_I
                0x0800a138       0x3a Drivers\Components\LSM6DSL_ACC_GYRO_driver.o
                0x0800a138                LSM6DSL_ACC_GYRO_R_WHO_AM_I
 .text.LSM6DSL_ACC_GYRO_W_BDU
                0x0800a172       0x5a Drivers\Components\LSM6DSL_ACC_GYRO_driver.o
                0x0800a172                LSM6DSL_ACC_GYRO_W_BDU
 .text.LSM6DSL_ACC_GYRO_W_FS_XL
                0x0800a1cc       0x5a Drivers\Components\LSM6DSL_ACC_GYRO_driver.o
                0x0800a1cc                LSM6DSL_ACC_GYRO_W_FS_XL
 .text.LSM6DSL_ACC_GYRO_R_FS_XL
                0x0800a226       0x38 Drivers\Components\LSM6DSL_ACC_GYRO_driver.o
                0x0800a226                LSM6DSL_ACC_GYRO_R_FS_XL
 .text.LSM6DSL_ACC_GYRO_GetRawAccData
                0x0800a25e       0x66 Drivers\Components\LSM6DSL_ACC_GYRO_driver.o
                0x0800a25e                LSM6DSL_ACC_GYRO_GetRawAccData
 .text.LSM6DSL_ACC_GYRO_W_ODR_XL
                0x0800a2c4       0x5a Drivers\Components\LSM6DSL_ACC_GYRO_driver.o
                0x0800a2c4                LSM6DSL_ACC_GYRO_W_ODR_XL
 .text.LSM6DSL_ACC_GYRO_R_ODR_XL
                0x0800a31e       0x38 Drivers\Components\LSM6DSL_ACC_GYRO_driver.o
                0x0800a31e                LSM6DSL_ACC_GYRO_R_ODR_XL
 .text.LSM6DSL_ACC_GYRO_W_FS_G
                0x0800a356       0x5a Drivers\Components\LSM6DSL_ACC_GYRO_driver.o
                0x0800a356                LSM6DSL_ACC_GYRO_W_FS_G
 .text.LSM6DSL_ACC_GYRO_R_FS_G
                0x0800a3b0       0x38 Drivers\Components\LSM6DSL_ACC_GYRO_driver.o
                0x0800a3b0                LSM6DSL_ACC_GYRO_R_FS_G
 .text.LSM6DSL_ACC_GYRO_GetRawGyroData
                0x0800a3e8       0x66 Drivers\Components\LSM6DSL_ACC_GYRO_driver.o
                0x0800a3e8                LSM6DSL_ACC_GYRO_GetRawGyroData
 .text.LSM6DSL_ACC_GYRO_W_ODR_G
                0x0800a44e       0x5a Drivers\Components\LSM6DSL_ACC_GYRO_driver.o
                0x0800a44e                LSM6DSL_ACC_GYRO_W_ODR_G
 .text.LSM6DSL_ACC_GYRO_R_ODR_G
                0x0800a4a8       0x38 Drivers\Components\LSM6DSL_ACC_GYRO_driver.o
                0x0800a4a8                LSM6DSL_ACC_GYRO_R_ODR_G
 .text.LSM6DSL_ACC_GYRO_W_FS_125
                0x0800a4e0       0x5a Drivers\Components\LSM6DSL_ACC_GYRO_driver.o
                0x0800a4e0                LSM6DSL_ACC_GYRO_W_FS_125
 .text.LSM6DSL_ACC_GYRO_R_FS_125
                0x0800a53a       0x38 Drivers\Components\LSM6DSL_ACC_GYRO_driver.o
                0x0800a53a                LSM6DSL_ACC_GYRO_R_FS_125
 .text.LSM6DSL_ACC_GYRO_W_EmbeddedAccess
                0x0800a572       0x5a Drivers\Components\LSM6DSL_ACC_GYRO_driver.o
                0x0800a572                LSM6DSL_ACC_GYRO_W_EmbeddedAccess
 .text.LSM6DSL_ACC_GYRO_W_FIFO_Watermark
                0x0800a5cc       0xac Drivers\Components\LSM6DSL_ACC_GYRO_driver.o
                0x0800a5cc                LSM6DSL_ACC_GYRO_W_FIFO_Watermark
 .text.LSM6DSL_ACC_GYRO_W_DEC_FIFO_XL
                0x0800a678       0x5a Drivers\Components\LSM6DSL_ACC_GYRO_driver.o
                0x0800a678                LSM6DSL_ACC_GYRO_W_DEC_FIFO_XL
 .text.LSM6DSL_ACC_GYRO_W_STOP_ON_FTH
                0x0800a6d2       0x5a Drivers\Components\LSM6DSL_ACC_GYRO_driver.o
                0x0800a6d2                LSM6DSL_ACC_GYRO_W_STOP_ON_FTH
 .text.LSM6DSL_ACC_GYRO_W_FIFO_MODE
                0x0800a72c       0x5a Drivers\Components\LSM6DSL_ACC_GYRO_driver.o
                0x0800a72c                LSM6DSL_ACC_GYRO_W_FIFO_MODE
 .text.LSM6DSL_ACC_GYRO_W_ODR_FIFO
                0x0800a786       0x5a Drivers\Components\LSM6DSL_ACC_GYRO_driver.o
                0x0800a786                LSM6DSL_ACC_GYRO_W_ODR_FIFO
 .text.LSM6DSL_ACC_GYRO_W_FULL_FLAG_on_INT1
                0x0800a7e0       0x5a Drivers\Components\LSM6DSL_ACC_GYRO_driver.o
                0x0800a7e0                LSM6DSL_ACC_GYRO_W_FULL_FLAG_on_INT1
 .text.LSM6DSL_ACC_GYRO_W_STEP_DET_on_INT1
                0x0800a83a       0x5a Drivers\Components\LSM6DSL_ACC_GYRO_driver.o
                0x0800a83a                LSM6DSL_ACC_GYRO_W_STEP_DET_on_INT1
 .text.LSM6DSL_ACC_GYRO_W_IF_Addr_Incr
                0x0800a894       0x5a Drivers\Components\LSM6DSL_ACC_GYRO_driver.o
                0x0800a894                LSM6DSL_ACC_GYRO_W_IF_Addr_Incr
 .text.LSM6DSL_ACC_GYRO_W_I2C_DISABLE
                0x0800a8ee       0x5a Drivers\Components\LSM6DSL_ACC_GYRO_driver.o
                0x0800a8ee                LSM6DSL_ACC_GYRO_W_I2C_DISABLE
 .text.LSM6DSL_ACC_GYRO_W_SelfTest_XL
                0x0800a948       0x5a Drivers\Components\LSM6DSL_ACC_GYRO_driver.o
                0x0800a948                LSM6DSL_ACC_GYRO_W_SelfTest_XL
 .text.LSM6DSL_ACC_GYRO_W_LP_BW_G
                0x0800a9a2       0x5a Drivers\Components\LSM6DSL_ACC_GYRO_driver.o
                0x0800a9a2                LSM6DSL_ACC_GYRO_W_LP_BW_G
 .text.LSM6DSL_ACC_GYRO_W_InComposit
                0x0800a9fc       0x5a Drivers\Components\LSM6DSL_ACC_GYRO_driver.o
                0x0800a9fc                LSM6DSL_ACC_GYRO_W_InComposit
 .text.LSM6DSL_ACC_GYRO_W_HPCF_XL
                0x0800aa56       0x5a Drivers\Components\LSM6DSL_ACC_GYRO_driver.o
                0x0800aa56                LSM6DSL_ACC_GYRO_W_HPCF_XL
 .text.LSM6DSL_ACC_GYRO_W_LowPassFiltSel_XL
                0x0800aab0       0x5a Drivers\Components\LSM6DSL_ACC_GYRO_driver.o
                0x0800aab0                LSM6DSL_ACC_GYRO_W_LowPassFiltSel_XL
 .text.LSM6DSL_ACC_GYRO_W_PedoStepReset
                0x0800ab0a       0x5a Drivers\Components\LSM6DSL_ACC_GYRO_driver.o
                0x0800ab0a                LSM6DSL_ACC_GYRO_W_PedoStepReset
 .text.LSM6DSL_ACC_GYRO_W_TILT
                0x0800ab64       0x5a Drivers\Components\LSM6DSL_ACC_GYRO_driver.o
                0x0800ab64                LSM6DSL_ACC_GYRO_W_TILT
 .text.LSM6DSL_ACC_GYRO_W_PEDO
                0x0800abbe       0x5a Drivers\Components\LSM6DSL_ACC_GYRO_driver.o
                0x0800abbe                LSM6DSL_ACC_GYRO_W_PEDO
 .text.LSM6DSL_ACC_GYRO_W_FUNC_EN
                0x0800ac18       0x5a Drivers\Components\LSM6DSL_ACC_GYRO_driver.o
                0x0800ac18                LSM6DSL_ACC_GYRO_W_FUNC_EN
 .text.LSM6DSL_ACC_GYRO_R_WU_EV_STATUS
                0x0800ac72       0x38 Drivers\Components\LSM6DSL_ACC_GYRO_driver.o
                0x0800ac72                LSM6DSL_ACC_GYRO_R_WU_EV_STATUS
 .text.LSM6DSL_ACC_GYRO_R_FF_EV_STATUS
                0x0800acaa       0x38 Drivers\Components\LSM6DSL_ACC_GYRO_driver.o
                0x0800acaa                LSM6DSL_ACC_GYRO_R_FF_EV_STATUS
 .text.LSM6DSL_ACC_GYRO_R_DOUBLE_TAP_EV_STATUS
                0x0800ace2       0x38 Drivers\Components\LSM6DSL_ACC_GYRO_driver.o
                0x0800ace2                LSM6DSL_ACC_GYRO_R_DOUBLE_TAP_EV_STATUS
 .text.LSM6DSL_ACC_GYRO_R_SINGLE_TAP_EV_STATUS
                0x0800ad1a       0x38 Drivers\Components\LSM6DSL_ACC_GYRO_driver.o
                0x0800ad1a                LSM6DSL_ACC_GYRO_R_SINGLE_TAP_EV_STATUS
 .text.LSM6DSL_ACC_GYRO_R_DSD_XL
                0x0800ad52       0x38 Drivers\Components\LSM6DSL_ACC_GYRO_driver.o
                0x0800ad52                LSM6DSL_ACC_GYRO_R_DSD_XL
 .text.LSM6DSL_ACC_GYRO_R_DSD_XH
                0x0800ad8a       0x38 Drivers\Components\LSM6DSL_ACC_GYRO_driver.o
                0x0800ad8a                LSM6DSL_ACC_GYRO_R_DSD_XH
 .text.LSM6DSL_ACC_GYRO_R_DSD_YL
                0x0800adc2       0x38 Drivers\Components\LSM6DSL_ACC_GYRO_driver.o
                0x0800adc2                LSM6DSL_ACC_GYRO_R_DSD_YL
 .text.LSM6DSL_ACC_GYRO_R_DSD_YH
                0x0800adfa       0x38 Drivers\Components\LSM6DSL_ACC_GYRO_driver.o
                0x0800adfa                LSM6DSL_ACC_GYRO_R_DSD_YH
 .text.LSM6DSL_ACC_GYRO_R_DSD_ZL
                0x0800ae32       0x38 Drivers\Components\LSM6DSL_ACC_GYRO_driver.o
                0x0800ae32                LSM6DSL_ACC_GYRO_R_DSD_ZL
 .text.LSM6DSL_ACC_GYRO_R_DSD_ZH
                0x0800ae6a       0x38 Drivers\Components\LSM6DSL_ACC_GYRO_driver.o
                0x0800ae6a                LSM6DSL_ACC_GYRO_R_DSD_ZH
 .text.LSM6DSL_ACC_GYRO_R_D6D_EV_STATUS
                0x0800aea2       0x38 Drivers\Components\LSM6DSL_ACC_GYRO_driver.o
                0x0800aea2                LSM6DSL_ACC_GYRO_R_D6D_EV_STATUS
 .text.LSM6DSL_ACC_GYRO_R_XLDA
                0x0800aeda       0x38 Drivers\Components\LSM6DSL_ACC_GYRO_driver.o
                0x0800aeda                LSM6DSL_ACC_GYRO_R_XLDA
 .text.LSM6DSL_ACC_GYRO_R_GDA
                0x0800af12       0x38 Drivers\Components\LSM6DSL_ACC_GYRO_driver.o
                0x0800af12                LSM6DSL_ACC_GYRO_R_GDA
 .text.LSM6DSL_ACC_GYRO_R_FIFONumOfEntries
                0x0800af4a       0x6e Drivers\Components\LSM6DSL_ACC_GYRO_driver.o
                0x0800af4a                LSM6DSL_ACC_GYRO_R_FIFONumOfEntries
 .text.LSM6DSL_ACC_GYRO_R_FIFOEmpty
                0x0800afb8       0x38 Drivers\Components\LSM6DSL_ACC_GYRO_driver.o
                0x0800afb8                LSM6DSL_ACC_GYRO_R_FIFOEmpty
 .text.LSM6DSL_ACC_GYRO_R_FIFOFull
                0x0800aff0       0x38 Drivers\Components\LSM6DSL_ACC_GYRO_driver.o
                0x0800aff0                LSM6DSL_ACC_GYRO_R_FIFOFull
 .text.LSM6DSL_ACC_GYRO_R_OVERRUN
                0x0800b028       0x38 Drivers\Components\LSM6DSL_ACC_GYRO_driver.o
                0x0800b028                LSM6DSL_ACC_GYRO_R_OVERRUN
 .text.LSM6DSL_ACC_GYRO_R_FIFOPattern
                0x0800b060       0x6e Drivers\Components\LSM6DSL_ACC_GYRO_driver.o
                0x0800b060                LSM6DSL_ACC_GYRO_R_FIFOPattern
 .text.LSM6DSL_ACC_GYRO_R_PEDO_EV_STATUS
                0x0800b0ce       0x38 Drivers\Components\LSM6DSL_ACC_GYRO_driver.o
                0x0800b0ce                LSM6DSL_ACC_GYRO_R_PEDO_EV_STATUS
 .text.LSM6DSL_ACC_GYRO_R_TILT_EV_STATUS
                0x0800b106       0x38 Drivers\Components\LSM6DSL_ACC_GYRO_driver.o
                0x0800b106                LSM6DSL_ACC_GYRO_R_TILT_EV_STATUS
 .text.LSM6DSL_ACC_GYRO_W_LIR
                0x0800b13e       0x5a Drivers\Components\LSM6DSL_ACC_GYRO_driver.o
                0x0800b13e                LSM6DSL_ACC_GYRO_W_LIR
 .text.LSM6DSL_ACC_GYRO_W_TAP_Z_EN
                0x0800b198       0x5a Drivers\Components\LSM6DSL_ACC_GYRO_driver.o
                0x0800b198                LSM6DSL_ACC_GYRO_W_TAP_Z_EN
 .text.LSM6DSL_ACC_GYRO_W_TAP_Y_EN
                0x0800b1f2       0x5a Drivers\Components\LSM6DSL_ACC_GYRO_driver.o
                0x0800b1f2                LSM6DSL_ACC_GYRO_W_TAP_Y_EN
 .text.LSM6DSL_ACC_GYRO_W_TAP_X_EN
                0x0800b24c       0x5a Drivers\Components\LSM6DSL_ACC_GYRO_driver.o
                0x0800b24c                LSM6DSL_ACC_GYRO_W_TAP_X_EN
 .text.LSM6DSL_ACC_GYRO_W_BASIC_INT
                0x0800b2a6       0x5a Drivers\Components\LSM6DSL_ACC_GYRO_driver.o
                0x0800b2a6                LSM6DSL_ACC_GYRO_W_BASIC_INT
 .text.LSM6DSL_ACC_GYRO_W_TAP_THS
                0x0800b300       0x62 Drivers\Components\LSM6DSL_ACC_GYRO_driver.o
                0x0800b300                LSM6DSL_ACC_GYRO_W_TAP_THS
 .text.LSM6DSL_ACC_GYRO_W_SIXD_THS
                0x0800b362       0x5a Drivers\Components\LSM6DSL_ACC_GYRO_driver.o
                0x0800b362                LSM6DSL_ACC_GYRO_W_SIXD_THS
 .text.LSM6DSL_ACC_GYRO_W_SHOCK_Duration
                0x0800b3bc       0x62 Drivers\Components\LSM6DSL_ACC_GYRO_driver.o
                0x0800b3bc                LSM6DSL_ACC_GYRO_W_SHOCK_Duration
 .text.LSM6DSL_ACC_GYRO_W_QUIET_Duration
                0x0800b41e       0x68 Drivers\Components\LSM6DSL_ACC_GYRO_driver.o
                0x0800b41e                LSM6DSL_ACC_GYRO_W_QUIET_Duration
 .text.LSM6DSL_ACC_GYRO_W_DUR
                0x0800b486       0x68 Drivers\Components\LSM6DSL_ACC_GYRO_driver.o
                0x0800b486                LSM6DSL_ACC_GYRO_W_DUR
 .text.LSM6DSL_ACC_GYRO_W_WK_THS
                0x0800b4ee       0x62 Drivers\Components\LSM6DSL_ACC_GYRO_driver.o
                0x0800b4ee                LSM6DSL_ACC_GYRO_W_WK_THS
 .text.LSM6DSL_ACC_GYRO_W_SINGLE_DOUBLE_TAP_EV
                0x0800b550       0x5a Drivers\Components\LSM6DSL_ACC_GYRO_driver.o
                0x0800b550                LSM6DSL_ACC_GYRO_W_SINGLE_DOUBLE_TAP_EV
 .text.LSM6DSL_ACC_GYRO_W_SLEEP_DUR
                0x0800b5aa       0x62 Drivers\Components\LSM6DSL_ACC_GYRO_driver.o
                0x0800b5aa                LSM6DSL_ACC_GYRO_W_SLEEP_DUR
 .text.LSM6DSL_ACC_GYRO_W_TIMER_HR
                0x0800b60c       0x5a Drivers\Components\LSM6DSL_ACC_GYRO_driver.o
                0x0800b60c                LSM6DSL_ACC_GYRO_W_TIMER_HR
 .text.LSM6DSL_ACC_GYRO_W_WAKE_DUR
                0x0800b666       0x68 Drivers\Components\LSM6DSL_ACC_GYRO_driver.o
                0x0800b666                LSM6DSL_ACC_GYRO_W_WAKE_DUR
 .text.LSM6DSL_ACC_GYRO_W_FF_THS
                0x0800b6ce       0x5a Drivers\Components\LSM6DSL_ACC_GYRO_driver.o
                0x0800b6ce                LSM6DSL_ACC_GYRO_W_FF_THS
 .text.LSM6DSL_ACC_GYRO_W_FF_Duration
                0x0800b728       0xce Drivers\Components\LSM6DSL_ACC_GYRO_driver.o
                0x0800b728                LSM6DSL_ACC_GYRO_W_FF_Duration
 .text.LSM6DSL_ACC_GYRO_W_TiltEvOnInt1
                0x0800b7f6       0x5a Drivers\Components\LSM6DSL_ACC_GYRO_driver.o
                0x0800b7f6                LSM6DSL_ACC_GYRO_W_TiltEvOnInt1
 .text.LSM6DSL_ACC_GYRO_W_6DEvOnInt1
                0x0800b850       0x5a Drivers\Components\LSM6DSL_ACC_GYRO_driver.o
                0x0800b850                LSM6DSL_ACC_GYRO_W_6DEvOnInt1
 .text.LSM6DSL_ACC_GYRO_W_TapEvOnInt1
                0x0800b8aa       0x5a Drivers\Components\LSM6DSL_ACC_GYRO_driver.o
                0x0800b8aa                LSM6DSL_ACC_GYRO_W_TapEvOnInt1
 .text.LSM6DSL_ACC_GYRO_W_FFEvOnInt1
                0x0800b904       0x5a Drivers\Components\LSM6DSL_ACC_GYRO_driver.o
                0x0800b904                LSM6DSL_ACC_GYRO_W_FFEvOnInt1
 .text.LSM6DSL_ACC_GYRO_W_WUEvOnInt1
                0x0800b95e       0x5a Drivers\Components\LSM6DSL_ACC_GYRO_driver.o
                0x0800b95e                LSM6DSL_ACC_GYRO_W_WUEvOnInt1
 .text.LSM6DSL_ACC_GYRO_W_SingleTapOnInt1
                0x0800b9b8       0x5a Drivers\Components\LSM6DSL_ACC_GYRO_driver.o
                0x0800b9b8                LSM6DSL_ACC_GYRO_W_SingleTapOnInt1
 .text.LSM6DSL_ACC_GYRO_Get_GetFIFOData
                0x0800ba12       0x66 Drivers\Components\LSM6DSL_ACC_GYRO_driver.o
                0x0800ba12                LSM6DSL_ACC_GYRO_Get_GetFIFOData
 .text.LSM6DSL_ACC_GYRO_Get_GetStepCounter
                0x0800ba78       0x66 Drivers\Components\LSM6DSL_ACC_GYRO_driver.o
                0x0800ba78                LSM6DSL_ACC_GYRO_Get_GetStepCounter
 .text.LSM6DSL_ACC_GYRO_W_PedoThreshold
                0x0800bade       0x62 Drivers\Components\LSM6DSL_ACC_GYRO_driver.o
                0x0800bade                LSM6DSL_ACC_GYRO_W_PedoThreshold
 .text.LSM6DSL_X_Init
                0x0800bb40       0xa4 Drivers\Components\LSM6DSL_ACC_GYRO_driver_HL.o
 .text.LSM6DSL_X_DeInit
                0x0800bbe4       0xc8 Drivers\Components\LSM6DSL_ACC_GYRO_driver_HL.o
 .text.LSM6DSL_X_Sensor_Enable
                0x0800bcac       0x4a Drivers\Components\LSM6DSL_ACC_GYRO_driver_HL.o
 .text.LSM6DSL_X_Sensor_Disable
                0x0800bcf6       0x58 Drivers\Components\LSM6DSL_ACC_GYRO_driver_HL.o
 .text.LSM6DSL_X_Get_WhoAmI
                0x0800bd4e       0x1c Drivers\Components\LSM6DSL_ACC_GYRO_driver_HL.o
 .text.LSM6DSL_X_Check_WhoAmI
                0x0800bd6a       0x18 Drivers\Components\LSM6DSL_ACC_GYRO_driver_HL.o
 .text.LSM6DSL_X_Get_Axes
                0x0800bd82       0xa6 Drivers\Components\LSM6DSL_ACC_GYRO_driver_HL.o
 .text.LSM6DSL_X_Get_AxesRaw
                0x0800be28       0x42 Drivers\Components\LSM6DSL_ACC_GYRO_driver_HL.o
 *fill*         0x0800be6a        0x2 
 .text.LSM6DSL_X_Get_Sensitivity
                0x0800be6c       0xa8 Drivers\Components\LSM6DSL_ACC_GYRO_driver_HL.o
 .text.LSM6DSL_X_Get_ODR
                0x0800bf14       0xfc Drivers\Components\LSM6DSL_ACC_GYRO_driver_HL.o
 .text.LSM6DSL_X_Set_ODR
                0x0800c010       0x46 Drivers\Components\LSM6DSL_ACC_GYRO_driver_HL.o
 .text.LSM6DSL_X_Set_ODR_Value
                0x0800c056       0x46 Drivers\Components\LSM6DSL_ACC_GYRO_driver_HL.o
 .text.LSM6DSL_X_Get_FS
                0x0800c09c       0xa0 Drivers\Components\LSM6DSL_ACC_GYRO_driver_HL.o
 .text.LSM6DSL_X_Set_FS
                0x0800c13c       0x4e Drivers\Components\LSM6DSL_ACC_GYRO_driver_HL.o
 .text.LSM6DSL_X_Set_FS_Value
                0x0800c18a       0x70 Drivers\Components\LSM6DSL_ACC_GYRO_driver_HL.o
 .text.LSM6DSL_X_Read_Reg
                0x0800c1fa       0x2e Drivers\Components\LSM6DSL_ACC_GYRO_driver_HL.o
 .text.LSM6DSL_X_Write_Reg
                0x0800c228       0x30 Drivers\Components\LSM6DSL_ACC_GYRO_driver_HL.o
 .text.LSM6DSL_X_Get_DRDY_Status
                0x0800c258       0x48 Drivers\Components\LSM6DSL_ACC_GYRO_driver_HL.o
 .text.LSM6DSL_G_Init
                0x0800c2a0       0xa4 Drivers\Components\LSM6DSL_ACC_GYRO_driver_HL.o
 .text.LSM6DSL_G_DeInit
                0x0800c344       0x58 Drivers\Components\LSM6DSL_ACC_GYRO_driver_HL.o
 .text.LSM6DSL_G_Sensor_Enable
                0x0800c39c       0x4a Drivers\Components\LSM6DSL_ACC_GYRO_driver_HL.o
 .text.LSM6DSL_G_Sensor_Disable
                0x0800c3e6       0x58 Drivers\Components\LSM6DSL_ACC_GYRO_driver_HL.o
 .text.LSM6DSL_G_Get_WhoAmI
                0x0800c43e       0x1c Drivers\Components\LSM6DSL_ACC_GYRO_driver_HL.o
 .text.LSM6DSL_G_Check_WhoAmI
                0x0800c45a       0x18 Drivers\Components\LSM6DSL_ACC_GYRO_driver_HL.o
 .text.LSM6DSL_G_Get_Axes
                0x0800c472       0xa6 Drivers\Components\LSM6DSL_ACC_GYRO_driver_HL.o
 .text.LSM6DSL_G_Get_AxesRaw
                0x0800c518       0x42 Drivers\Components\LSM6DSL_ACC_GYRO_driver_HL.o
 *fill*         0x0800c55a        0x2 
 .text.LSM6DSL_G_Get_Sensitivity
                0x0800c55c       0xd0 Drivers\Components\LSM6DSL_ACC_GYRO_driver_HL.o
 .text.LSM6DSL_G_Get_ODR
                0x0800c62c       0xfc Drivers\Components\LSM6DSL_ACC_GYRO_driver_HL.o
 .text.LSM6DSL_G_Set_ODR
                0x0800c728       0x46 Drivers\Components\LSM6DSL_ACC_GYRO_driver_HL.o
 .text.LSM6DSL_G_Set_ODR_Value
                0x0800c76e       0x46 Drivers\Components\LSM6DSL_ACC_GYRO_driver_HL.o
 .text.LSM6DSL_G_Get_FS
                0x0800c7b4       0xd0 Drivers\Components\LSM6DSL_ACC_GYRO_driver_HL.o
 .text.LSM6DSL_G_Set_FS
                0x0800c884       0x4e Drivers\Components\LSM6DSL_ACC_GYRO_driver_HL.o
 *fill*         0x0800c8d2        0x2 
 .text.LSM6DSL_G_Set_FS_Value
                0x0800c8d4       0xb8 Drivers\Components\LSM6DSL_ACC_GYRO_driver_HL.o
 .text.LSM6DSL_G_Read_Reg
                0x0800c98c       0x2e Drivers\Components\LSM6DSL_ACC_GYRO_driver_HL.o
 .text.LSM6DSL_G_Write_Reg
                0x0800c9ba       0x30 Drivers\Components\LSM6DSL_ACC_GYRO_driver_HL.o
 .text.LSM6DSL_G_Get_DRDY_Status
                0x0800c9ea       0x48 Drivers\Components\LSM6DSL_ACC_GYRO_driver_HL.o
 .text.LSM6DSL_Get_WhoAmI
                0x0800ca32       0x26 Drivers\Components\LSM6DSL_ACC_GYRO_driver_HL.o
 .text.LSM6DSL_Check_WhoAmI
                0x0800ca58       0x3a Drivers\Components\LSM6DSL_ACC_GYRO_driver_HL.o
 .text.LSM6DSL_Read_Reg
                0x0800ca92       0x2e Drivers\Components\LSM6DSL_ACC_GYRO_driver_HL.o
 .text.LSM6DSL_Write_Reg
                0x0800cac0       0x30 Drivers\Components\LSM6DSL_ACC_GYRO_driver_HL.o
 .text.LSM6DSL_Set_Interrupt_Latch
                0x0800caf0       0x38 Drivers\Components\LSM6DSL_ACC_GYRO_driver_HL.o
 .text.LSM6DSL_X_Get_Axes_Raw
                0x0800cb28       0x7a Drivers\Components\LSM6DSL_ACC_GYRO_driver_HL.o
 *fill*         0x0800cba2        0x2 
 .text.LSM6DSL_X_Set_ODR_When_Enabled
                0x0800cba4       0x6c Drivers\Components\LSM6DSL_ACC_GYRO_driver_HL.o
 .text.LSM6DSL_X_Set_ODR_When_Disabled
                0x0800cc10       0x84 Drivers\Components\LSM6DSL_ACC_GYRO_driver_HL.o
 .text.LSM6DSL_X_Set_ODR_Value_When_Enabled
                0x0800cc94      0x110 Drivers\Components\LSM6DSL_ACC_GYRO_driver_HL.o
 .text.LSM6DSL_X_Set_ODR_Value_When_Disabled
                0x0800cda4      0x138 Drivers\Components\LSM6DSL_ACC_GYRO_driver_HL.o
 .text.LSM6DSL_G_Get_Axes_Raw
                0x0800cedc       0x7a Drivers\Components\LSM6DSL_ACC_GYRO_driver_HL.o
 *fill*         0x0800cf56        0x2 
 .text.LSM6DSL_G_Set_ODR_When_Enabled
                0x0800cf58       0x6c Drivers\Components\LSM6DSL_ACC_GYRO_driver_HL.o
 .text.LSM6DSL_G_Set_ODR_When_Disabled
                0x0800cfc4       0x84 Drivers\Components\LSM6DSL_ACC_GYRO_driver_HL.o
 .text.LSM6DSL_G_Set_ODR_Value_When_Enabled
                0x0800d048      0x110 Drivers\Components\LSM6DSL_ACC_GYRO_driver_HL.o
 .text.LSM6DSL_G_Set_ODR_Value_When_Disabled
                0x0800d158      0x138 Drivers\Components\LSM6DSL_ACC_GYRO_driver_HL.o
 .text.LSM6DSL_X_Enable_Free_Fall_Detection
                0x0800d290       0xbc Drivers\Components\LSM6DSL_ACC_GYRO_driver_HL.o
 .text.LSM6DSL_X_Disable_Free_Fall_Detection
                0x0800d34c       0x5a Drivers\Components\LSM6DSL_ACC_GYRO_driver_HL.o
 .text.LSM6DSL_X_Get_Free_Fall_Detection_Status
                0x0800d3a6       0x48 Drivers\Components\LSM6DSL_ACC_GYRO_driver_HL.o
 .text.LSM6DSL_X_Set_Free_Fall_Threshold
                0x0800d3ee       0x2a Drivers\Components\LSM6DSL_ACC_GYRO_driver_HL.o
 .text.LSM6DSL_X_Enable_Pedometer
                0x0800d418       0x80 Drivers\Components\LSM6DSL_ACC_GYRO_driver_HL.o
 .text.LSM6DSL_X_Disable_Pedometer
                0x0800d498       0x5a Drivers\Components\LSM6DSL_ACC_GYRO_driver_HL.o
 .text.LSM6DSL_X_Get_Pedometer_Status
                0x0800d4f2       0x48 Drivers\Components\LSM6DSL_ACC_GYRO_driver_HL.o
 .text.LSM6DSL_X_Get_Step_Count
                0x0800d53a       0x26 Drivers\Components\LSM6DSL_ACC_GYRO_driver_HL.o
 .text.LSM6DSL_X_Enable_Step_Counter_Reset
                0x0800d560       0x24 Drivers\Components\LSM6DSL_ACC_GYRO_driver_HL.o
 .text.LSM6DSL_X_Disable_Step_Counter_Reset
                0x0800d584       0x24 Drivers\Components\LSM6DSL_ACC_GYRO_driver_HL.o
 .text.LSM6DSL_X_Set_Pedometer_Threshold
                0x0800d5a8       0x2a Drivers\Components\LSM6DSL_ACC_GYRO_driver_HL.o
 .text.LSM6DSL_X_Enable_Tilt_Detection
                0x0800d5d2       0x6e Drivers\Components\LSM6DSL_ACC_GYRO_driver_HL.o
 .text.LSM6DSL_X_Disable_Tilt_Detection
                0x0800d640       0x48 Drivers\Components\LSM6DSL_ACC_GYRO_driver_HL.o
 .text.LSM6DSL_X_Get_Tilt_Detection_Status
                0x0800d688       0x48 Drivers\Components\LSM6DSL_ACC_GYRO_driver_HL.o
 .text.LSM6DSL_X_Enable_Wake_Up_Detection
                0x0800d6d0       0x84 Drivers\Components\LSM6DSL_ACC_GYRO_driver_HL.o
 .text.LSM6DSL_X_Disable_Wake_Up_Detection
                0x0800d754       0x5a Drivers\Components\LSM6DSL_ACC_GYRO_driver_HL.o
 .text.LSM6DSL_X_Get_Wake_Up_Detection_Status
                0x0800d7ae       0x48 Drivers\Components\LSM6DSL_ACC_GYRO_driver_HL.o
 .text.LSM6DSL_X_Set_Wake_Up_Threshold
                0x0800d7f6       0x2a Drivers\Components\LSM6DSL_ACC_GYRO_driver_HL.o
 .text.LSM6DSL_X_Enable_Single_Tap_Detection
                0x0800d820       0xcc Drivers\Components\LSM6DSL_ACC_GYRO_driver_HL.o
 .text.LSM6DSL_X_Disable_Single_Tap_Detection
                0x0800d8ec       0xa2 Drivers\Components\LSM6DSL_ACC_GYRO_driver_HL.o
 .text.LSM6DSL_X_Get_Single_Tap_Detection_Status
                0x0800d98e       0x48 Drivers\Components\LSM6DSL_ACC_GYRO_driver_HL.o
 *fill*         0x0800d9d6        0x2 
 .text.LSM6DSL_X_Enable_Double_Tap_Detection
                0x0800d9d8       0xf0 Drivers\Components\LSM6DSL_ACC_GYRO_driver_HL.o
 .text.LSM6DSL_X_Disable_Double_Tap_Detection
                0x0800dac8       0xc6 Drivers\Components\LSM6DSL_ACC_GYRO_driver_HL.o
 .text.LSM6DSL_X_Get_Double_Tap_Detection_Status
                0x0800db8e       0x48 Drivers\Components\LSM6DSL_ACC_GYRO_driver_HL.o
 .text.LSM6DSL_X_Set_Tap_Threshold
                0x0800dbd6       0x2a Drivers\Components\LSM6DSL_ACC_GYRO_driver_HL.o
 .text.LSM6DSL_X_Set_Tap_Shock_Time
                0x0800dc00       0x2a Drivers\Components\LSM6DSL_ACC_GYRO_driver_HL.o
 .text.LSM6DSL_X_Set_Tap_Quiet_Time
                0x0800dc2a       0x2a Drivers\Components\LSM6DSL_ACC_GYRO_driver_HL.o
 .text.LSM6DSL_X_Set_Tap_Duration_Time
                0x0800dc54       0x2a Drivers\Components\LSM6DSL_ACC_GYRO_driver_HL.o
 *fill*         0x0800dc7e        0x2 
 .text.LSM6DSL_X_Enable_6D_Orientation
                0x0800dc80       0x74 Drivers\Components\LSM6DSL_ACC_GYRO_driver_HL.o
 .text.LSM6DSL_X_Disable_6D_Orientation
                0x0800dcf4       0x48 Drivers\Components\LSM6DSL_ACC_GYRO_driver_HL.o
 .text.LSM6DSL_X_Get_6D_Orientation_Status
                0x0800dd3c       0x48 Drivers\Components\LSM6DSL_ACC_GYRO_driver_HL.o
 .text.LSM6DSL_X_Get_6D_Orientation_XL
                0x0800dd84       0x48 Drivers\Components\LSM6DSL_ACC_GYRO_driver_HL.o
 .text.LSM6DSL_X_Get_6D_Orientation_XH
                0x0800ddcc       0x48 Drivers\Components\LSM6DSL_ACC_GYRO_driver_HL.o
 .text.LSM6DSL_X_Get_6D_Orientation_YL
                0x0800de14       0x48 Drivers\Components\LSM6DSL_ACC_GYRO_driver_HL.o
 .text.LSM6DSL_X_Get_6D_Orientation_YH
                0x0800de5c       0x48 Drivers\Components\LSM6DSL_ACC_GYRO_driver_HL.o
 .text.LSM6DSL_X_Get_6D_Orientation_ZL
                0x0800dea4       0x48 Drivers\Components\LSM6DSL_ACC_GYRO_driver_HL.o
 .text.LSM6DSL_X_Get_6D_Orientation_ZH
                0x0800deec       0x48 Drivers\Components\LSM6DSL_ACC_GYRO_driver_HL.o
 .text.LSM6DSL_FIFO_Set_ODR_Value
                0x0800df34      0x110 Drivers\Components\LSM6DSL_ACC_GYRO_driver_HL.o
 .text.LSM6DSL_FIFO_Get_Full_Status
                0x0800e044       0x4a Drivers\Components\LSM6DSL_ACC_GYRO_driver_HL.o
 .text.LSM6DSL_FIFO_Get_Empty_Status
                0x0800e08e       0x4a Drivers\Components\LSM6DSL_ACC_GYRO_driver_HL.o
 .text.LSM6DSL_FIFO_Get_Overrun_Status
                0x0800e0d8       0x4a Drivers\Components\LSM6DSL_ACC_GYRO_driver_HL.o
 .text.LSM6DSL_FIFO_Get_Pattern
                0x0800e122       0x26 Drivers\Components\LSM6DSL_ACC_GYRO_driver_HL.o
 .text.LSM6DSL_FIFO_Get_Data
                0x0800e148       0x26 Drivers\Components\LSM6DSL_ACC_GYRO_driver_HL.o
 .text.LSM6DSL_FIFO_Get_Num_Of_Samples
                0x0800e16e       0x26 Drivers\Components\LSM6DSL_ACC_GYRO_driver_HL.o
 .text.LSM6DSL_FIFO_X_Set_Decimation
                0x0800e194       0x38 Drivers\Components\LSM6DSL_ACC_GYRO_driver_HL.o
 .text.LSM6DSL_FIFO_X_Get_Axis
                0x0800e1cc       0x78 Drivers\Components\LSM6DSL_ACC_GYRO_driver_HL.o
 .text.LSM6DSL_FIFO_Set_Mode
                0x0800e244       0x58 Drivers\Components\LSM6DSL_ACC_GYRO_driver_HL.o
 .text.LSM6DSL_FIFO_Set_INT1_FIFO_Full
                0x0800e29c       0x3a Drivers\Components\LSM6DSL_ACC_GYRO_driver_HL.o
 .text.LSM6DSL_FIFO_Set_Watermark_Level
                0x0800e2d6       0x2a Drivers\Components\LSM6DSL_ACC_GYRO_driver_HL.o
 .text.LSM6DSL_FIFO_Set_Stop_On_Fth
                0x0800e300       0x3a Drivers\Components\LSM6DSL_ACC_GYRO_driver_HL.o
 .text.LSM6DSL_X_Set_Interrupt_Latch
                0x0800e33a       0x20 Drivers\Components\LSM6DSL_ACC_GYRO_driver_HL.o
 .text.LSM6DSL_X_Set_SelfTest
                0x0800e35a       0x38 Drivers\Components\LSM6DSL_ACC_GYRO_driver_HL.o
 *fill*         0x0800e392        0x2 
 .text.HAL_GPIO_EXTI_Callback
                0x0800e394       0x2c Drivers\Components\SPBTLE_RF.o
                0x0800e394                HAL_GPIO_EXTI_Callback
 .text.Hal_Write_Serial
                0x0800e3c0       0x5c Drivers\Components\SPBTLE_RF.o
                0x0800e3c0                Hal_Write_Serial
 .text.BNRG_SPI_Init
                0x0800e41c       0x64 Drivers\Components\SPBTLE_RF.o
                0x0800e41c                BNRG_SPI_Init
 .text.BlueNRG_RST
                0x0800e480       0x2c Drivers\Components\SPBTLE_RF.o
                0x0800e480                BlueNRG_RST
 .text.BlueNRG_DataPresent
                0x0800e4ac       0x20 Drivers\Components\SPBTLE_RF.o
                0x0800e4ac                BlueNRG_DataPresent
 .text.BlueNRG_SPI_Read_All
                0x0800e4cc       0xec Drivers\Components\SPBTLE_RF.o
                0x0800e4cc                BlueNRG_SPI_Read_All
 .text.BlueNRG_SPI_Write
                0x0800e5b8      0x150 Drivers\Components\SPBTLE_RF.o
                0x0800e5b8                BlueNRG_SPI_Write
 .text.set_irq_as_output
                0x0800e708       0x38 Drivers\Components\SPBTLE_RF.o
                0x0800e708                set_irq_as_output
 .text.set_irq_as_input
                0x0800e740       0x44 Drivers\Components\SPBTLE_RF.o
                0x0800e740                set_irq_as_input
 .text.us150Delay
                0x0800e784       0x28 Drivers\Components\SPBTLE_RF.o
 .text.Enable_SPI_IRQ
                0x0800e7ac        0xe Drivers\Components\SPBTLE_RF.o
                0x0800e7ac                Enable_SPI_IRQ
 .text.Disable_SPI_IRQ
                0x0800e7ba        0xe Drivers\Components\SPBTLE_RF.o
                0x0800e7ba                Disable_SPI_IRQ
 .text.Clear_SPI_EXTI_Flag
                0x0800e7c8       0x18 Drivers\Components\SPBTLE_RF.o
                0x0800e7c8                Clear_SPI_EXTI_Flag
 .text.HAL_Init
                0x0800e7e0       0x44 Drivers\STM32F4xx_HAL_Driver\stm32f4xx_hal.o
                0x0800e7e0                HAL_Init
 .text.HAL_InitTick
                0x0800e824       0x38 Drivers\STM32F4xx_HAL_Driver\stm32f4xx_hal.o
                0x0800e824                HAL_InitTick
 .text.HAL_IncTick
                0x0800e85c       0x1c Drivers\STM32F4xx_HAL_Driver\stm32f4xx_hal.o
                0x0800e85c                HAL_IncTick
 .text.HAL_GetTick
                0x0800e878       0x18 Drivers\STM32F4xx_HAL_Driver\stm32f4xx_hal.o
                0x0800e878                HAL_GetTick
 .text.HAL_Delay
                0x0800e890       0x2c Drivers\STM32F4xx_HAL_Driver\stm32f4xx_hal.o
                0x0800e890                HAL_Delay
 .text.HAL_GetHalVersion
                0x0800e8bc       0x12 Drivers\STM32F4xx_HAL_Driver\stm32f4xx_hal.o
                0x0800e8bc                HAL_GetHalVersion
 .text.HAL_ADC_Init
                0x0800e8ce       0x86 Drivers\STM32F4xx_HAL_Driver\stm32f4xx_hal_adc.o
                0x0800e8ce                HAL_ADC_Init
 .text.HAL_ADC_Start
                0x0800e954      0x148 Drivers\STM32F4xx_HAL_Driver\stm32f4xx_hal_adc.o
                0x0800e954                HAL_ADC_Start
 .text.HAL_ADC_Stop
                0x0800ea9c       0x66 Drivers\STM32F4xx_HAL_Driver\stm32f4xx_hal_adc.o
                0x0800ea9c                HAL_ADC_Stop
 .text.HAL_ADC_PollForConversion
                0x0800eb02      0x104 Drivers\STM32F4xx_HAL_Driver\stm32f4xx_hal_adc.o
                0x0800eb02                HAL_ADC_PollForConversion
 .text.HAL_ADC_GetValue
                0x0800ec06       0x1a Drivers\STM32F4xx_HAL_Driver\stm32f4xx_hal_adc.o
                0x0800ec06                HAL_ADC_GetValue
 .text.HAL_ADC_ConfigChannel
                0x0800ec20      0x244 Drivers\STM32F4xx_HAL_Driver\stm32f4xx_hal_adc.o
                0x0800ec20                HAL_ADC_ConfigChannel
 .text.ADC_Init
                0x0800ee64      0x204 Drivers\STM32F4xx_HAL_Driver\stm32f4xx_hal_adc.o
 .text.NVIC_SetPriorityGrouping
                0x0800f068       0x48 Drivers\STM32F4xx_HAL_Driver\stm32f4xx_hal_cortex.o
 .text.NVIC_GetPriorityGrouping
                0x0800f0b0       0x1c Drivers\STM32F4xx_HAL_Driver\stm32f4xx_hal_cortex.o
 .text.NVIC_EnableIRQ
                0x0800f0cc       0x34 Drivers\STM32F4xx_HAL_Driver\stm32f4xx_hal_cortex.o
 .text.NVIC_DisableIRQ
                0x0800f100       0x34 Drivers\STM32F4xx_HAL_Driver\stm32f4xx_hal_cortex.o
 .text.NVIC_SetPriority
                0x0800f134       0x54 Drivers\STM32F4xx_HAL_Driver\stm32f4xx_hal_cortex.o
 .text.NVIC_EncodePriority
                0x0800f188       0x62 Drivers\STM32F4xx_HAL_Driver\stm32f4xx_hal_cortex.o
 *fill*         0x0800f1ea        0x2 
 .text.SysTick_Config
                0x0800f1ec       0x44 Drivers\STM32F4xx_HAL_Driver\stm32f4xx_hal_cortex.o
 .text.HAL_NVIC_SetPriorityGrouping
                0x0800f230       0x16 Drivers\STM32F4xx_HAL_Driver\stm32f4xx_hal_cortex.o
                0x0800f230                HAL_NVIC_SetPriorityGrouping
 .text.HAL_NVIC_SetPriority
                0x0800f246       0x38 Drivers\STM32F4xx_HAL_Driver\stm32f4xx_hal_cortex.o
                0x0800f246                HAL_NVIC_SetPriority
 .text.HAL_NVIC_EnableIRQ
                0x0800f27e       0x1c Drivers\STM32F4xx_HAL_Driver\stm32f4xx_hal_cortex.o
                0x0800f27e                HAL_NVIC_EnableIRQ
 .text.HAL_NVIC_DisableIRQ
                0x0800f29a       0x1c Drivers\STM32F4xx_HAL_Driver\stm32f4xx_hal_cortex.o
                0x0800f29a                HAL_NVIC_DisableIRQ
 .text.HAL_SYSTICK_Config
                0x0800f2b6       0x18 Drivers\STM32F4xx_HAL_Driver\stm32f4xx_hal_cortex.o
                0x0800f2b6                HAL_SYSTICK_Config
 *fill*         0x0800f2ce        0x2 
 .text.HAL_SYSTICK_CLKSourceConfig
                0x0800f2d0       0x38 Drivers\STM32F4xx_HAL_Driver\stm32f4xx_hal_cortex.o
                0x0800f2d0                HAL_SYSTICK_CLKSourceConfig
 .text.HAL_SYSTICK_IRQHandler
                0x0800f308        0xc Drivers\STM32F4xx_HAL_Driver\stm32f4xx_hal_cortex.o
                0x0800f308                HAL_SYSTICK_IRQHandler
 .text.HAL_DMA_Abort_IT
                0x0800f314       0x44 Drivers\STM32F4xx_HAL_Driver\stm32f4xx_hal_dma.o
                0x0800f314                HAL_DMA_Abort_IT
 .text.HAL_GPIO_Init
                0x0800f358      0x304 Drivers\STM32F4xx_HAL_Driver\stm32f4xx_hal_gpio.o
                0x0800f358                HAL_GPIO_Init
 .text.HAL_GPIO_ReadPin
                0x0800f65c       0x30 Drivers\STM32F4xx_HAL_Driver\stm32f4xx_hal_gpio.o
                0x0800f65c                HAL_GPIO_ReadPin
 .text.HAL_GPIO_WritePin
                0x0800f68c       0x32 Drivers\STM32F4xx_HAL_Driver\stm32f4xx_hal_gpio.o
                0x0800f68c                HAL_GPIO_WritePin
 .text.HAL_GPIO_TogglePin
                0x0800f6be       0x24 Drivers\STM32F4xx_HAL_Driver\stm32f4xx_hal_gpio.o
                0x0800f6be                HAL_GPIO_TogglePin
 *fill*         0x0800f6e2        0x2 
 .text.HAL_GPIO_EXTI_IRQHandler
                0x0800f6e4       0x30 Drivers\STM32F4xx_HAL_Driver\stm32f4xx_hal_gpio.o
                0x0800f6e4                HAL_GPIO_EXTI_IRQHandler
 .text.HAL_PCD_IRQHandler
                0x0800f714      0x910 Drivers\STM32F4xx_HAL_Driver\stm32f4xx_hal_pcd.o
                0x0800f714                HAL_PCD_IRQHandler
 .text.HAL_PCD_SetAddress
                0x08010024       0x42 Drivers\STM32F4xx_HAL_Driver\stm32f4xx_hal_pcd.o
                0x08010024                HAL_PCD_SetAddress
 .text.HAL_PCD_EP_Open
                0x08010066       0xd0 Drivers\STM32F4xx_HAL_Driver\stm32f4xx_hal_pcd.o
                0x08010066                HAL_PCD_EP_Open
 .text.HAL_PCD_EP_Receive
                0x08010136       0xb2 Drivers\STM32F4xx_HAL_Driver\stm32f4xx_hal_pcd.o
                0x08010136                HAL_PCD_EP_Receive
 .text.HAL_PCD_EP_Transmit
                0x080101e8       0xb0 Drivers\STM32F4xx_HAL_Driver\stm32f4xx_hal_pcd.o
                0x080101e8                HAL_PCD_EP_Transmit
 .text.HAL_PCD_EP_SetStall
                0x08010298       0xb6 Drivers\STM32F4xx_HAL_Driver\stm32f4xx_hal_pcd.o
                0x08010298                HAL_PCD_EP_SetStall
 .text.HAL_PCD_EP_ClrStall
                0x0801034e       0x96 Drivers\STM32F4xx_HAL_Driver\stm32f4xx_hal_pcd.o
                0x0801034e                HAL_PCD_EP_ClrStall
 .text.PCD_WriteEmptyTxFifo
                0x080103e4      0x104 Drivers\STM32F4xx_HAL_Driver\stm32f4xx_hal_pcd.o
 .text.HAL_RCC_OscConfig
                0x080104e8      0x4b4 Drivers\STM32F4xx_HAL_Driver\stm32f4xx_hal_rcc.o
                0x080104e8                HAL_RCC_OscConfig
 .text.HAL_RCC_ClockConfig
                0x0801099c      0x224 Drivers\STM32F4xx_HAL_Driver\stm32f4xx_hal_rcc.o
                0x0801099c                HAL_RCC_ClockConfig
 .text.HAL_RCC_GetSysClockFreq
                0x08010bc0       0xf8 Drivers\STM32F4xx_HAL_Driver\stm32f4xx_hal_rcc.o
                0x08010bc0                HAL_RCC_GetSysClockFreq
 .text.HAL_RCC_GetHCLKFreq
                0x08010cb8       0x18 Drivers\STM32F4xx_HAL_Driver\stm32f4xx_hal_rcc.o
                0x08010cb8                HAL_RCC_GetHCLKFreq
 .text.HAL_RCC_GetPCLK1Freq
                0x08010cd0       0x44 Drivers\STM32F4xx_HAL_Driver\stm32f4xx_hal_rcc.o
                0x08010cd0                HAL_RCC_GetPCLK1Freq
 .text.HAL_RCC_GetPCLK2Freq
                0x08010d14       0x44 Drivers\STM32F4xx_HAL_Driver\stm32f4xx_hal_rcc.o
                0x08010d14                HAL_RCC_GetPCLK2Freq
 .text.HAL_SPI_Init
                0x08010d58       0xc6 Drivers\STM32F4xx_HAL_Driver\stm32f4xx_hal_spi.o
                0x08010d58                HAL_SPI_Init
 .text.HAL_SPI_TransmitReceive
                0x08010e1e      0x33e Drivers\STM32F4xx_HAL_Driver\stm32f4xx_hal_spi.o
                0x08010e1e                HAL_SPI_TransmitReceive
 .text.HAL_SPI_IRQHandler
                0x0801115c      0x1b0 Drivers\STM32F4xx_HAL_Driver\stm32f4xx_hal_spi.o
                0x0801115c                HAL_SPI_IRQHandler
 .text.HAL_SPI_ErrorCallback
                0x0801130c       0x14 Drivers\STM32F4xx_HAL_Driver\stm32f4xx_hal_spi.o
                0x0801130c                HAL_SPI_ErrorCallback
 .text.HAL_SPI_GetState
                0x08011320       0x1c Drivers\STM32F4xx_HAL_Driver\stm32f4xx_hal_spi.o
                0x08011320                HAL_SPI_GetState
 .text.SPI_DMAAbortOnError
                0x0801133c       0x28 Drivers\STM32F4xx_HAL_Driver\stm32f4xx_hal_spi.o
 .text.SPI_WaitFlagStateUntilTimeout
                0x08011364       0xd2 Drivers\STM32F4xx_HAL_Driver\stm32f4xx_hal_spi.o
 .text.SPI_CheckFlag_BSY
                0x08011436       0x3c Drivers\STM32F4xx_HAL_Driver\stm32f4xx_hal_spi.o
 .text.HAL_TIM_Base_Init
                0x08011472       0x56 Drivers\STM32F4xx_HAL_Driver\stm32f4xx_hal_tim.o
                0x08011472                HAL_TIM_Base_Init
 .text.HAL_TIM_Base_Start_IT
                0x080114c8       0x36 Drivers\STM32F4xx_HAL_Driver\stm32f4xx_hal_tim.o
                0x080114c8                HAL_TIM_Base_Start_IT
 .text.HAL_TIM_PWM_Init
                0x080114fe       0x56 Drivers\STM32F4xx_HAL_Driver\stm32f4xx_hal_tim.o
                0x080114fe                HAL_TIM_PWM_Init
 .text.HAL_TIM_PWM_MspInit
                0x08011554       0x14 Drivers\STM32F4xx_HAL_Driver\stm32f4xx_hal_tim.o
                0x08011554                HAL_TIM_PWM_MspInit
 .text.HAL_TIM_PWM_Start
                0x08011568       0x50 Drivers\STM32F4xx_HAL_Driver\stm32f4xx_hal_tim.o
                0x08011568                HAL_TIM_PWM_Start
 .text.HAL_TIM_IC_Init
                0x080115b8       0x56 Drivers\STM32F4xx_HAL_Driver\stm32f4xx_hal_tim.o
                0x080115b8                HAL_TIM_IC_Init
 .text.HAL_TIM_IC_MspInit
                0x0801160e       0x14 Drivers\STM32F4xx_HAL_Driver\stm32f4xx_hal_tim.o
                0x0801160e                HAL_TIM_IC_MspInit
 *fill*         0x08011622        0x2 
 .text.HAL_TIM_IC_Start_IT
                0x08011624       0xc0 Drivers\STM32F4xx_HAL_Driver\stm32f4xx_hal_tim.o
                0x08011624                HAL_TIM_IC_Start_IT
 .text.HAL_TIM_IRQHandler
                0x080116e4      0x210 Drivers\STM32F4xx_HAL_Driver\stm32f4xx_hal_tim.o
                0x080116e4                HAL_TIM_IRQHandler
 .text.HAL_TIM_IC_ConfigChannel
                0x080118f4      0x138 Drivers\STM32F4xx_HAL_Driver\stm32f4xx_hal_tim.o
                0x080118f4                HAL_TIM_IC_ConfigChannel
 .text.HAL_TIM_PWM_ConfigChannel
                0x08011a2c      0x18c Drivers\STM32F4xx_HAL_Driver\stm32f4xx_hal_tim.o
                0x08011a2c                HAL_TIM_PWM_ConfigChannel
 .text.HAL_TIM_ConfigClockSource
                0x08011bb8      0x1b6 Drivers\STM32F4xx_HAL_Driver\stm32f4xx_hal_tim.o
                0x08011bb8                HAL_TIM_ConfigClockSource
 .text.HAL_TIM_OC_DelayElapsedCallback
                0x08011d6e       0x14 Drivers\STM32F4xx_HAL_Driver\stm32f4xx_hal_tim.o
                0x08011d6e                HAL_TIM_OC_DelayElapsedCallback
 .text.HAL_TIM_PWM_PulseFinishedCallback
                0x08011d82       0x14 Drivers\STM32F4xx_HAL_Driver\stm32f4xx_hal_tim.o
                0x08011d82                HAL_TIM_PWM_PulseFinishedCallback
 .text.HAL_TIM_TriggerCallback
                0x08011d96       0x14 Drivers\STM32F4xx_HAL_Driver\stm32f4xx_hal_tim.o
                0x08011d96                HAL_TIM_TriggerCallback
 *fill*         0x08011daa        0x2 
 .text.TIM_Base_SetConfig
                0x08011dac      0x108 Drivers\STM32F4xx_HAL_Driver\stm32f4xx_hal_tim.o
                0x08011dac                TIM_Base_SetConfig
 .text.TIM_TI1_SetConfig
                0x08011eb4       0xe0 Drivers\STM32F4xx_HAL_Driver\stm32f4xx_hal_tim.o
                0x08011eb4                TIM_TI1_SetConfig
 .text.TIM_OC2_SetConfig
                0x08011f94       0xdc Drivers\STM32F4xx_HAL_Driver\stm32f4xx_hal_tim.o
                0x08011f94                TIM_OC2_SetConfig
 .text.TIM_CCxChannelCmd
                0x08012070       0x46 Drivers\STM32F4xx_HAL_Driver\stm32f4xx_hal_tim.o
                0x08012070                TIM_CCxChannelCmd
 *fill*         0x080120b6        0x2 
 .text.TIM_OC1_SetConfig
                0x080120b8       0xd0 Drivers\STM32F4xx_HAL_Driver\stm32f4xx_hal_tim.o
 .text.TIM_OC3_SetConfig
                0x08012188       0xd8 Drivers\STM32F4xx_HAL_Driver\stm32f4xx_hal_tim.o
 .text.TIM_OC4_SetConfig
                0x08012260       0xac Drivers\STM32F4xx_HAL_Driver\stm32f4xx_hal_tim.o
 .text.TIM_TI1_ConfigInputStage
                0x0801230c       0x66 Drivers\STM32F4xx_HAL_Driver\stm32f4xx_hal_tim.o
 .text.TIM_TI2_SetConfig
                0x08012372       0x82 Drivers\STM32F4xx_HAL_Driver\stm32f4xx_hal_tim.o
 .text.TIM_TI2_ConfigInputStage
                0x080123f4       0x68 Drivers\STM32F4xx_HAL_Driver\stm32f4xx_hal_tim.o
 .text.TIM_TI3_SetConfig
                0x0801245c       0x80 Drivers\STM32F4xx_HAL_Driver\stm32f4xx_hal_tim.o
 .text.TIM_TI4_SetConfig
                0x080124dc       0x82 Drivers\STM32F4xx_HAL_Driver\stm32f4xx_hal_tim.o
 .text.TIM_ITRx_SetConfig
                0x0801255e       0x40 Drivers\STM32F4xx_HAL_Driver\stm32f4xx_hal_tim.o
 .text.TIM_ETR_SetConfig
                0x0801259e       0x44 Drivers\STM32F4xx_HAL_Driver\stm32f4xx_hal_tim.o
 .text.HAL_TIMEx_MasterConfigSynchronization
                0x080125e2       0x8a Drivers\STM32F4xx_HAL_Driver\stm32f4xx_hal_tim_ex.o
                0x080125e2                HAL_TIMEx_MasterConfigSynchronization
 .text.HAL_TIMEx_CommutationCallback
                0x0801266c       0x14 Drivers\STM32F4xx_HAL_Driver\stm32f4xx_hal_tim_ex.o
                0x0801266c                HAL_TIMEx_CommutationCallback
 .text.HAL_TIMEx_BreakCallback