bluenrg_gap_aci.c:31:12:aci_gap_init_IDB05A1	56	static
bluenrg_gap_aci.c:65:12:aci_gap_init_IDB04A1	64	static
bluenrg_gap_aci.c:97:12:aci_gap_set_non_discoverable	40	static
bluenrg_gap_aci.c:114:12:aci_gap_set_limited_discoverable	96	static
bluenrg_gap_aci.c:177:12:aci_gap_set_discoverable	96	static
bluenrg_gap_aci.c:245:12:aci_gap_set_direct_connectable_IDB05A1	64	static
bluenrg_gap_aci.c:274:12:aci_gap_set_direct_connectable_IDB04A1	56	static
bluenrg_gap_aci.c:298:12:aci_gap_set_io_capability	48	static
bluenrg_gap_aci.c:320:12:aci_gap_set_auth_requirement	72	static
bluenrg_gap_aci.c:360:12:aci_gap_set_author_requirement	48	static
bluenrg_gap_aci.c:383:12:aci_gap_pass_key_response	56	static
bluenrg_gap_aci.c:407:12:aci_gap_authorization_response	48	static
bluenrg_gap_aci.c:430:12:aci_gap_set_non_connectable_IDB05A1	48	static
bluenrg_gap_aci.c:453:12:aci_gap_set_non_connectable_IDB04A1	48	static
bluenrg_gap_aci.c:475:12:aci_gap_set_undirected_connectable	48	static
bluenrg_gap_aci.c:498:12:aci_gap_slave_security_request	48	static
bluenrg_gap_aci.c:524:12:aci_gap_update_adv_data	80	static
bluenrg_gap_aci.c:554:12:aci_gap_delete_ad_type	48	static
bluenrg_gap_aci.c:576:12:aci_gap_get_security_level	56	static
bluenrg_gap_aci.c:605:12:aci_gap_configure_whitelist	40	static
bluenrg_gap_aci.c:622:12:aci_gap_terminate	48	static
bluenrg_gap_aci.c:646:12:aci_gap_clear_security_database	40	static
bluenrg_gap_aci.c:663:12:aci_gap_allow_rebond_IDB05A1	48	static
bluenrg_gap_aci.c:685:12:aci_gap_allow_rebond_IDB04A1	40	static
bluenrg_gap_aci.c:702:12:aci_gap_start_limited_discovery_proc	64	static
bluenrg_gap_aci.c:729:12:aci_gap_start_general_discovery_proc	64	static
bluenrg_gap_aci.c:757:12:aci_gap_start_name_discovery_proc	80	static
bluenrg_gap_aci.c:795:12:aci_gap_start_auto_conn_establish_proc_IDB05A1	184	static
bluenrg_gap_aci.c:867:12:aci_gap_start_auto_conn_establish_proc_IDB04A1	184	static
bluenrg_gap_aci.c:947:12:aci_gap_start_general_conn_establish_proc_IDB05A1	64	static
bluenrg_gap_aci.c:975:12:aci_gap_start_general_conn_establish_proc_IDB04A1	72	static
bluenrg_gap_aci.c:1005:12:aci_gap_start_selective_conn_establish_proc	184	static
bluenrg_gap_aci.c:1040:12:aci_gap_create_connection	80	static
bluenrg_gap_aci.c:1078:12:aci_gap_terminate_gap_procedure	48	static
bluenrg_gap_aci.c:1098:12:aci_gap_start_connection_update	72	static
bluenrg_gap_aci.c:1130:12:aci_gap_send_pairing_request	48	static
bluenrg_gap_aci.c:1154:12:aci_gap_resolve_private_address_IDB05A1	56	static
bluenrg_gap_aci.c:1181:12:aci_gap_resolve_private_address_IDB04A1	56	static
bluenrg_gap_aci.c:1203:12:aci_gap_set_broadcast_mode	184	static
bluenrg_gap_aci.c:1243:12:aci_gap_start_observation_procedure	64	static
bluenrg_gap_aci.c:1271:12:aci_gap_is_device_bonded	56	static
bluenrg_gap_aci.c:1294:12:aci_gap_get_bonded_devices	176	static
